Component: ARM Compiler 5.05 update 1 (build 106) Tool: armlink [4d0efa]

==============================================================================

Section Cross References

    stm32f0xx_hal_spi.o(i.HAL_SPI_DMAStop) refers to stm32f0xx_hal_dma.o(i.HAL_DMA_Abort) for HAL_DMA_Abort
    stm32f0xx_hal_spi.o(i.HAL_SPI_DeInit) refers to stm32f0xx_hal_msp.o(i.HAL_SPI_MspDeInit) for HAL_SPI_MspDeInit
    stm32f0xx_hal_spi.o(i.HAL_SPI_IRQHandler) refers to stm32f0xx_hal_spi.o(i.HAL_SPI_ErrorCallback) for HAL_SPI_ErrorCallback
    stm32f0xx_hal_spi.o(i.HAL_SPI_Init) refers to stm32f0xx_hal_msp.o(i.HAL_SPI_MspInit) for HAL_SPI_MspInit
    stm32f0xx_hal_spi.o(i.HAL_SPI_Receive) refers to stm32f0xx_hal.o(i.HAL_GetTick) for HAL_GetTick
    stm32f0xx_hal_spi.o(i.HAL_SPI_Receive) refers to stm32f0xx_hal_spi.o(i.HAL_SPI_TransmitReceive) for HAL_SPI_TransmitReceive
    stm32f0xx_hal_spi.o(i.HAL_SPI_Receive) refers to stm32f0xx_hal_spi.o(i._Z29SPI_WaitFlagStateUntilTimeoutP19__SPI_HandleTypeDefjjj) for SPI_WaitFlagStateUntilTimeout(__SPI_HandleTypeDef*, unsigned, unsigned, unsigned)
    stm32f0xx_hal_spi.o(i.HAL_SPI_Receive) refers to stm32f0xx_hal_spi.o(i._Z20SPI_EndRxTransactionP19__SPI_HandleTypeDefj) for SPI_EndRxTransaction(__SPI_HandleTypeDef*, unsigned)
    stm32f0xx_hal_spi.o(i.HAL_SPI_Receive_DMA) refers to stm32f0xx_hal_spi.o(i.HAL_SPI_TransmitReceive_DMA) for HAL_SPI_TransmitReceive_DMA
    stm32f0xx_hal_spi.o(i.HAL_SPI_Receive_DMA) refers to stm32f0xx_hal_dma.o(i.HAL_DMA_Start_IT) for HAL_DMA_Start_IT
    stm32f0xx_hal_spi.o(i.HAL_SPI_Receive_DMA) refers to stm32f0xx_hal_spi.o(i._Z22SPI_DMAHalfReceiveCpltP19__DMA_HandleTypeDef) for SPI_DMAHalfReceiveCplt(__DMA_HandleTypeDef*)
    stm32f0xx_hal_spi.o(i.HAL_SPI_Receive_DMA) refers to stm32f0xx_hal_spi.o(i._Z18SPI_DMAReceiveCpltP19__DMA_HandleTypeDef) for SPI_DMAReceiveCplt(__DMA_HandleTypeDef*)
    stm32f0xx_hal_spi.o(i.HAL_SPI_Receive_DMA) refers to stm32f0xx_hal_spi.o(i._Z12SPI_DMAErrorP19__DMA_HandleTypeDef) for SPI_DMAError(__DMA_HandleTypeDef*)
    stm32f0xx_hal_spi.o(i.HAL_SPI_Receive_IT) refers to stm32f0xx_hal_spi.o(i.HAL_SPI_TransmitReceive_IT) for HAL_SPI_TransmitReceive_IT
    stm32f0xx_hal_spi.o(i.HAL_SPI_Receive_IT) refers to stm32f0xx_hal_spi.o(i._Z15SPI_RxISR_16BITP19__SPI_HandleTypeDef) for SPI_RxISR_16BIT(__SPI_HandleTypeDef*)
    stm32f0xx_hal_spi.o(i.HAL_SPI_Receive_IT) refers to stm32f0xx_hal_spi.o(i._Z14SPI_RxISR_8BITP19__SPI_HandleTypeDef) for SPI_RxISR_8BIT(__SPI_HandleTypeDef*)
    stm32f0xx_hal_spi.o(i.HAL_SPI_Transmit) refers to stm32f0xx_hal.o(i.HAL_GetTick) for HAL_GetTick
    stm32f0xx_hal_spi.o(i.HAL_SPI_Transmit) refers to stm32f0xx_hal_spi.o(i._Z22SPI_EndRxTxTransactionP19__SPI_HandleTypeDefj) for SPI_EndRxTxTransaction(__SPI_HandleTypeDef*, unsigned)
    stm32f0xx_hal_spi.o(i.HAL_SPI_TransmitReceive) refers to stm32f0xx_hal.o(i.HAL_GetTick) for HAL_GetTick
    stm32f0xx_hal_spi.o(i.HAL_SPI_TransmitReceive) refers to stm32f0xx_hal_spi.o(i._Z29SPI_WaitFlagStateUntilTimeoutP19__SPI_HandleTypeDefjjj) for SPI_WaitFlagStateUntilTimeout(__SPI_HandleTypeDef*, unsigned, unsigned, unsigned)
    stm32f0xx_hal_spi.o(i.HAL_SPI_TransmitReceive) refers to stm32f0xx_hal_spi.o(i._Z22SPI_EndRxTxTransactionP19__SPI_HandleTypeDefj) for SPI_EndRxTxTransaction(__SPI_HandleTypeDef*, unsigned)
    stm32f0xx_hal_spi.o(i.HAL_SPI_TransmitReceive_DMA) refers to stm32f0xx_hal_dma.o(i.HAL_DMA_Start_IT) for HAL_DMA_Start_IT
    stm32f0xx_hal_spi.o(i.HAL_SPI_TransmitReceive_DMA) refers to stm32f0xx_hal_spi.o(i._Z22SPI_DMAHalfReceiveCpltP19__DMA_HandleTypeDef) for SPI_DMAHalfReceiveCplt(__DMA_HandleTypeDef*)
    stm32f0xx_hal_spi.o(i.HAL_SPI_TransmitReceive_DMA) refers to stm32f0xx_hal_spi.o(i._Z18SPI_DMAReceiveCpltP19__DMA_HandleTypeDef) for SPI_DMAReceiveCplt(__DMA_HandleTypeDef*)
    stm32f0xx_hal_spi.o(i.HAL_SPI_TransmitReceive_DMA) refers to stm32f0xx_hal_spi.o(i._Z30SPI_DMAHalfTransmitReceiveCpltP19__DMA_HandleTypeDef) for SPI_DMAHalfTransmitReceiveCplt(__DMA_HandleTypeDef*)
    stm32f0xx_hal_spi.o(i.HAL_SPI_TransmitReceive_DMA) refers to stm32f0xx_hal_spi.o(i._Z26SPI_DMATransmitReceiveCpltP19__DMA_HandleTypeDef) for SPI_DMATransmitReceiveCplt(__DMA_HandleTypeDef*)
    stm32f0xx_hal_spi.o(i.HAL_SPI_TransmitReceive_DMA) refers to stm32f0xx_hal_spi.o(i._Z12SPI_DMAErrorP19__DMA_HandleTypeDef) for SPI_DMAError(__DMA_HandleTypeDef*)
    stm32f0xx_hal_spi.o(i.HAL_SPI_TransmitReceive_IT) refers to stm32f0xx_hal_spi.o(i._Z21SPI_2linesRxISR_16BITP19__SPI_HandleTypeDef) for SPI_2linesRxISR_16BIT(__SPI_HandleTypeDef*)
    stm32f0xx_hal_spi.o(i.HAL_SPI_TransmitReceive_IT) refers to stm32f0xx_hal_spi.o(i._Z21SPI_2linesTxISR_16BITP19__SPI_HandleTypeDef) for SPI_2linesTxISR_16BIT(__SPI_HandleTypeDef*)
    stm32f0xx_hal_spi.o(i.HAL_SPI_TransmitReceive_IT) refers to stm32f0xx_hal_spi.o(i._Z20SPI_2linesRxISR_8BITP19__SPI_HandleTypeDef) for SPI_2linesRxISR_8BIT(__SPI_HandleTypeDef*)
[...]
    CC1120_Status                            0x080014dd   Thumb Code    68  cc1120.o(i.CC1120_Status)
    CC1120_Tx                                0x0800152d   Thumb Code    64  cc1120.o(i.CC1120_Tx)
    CC1120_TxData                            0x08001579   Thumb Code    56  cc1120.o(i.CC1120_TxData)
    CC1120_TxFIFOFlush                       0x080015b1   Thumb Code    64  cc1120.o(i.CC1120_TxFIFOFlush)
    CC1120_TxFIFONumBytes                    0x080015fd   Thumb Code    66  cc1120.o(i.CC1120_TxFIFONumBytes)
    CC1120_TxFIFOWrite                       0x0800164d   Thumb Code    68  cc1120.o(i.CC1120_TxFIFOWrite)
    CC1120_Write                             0x08001699   Thumb Code   200  cc1120.o(i.CC1120_Write)
    CMX7262TimerCounter                      0x0800176d   Thumb Code     8  timers.o(i.CMX7262TimerCounter)
    CMX7262_AnalogBlocks                     0x08001779   Thumb Code    38  cmx7262.o(i.CMX7262_AnalogBlocks)
    CMX7262_AudioInputGain                   0x080017a9   Thumb Code    26  cmx7262.o(i.CMX7262_AudioInputGain)
    CMX7262_AudioOutputGain                  0x080017c3   Thumb Code    18  cmx7262.o(i.CMX7262_AudioOutputGain)
    CMX7262_Config                           0x080017d5   Thumb Code    60  cmx7262.o(i.CMX7262_Config)
    CMX7262_ConfigClocks                     0x08001811   Thumb Code   238  cmx7262.o(i.CMX7262_ConfigClocks)
    CMX7262_Decode                           0x08001905   Thumb Code    52  cmx7262.o(i.CMX7262_Decode)
    CMX7262_EnableIRQ                        0x08001939   Thumb Code    28  cmx7262.o(i.CMX7262_EnableIRQ)
    CMX7262_Encode                           0x08001955   Thumb Code    50  cmx7262.o(i.CMX7262_Encode)
    CMX7262_FlushStatusReg                   0x0800198d   Thumb Code    32  cmx7262.o(i.CMX7262_FlushStatusReg)
    CMX7262_HardwareReset                    0x080019ad   Thumb Code    38  cmx7262.o(i.CMX7262_HardwareReset)
    CMX7262_IRQ                              0x080019d9   Thumb Code   206  cmx7262.o(i.CMX7262_IRQ)
    CMX7262_Idle                             0x08001ab5   Thumb Code    70  cmx7262.o(i.CMX7262_Idle)
    CMX7262_Init                             0x08001b05   Thumb Code   136  cmx7262.o(i.CMX7262_Init)
    CMX7262_InitHardware                     0x08001b95   Thumb Code    60  cmx7262.o(i.CMX7262_InitHardware)
    CMX7262_Routing                          0x08001bd1   Thumb Code    18  cmx7262.o(i.CMX7262_Routing)
    CMX7262_RxFIFO                           0x08001be3   Thumb Code    20  cmx7262.o(i.CMX7262_RxFIFO)
    CMX7262_Transcode                        0x08001bf9   Thumb Code    86  cmx7262.o(i.CMX7262_Transcode)
    CMX7262_TxFIFO                           0x08001c59   Thumb Code    20  cmx7262.o(i.CMX7262_TxFIFO)
    CheckForSerialProtocolData               0x08001c6d   Thumb Code    34  uart_intermodule.o(i.CheckForSerialProtocolData)
    ClearCMX7262TimerCounter                 0x08001c99   Thumb Code    10  timers.o(i.ClearCMX7262TimerCounter)
    ClearHighPrecisionCounter                0x08001ca9   Thumb Code    16  timers.o(i.ClearHighPrecisionCounter)
    DMA1_Channel2_3_IRQHandler               0x08001cc1   Thumb Code    16  stm32f0xx_it.o(i.DMA1_Channel2_3_IRQHandler)
    DMA1_Channel4_5_6_7_IRQHandler           0x08001cd9   Thumb Code    28  stm32f0xx_it.o(i.DMA1_Channel4_5_6_7_IRQHandler)
    EXTI0_1_IRQHandler                       0x08001d05   Thumb Code    16  stm32f0xx_it.o(i.EXTI0_1_IRQHandler)
    EXTI4_15_IRQHandler                      0x08001d19   Thumb Code    18  stm32f0xx_it.o(i.EXTI4_15_IRQHandler)
    HAL_DMA_IRQHandler                       0x08001d31   Thumb Code   798  stm32f0xx_hal_dma.o(i.HAL_DMA_IRQHandler)
    HAL_DMA_Init                             0x08002055   Thumb Code    86  stm32f0xx_hal_dma.o(i.HAL_DMA_Init)
    HAL_DMA_Start_IT                         0x080020b1   Thumb Code   114  stm32f0xx_hal_dma.o(i.HAL_DMA_Start_IT)
    HAL_GPIO_EXTI_Callback                   0x08002123   Thumb Code     2  stm32f0xx_hal_gpio.o(i.HAL_GPIO_EXTI_Callback)
    HAL_GPIO_EXTI_IRQHandler                 0x08002125   Thumb Code    26  stm32f0xx_hal_gpio.o(i.HAL_GPIO_EXTI_IRQHandler)
    HAL_GPIO_Init                            0x08002145   Thumb Code   476  stm32f0xx_hal_gpio.o(i.HAL_GPIO_Init)
    HAL_GPIO_ReadPin                         0x0800233d   Thumb Code    18  stm32f0xx_hal_gpio.o(i.HAL_GPIO_ReadPin)
    HAL_GPIO_WritePin                        0x0800234f   Thumb Code    12  stm32f0xx_hal_gpio.o(i.HAL_GPIO_WritePin)
    HAL_GetTick                              0x0800235d   Thumb Code     6  stm32f0xx_hal.o(i.HAL_GetTick)
    HAL_I2CEx_ConfigAnalogFilter             0x08002369   Thumb Code   142  stm32f0xx_hal_i2c_ex.o(i.HAL_I2CEx_ConfigAnalogFilter)
    HAL_I2C_Init                             0x080023f9   Thumb Code   190  stm32f0xx_hal_i2c.o(i.HAL_I2C_Init)
    HAL_I2C_Mem_Read                         0x080024bd   Thumb Code   384  stm32f0xx_hal_i2c.o(i.HAL_I2C_Mem_Read)
    HAL_I2C_MspInit                          0x08002641   Thumb Code    80  stm32f0xx_hal_msp.o(i.HAL_I2C_MspInit)
    HAL_IncTick                              0x0800269d   Thumb Code    12  stm32f0xx_hal.o(i.HAL_IncTick)
    HAL_Init                                 0x080026ad   Thumb Code    28  stm32f0xx_hal.o(i.HAL_Init)
    HAL_InitTick                             0x080026cd   Thumb Code    38  stm32f0xx_hal.o(i.HAL_InitTick)
    HAL_MspInit                              0x080026f5   Thumb Code    42  stm32f0xx_hal_msp.o(i.HAL_MspInit)
    HAL_NVIC_EnableIRQ                       0x08002725   Thumb Code    18  stm32f0xx_hal_cortex.o(i.HAL_NVIC_EnableIRQ)
    HAL_NVIC_SetPriority                     0x0800273d   Thumb Code    18  stm32f0xx_hal_cortex.o(i.HAL_NVIC_SetPriority)
    HAL_RCCEx_PeriphCLKConfig                0x08002751   Thumb Code   336  stm32f0xx_hal_rcc_ex.o(i.HAL_RCCEx_PeriphCLKConfig)
    HAL_RCC_ClockConfig                      0x080028ad   Thumb Code   702  stm32f0xx_hal_rcc.o(i.HAL_RCC_ClockConfig)
    HAL_RCC_GetHCLKFreq                      0x08002b79   Thumb Code    32  stm32f0xx_hal_rcc.o(i.HAL_RCC_GetHCLKFreq)
    HAL_RCC_GetPCLK1Freq                     0x08002ba5   Thumb Code    26  stm32f0xx_hal_rcc.o(i.HAL_RCC_GetPCLK1Freq)
    HAL_RCC_GetSysClockFreq                  0x08002bc9   Thumb Code   194  stm32f0xx_hal_rcc.o(i.HAL_RCC_GetSysClockFreq)
    HAL_RCC_OscConfig                        0x08002cb9   Thumb Code  1620  stm32f0xx_hal_rcc.o(i.HAL_RCC_OscConfig)
    HAL_SPI_ErrorCallback                    0x08003311   Thumb Code     2  stm32f0xx_hal_spi.o(i.HAL_SPI_ErrorCallback)
    HAL_SPI_IRQHandler                       0x08003313   Thumb Code   216  stm32f0xx_hal_spi.o(i.HAL_SPI_IRQHandler)
    HAL_SPI_Init                             0x080033ed   Thumb Code   234  stm32f0xx_hal_spi.o(i.HAL_SPI_Init)
    HAL_SPI_MspInit                          0x080034dd   Thumb Code   396  stm32f0xx_hal_msp.o(i.HAL_SPI_MspInit)
    HAL_SPI_RxCpltCallback                   0x08003691   Thumb Code     2  stm32f0xx_hal_spi.o(i.HAL_SPI_RxCpltCallback)
    HAL_SPI_TransmitReceive_IT               0x08003695   Thumb Code   316  stm32f0xx_hal_spi.o(i.HAL_SPI_TransmitReceive_IT)
    HAL_SPI_TxRxCpltCallback                 0x080037e5   Thumb Code    32  spi_periphery.o(i.HAL_SPI_TxRxCpltCallback)
    HAL_SYSTICK_CLKSourceConfig              0x08003811   Thumb Code    32  stm32f0xx_hal_cortex.o(i.HAL_SYSTICK_CLKSourceConfig)
    HAL_SYSTICK_Callback                     0x08003835   Thumb Code     2  stm32f0xx_hal_cortex.o(i.HAL_SYSTICK_Callback)
    HAL_SYSTICK_Config                       0x08003839   Thumb Code    46  stm32f0xx_hal_cortex.o(i.HAL_SYSTICK_Config)
    HAL_SYSTICK_IRQHandler                   0x08003871   Thumb Code     8  stm32f0xx_hal_cortex.o(i.HAL_SYSTICK_IRQHandler)
    HAL_TIMEx_MasterConfigSynchronization    0x08003879   Thumb Code    98  stm32f0xx_hal_tim_ex.o(i.HAL_TIMEx_MasterConfigSynchronization)
    HAL_TIM_Base_Init                        0x080038db   Thumb Code    56  stm32f0xx_hal_tim.o(i.HAL_TIM_Base_Init)
    HAL_TIM_Base_MspInit                     0x08003915   Thumb Code   154  stm32f0xx_hal_msp.o(i.HAL_TIM_Base_MspInit)
    HAL_TIM_Base_Start                       0x080039c1   Thumb Code    30  stm32f0xx_hal_tim.o(i.HAL_TIM_Base_Start)
    HAL_TIM_ConfigClockSource                0x080039df   Thumb Code   318  stm32f0xx_hal_tim.o(i.HAL_TIM_ConfigClockSource)
    HAL_TIM_SlaveConfigSynchronization       0x08003b1d   Thumb Code    88  stm32f0xx_hal_tim.o(i.HAL_TIM_SlaveConfigSynchronization)
    HAL_UARTEx_WakeupCallback                0x08003b75   Thumb Code     2  stm32f0xx_hal_uart_ex.o(i.HAL_UARTEx_WakeupCallback)
    HAL_UART_ErrorCallback                   0x08003b77   Thumb Code     2  stm32f0xx_hal_uart.o(i.HAL_UART_ErrorCallback)
    HAL_UART_IRQHandler                      0x08003b79   Thumb Code   334  stm32f0xx_hal_uart_ex.o(i.HAL_UART_IRQHandler)
    HAL_UART_Init                            0x08003cc7   Thumb Code   130  stm32f0xx_hal_uart.o(i.HAL_UART_Init)
    HAL_UART_MspInit                         0x08003d49   Thumb Code   312  stm32f0xx_hal_msp.o(i.HAL_UART_MspInit)
    HAL_UART_Receive_DMA                     0x08003e9d   Thumb Code   158  stm32f0xx_hal_uart.o(i.HAL_UART_Receive_DMA)
    HAL_UART_RxCpltCallback                  0x08003f49   Thumb Code    50  uart_intermodule.o(i.HAL_UART_RxCpltCallback)
    HAL_UART_RxHalfCpltCallback              0x08003f91   Thumb Code     2  stm32f0xx_hal_uart.o(i.HAL_UART_RxHalfCpltCallback)
    HAL_UART_Transmit_DMA                    0x08003f95   Thumb Code   168  stm32f0xx_hal_uart.o(i.HAL_UART_Transmit_DMA)
    HAL_UART_TxCpltCallback                  0x08004049   Thumb Code     8  uart_intermodule.o(i.HAL_UART_TxCpltCallback)
    HAL_UART_TxHalfCpltCallback              0x08004055   Thumb Code     2  stm32f0xx_hal_uart.o(i.HAL_UART_TxHalfCpltCallback)
    InitSerialProtocol                       0x08004059   Thumb Code    46  uart_intermodule.o(i.InitSerialProtocol)
    ReadHighPrecisionCounter                 0x08004095   Thumb Code    20  timers.o(i.ReadHighPrecisionCounter)
    ResetCpltState_SPI_TransmitReceive       0x080040b1   Thumb Code    32  spi_periphery.o(i.ResetCpltState_SPI_TransmitReceive)
    SDR_Load_FI                              0x080040dd   Thumb Code   622  cmx7262.o(i.SDR_Load_FI)
    SPI1_IRQHandler                          0x08004359   Thumb Code    10  stm32f0xx_it.o(i.SPI1_IRQHandler)
    SPI2_IRQHandler                          0x08004369   Thumb Code    10  stm32f0xx_it.o(i.SPI2_IRQHandler)
    SPI_TIMEOUT_UserCallback                 0x08004379   Thumb Code     2  spi_periphery.o(i.SPI_TIMEOUT_UserCallback)
    SPI_TransmitRecieve                      0x0800437d   Thumb Code    74  spi_periphery.o(i.SPI_TransmitRecieve)
    SPI_TransmitRecieveByte                  0x080043cd   Thumb Code    70  spi_periphery.o(i.SPI_TransmitRecieveByte)
    SendDataToExtDev                         0x08004419   Thumb Code    70  uart_intermodule.o(i.SendDataToExtDev)
    StartPeriphTimers                        0x08004475   Thumb Code    22  timers.o(i.StartPeriphTimers)
    SysTick_Handler                          0x08004499   Thumb Code    12  stm32f0xx_it.o(i.SysTick_Handler)
    SystemInit                               0x080044a5   Thumb Code   102  system_stm32f0xx.o(i.SystemInit)
    TIM_Base_SetConfig                       0x0800451d   Thumb Code   140  stm32f0xx_hal_tim.o(i.TIM_Base_SetConfig)
    UART_AdvFeatureConfig                    0x080045c1   Thumb Code   240  stm32f0xx_hal_uart.o(i.UART_AdvFeatureConfig)
    UART_CheckIdleState                      0x080046b1   Thumb Code   112  stm32f0xx_hal_uart.o(i.UART_CheckIdleState)
    UART_EndTransmit_IT                      0x08004729   Thumb Code    60  stm32f0xx_hal_uart.o(i.UART_EndTransmit_IT)
    UART_InitInterface                       0x08004765   Thumb Code    26  uart_intermodule.o(i.UART_InitInterface)
    UART_Receive_IT                          0x08004789   Thumb Code   168  stm32f0xx_hal_uart.o(i.UART_Receive_IT)
    UART_SetConfig                           0x08004831   Thumb Code   486  stm32f0xx_hal_uart.o(i.UART_SetConfig)
    UART_Transmit_IT                         0x08004a3d   Thumb Code   122  stm32f0xx_hal_uart.o(i.UART_Transmit_IT)
    UART_WaitOnFlagUntilTimeout              0x08004ab7   Thumb Code   254  stm32f0xx_hal_uart.o(i.UART_WaitOnFlagUntilTimeout)
    USART1_IRQHandler                        0x08004bb5   Thumb Code    10  stm32f0xx_it.o(i.USART1_IRQHandler)
    USART2_IRQHandler                        0x08004bc5   Thumb Code    10  stm32f0xx_it.o(i.USART2_IRQHandler)
    WaitNextByteFromUART                     0x08004bd5   Thumb Code    16  uart_intermodule.o(i.WaitNextByteFromUART)
    WaitTimeMCS                              0x08004be9   Thumb Code    20  timers.o(i.WaitTimeMCS)
    DecodeData(unsigned char*, unsigned char, unsigned char*, unsigned char&, short&) 0x08004bfd   Thumb Code   336  radiologic.o(i._Z10DecodeDataPhhS_RhRs)
    EncodeData(unsigned char*, unsigned char, unsigned char*, unsigned char&) 0x08004d59   Thumb Code   292  radiologic.o(i._Z10EncodeDataPhhS_Rh)
    BinToHexArray(const unsigned char*, unsigned short, unsigned char*) 0x08005229   Thumb Code    60  radiologic.o(i._Z13BinToHexArrayPKhtPh)
    FormRadioPack(RadioMessage*, unsigned char*, unsigned char, unsigned char) 0x08005285   Thumb Code   200  radiologic.o(i._Z13FormRadioPackP12RadioMessagePhhh)
    HexToBinArray(const unsigned char*, unsigned short, unsigned char*) 0x08005355   Thumb Code    60  radiologic.o(i._Z13HexToBinArrayPKhtPh)
    hammingWeight(unsigned char)             0x08005437   Thumb Code    30  trelliscoder.o(i._Z13hammingWeighth)
    trellisDec3_4(const signed char*, signed char*) 0x08005455   Thumb Code   280  trelliscoder.o(i._Z13trellisDec3_4PKaPa)
    trellisEnc3_4(const signed char*, signed char*) 0x08005575   Thumb Code   204  trelliscoder.o(i._Z13trellisEnc3_4PKaPa)
    DecodeRadioMsg(RadioMessage*)            0x08005649   Thumb Code    78  radiologic.o(i._Z14DecodeRadioMsgP12RadioMessage)
    EncodeRadioMsg(RadioMessage*)            0x08005697   Thumb Code    82  radiologic.o(i._Z14EncodeRadioMsgP12RadioMessage)
    ReadFromEEPROM(I2C_HandleTypeDef*, unsigned, unsigned char*, unsigned) 0x080056e9   Thumb Code   172  eeprom.o(i._Z14ReadFromEEPROMP17I2C_HandleTypeDefjPhj)
    ApplyRSSIOffset(signed char)             0x08005795   Thumb Code    34  radiologic.o(i._Z15ApplyRSSIOffseta)
    FrontEndSetToRx()                        0x080057b9   Thumb Code    14  processstates.o(i._Z15FrontEndSetToRxv)
    FrontEndSetToTx()                        0x080057cd   Thumb Code    14  processstates.o(i._Z15FrontEndSetToTxv)
    ProcessPTTState()                        0x080057e1   Thumb Code   126  processstates.o(i._Z15ProcessPTTStatev)
    RadioModuleInit(__SPI_HandleTypeDef*, __SPI_HandleTypeDef*) 0x0800586d   Thumb Code    48  processstates.o(i._Z15RadioModuleInitP19__SPI_HandleTypeDefS0_)
    isNeedCheckRSSI()                        0x080058a9   Thumb Code    40  processstates.o(i._Z15isNeedCheckRSSIv)
    AddDataToFIFOBuf(unsigned char*, unsigned short&, unsigned char*, unsigned short) 0x080058d9   Thumb Code    52  fifobuffers.o(i._Z16AddDataToFIFOBufPhRtS_t)
    ProcessAsyncData()                       0x08005985   Thumb Code    58  spimlogic.o(i._Z16ProcessAsyncDatav)
    ProcessRadioPack(unsigned char*, unsigned short&, unsigned char&, unsigned char*) 0x080059c5   Thumb Code   254  radiologic.o(i._Z16ProcessRadioPackPhRtRhS_)
    ProcessRxRunning()                       0x08005acd   Thumb Code   226  processstates.o(i._Z16ProcessRxRunningv)
    ProcessRxWaiting()                       0x08005bcd   Thumb Code    32  processstates.o(i._Z16ProcessRxWaitingv)
    ProcessTxRunning()                       0x08005bf1   Thumb Code   164  processstates.o(i._Z16ProcessTxRunningv)
    ProcessTxWaiting()                       0x08005cad   Thumb Code    42  processstates.o(i._Z16ProcessTxWaitingv)
    ProcessCmdSetMode(SPIMMessage*)          0x08005ce9   Thumb Code   204  spimlogic.o(i._Z17ProcessCmdSetModeP11SPIMMessage)
    ProcessRadioState()                      0x08005db9   Thumb Code    58  processstates.o(i._Z17ProcessRadioStatev)
    FormAnswerToExtDev(SPIMMessage*, SPIMMessage*) 0x08005ea3   Thumb Code    92  spimlogic.o(i._Z18FormAnswerToExtDevP11SPIMMessageS0_)
    ReadCMXImageStruct(void*)                0x08005f31   Thumb Code    20  storecmximage.o(i._Z18ReadCMXImageStructPv)
    ReadPageFromEEPROM(unsigned short, unsigned short*) 0x08005f49   Thumb Code    24  storecmximage.o(i._Z18ReadPageFromEEPROMtPt)
    ReadWordFromEEPROM(unsigned, unsigned short*) 0x08005f65   Thumb Code    52  storecmximage.o(i._Z18ReadWordFromEEPROMjPt)
    RemDataFromFIFOBuf(unsigned char*, unsigned short&, unsigned short) 0x08005f9d   Thumb Code    62  fifobuffers.o(i._Z18RemDataFromFIFOBufPhRtt)
    SystemClock_Config()                     0x08005fdb   Thumb Code   114  main.o(i._Z18SystemClock_Configv)
    TransceiverStartRx()                     0x08006069   Thumb Code    20  processstates.o(i._Z18TransceiverStartRxv)
    VocoderStartDecode()                     0x0800609d   Thumb Code    22  processstates.o(i._Z18VocoderStartDecodev)
    VocoderStartEncode()                     0x080060b9   Thumb Code    10  processstates.o(i._Z18VocoderStartEncodev)
    FormDataMsgToExtDev(SPIMMessage*)        0x080060c9   Thumb Code    68  spimlogic.o(i._Z19FormDataMsgToExtDevP11SPIMMessage)
    ProcessCMX7262State()                    0x08006175   Thumb Code   130  processstates.o(i._Z19ProcessCMX7262Statev)
    ProcessDataToExtDev()                    0x08006215   Thumb Code    32  spimlogic.o(i._Z19ProcessDataToExtDevv)
    FormAndSendRadioPack(unsigned char*, unsigned short, unsigned char) 0x0800627f   Thumb Code    48  radiologic.o(i._Z20FormAndSendRadioPackPhth)
    FormAsyncReqParamBack(unsigned char, SPIMMessage*) 0x080063ed   Thumb Code    72  spimlogic.o(i._Z21FormAsyncReqParamBackhP11SPIMMessage)
    InterleaveTrellisData(signed char*, signed char*) 0x080064bf   Thumb Code   100  trelliscoder.o(i._Z21InterleaveTrellisDataPaS_)
    ProcessDataFromExtDev()                  0x08006525   Thumb Code    66  spimlogic.o(i._Z21ProcessDataFromExtDevv)
    FormCurrentParamAnswer(SPIMMessage*, unsigned char*, unsigned char&) 0x08006615   Thumb Code   372  spimlogic.o(i._Z22FormCurrentParamAnswerP11SPIMMessagePhRh)
    DeinterleaveTrellisData(signed char*, signed char*) 0x080067d1   Thumb Code   100  trelliscoder.o(i._Z23DeinterleaveTrellisDataPaS_)
    FormBodyOfAnswerToExtDev(SPIMMessage*, unsigned char*, unsigned char&) 0x08006925   Thumb Code   250  spimlogic.o(i._Z24FormBodyOfAnswerToExtDevP11SPIMMessagePhRh)
    FormRecStatusMsgToExtDev(SPIMMessage*)   0x08006a29   Thumb Code    68  spimlogic.o(i._Z24FormRecStatusMsgToExtDevP11SPIMMessage)
    FormAndSendAnswerToExtDev(SPIMMessage*)  0x08006ba9   Thumb Code    40  spimlogic.o(i._Z25FormAndSendAnswerToExtDevP11SPIMMessage)
    SendRadioPackToTansceiver(unsigned char*, unsigned short) 0x08006bd1   Thumb Code    30  radiologic.o(i._Z25SendRadioPackToTansceiverPht)
    FormAndSendDataMsgToExtDev()             0x08006bf5   Thumb Code    48  spimlogic.o(i._Z26FormAndSendDataMsgToExtDevv)
    FormAndPushToQueRecStatsMsg(signed char, unsigned char, signed char) 0x08006cd5   Thumb Code    32  radiologic.o(i._Z27FormAndPushToQueRecStatsMsgaha)
    FormBodyOfAsyncReqParamBack(unsigned char, unsigned char*, unsigned char&) 0x08006cf9   Thumb Code    58  spimlogic.o(i._Z27FormBodyOfAsyncReqParamBackhPhRh)
    FormAndSendRecStatusToExtDev()           0x08006d35   Thumb Code    48  spimlogic.o(i._Z28FormAndSendRecStatusToExtDevv)
    BERInPack(unsigned char*, unsigned char, unsigned char) 0x08006f91   Thumb Code    98  radiologic.o(i._Z9BERInPackPhhh)
    RadioModule::GetFECMode()                0x08006ff9   Thumb Code     6  radiomodule.o(i._ZN11RadioModule10GetFECModeEv)
    RadioModule::IsTestMode()                0x08006fff   Thumb Code     6  radiomodule.o(i._ZN11RadioModule10IsTestModeEv)
    RadioModule::SetFECMode(unsigned char)   0x08007005   Thumb Code    16  radiomodule.o(i._ZN11RadioModule10SetFECModeEh)
    RadioModule::SetTestMode(unsigned char)  0x08007015   Thumb Code    20  radiomodule.o(i._ZN11RadioModule11SetTestModeEh)
    RadioModule::FreqCodeToHz(unsigned short) 0x08007029   Thumb Code    12  radiomodule.o(i._ZN11RadioModule12FreqCodeToHzEt)
    RadioModule::GetRSSILevel()              0x0800703d   Thumb Code     6  radiomodule.o(i._ZN11RadioModule12GetRSSILevelEv)
    RadioModule::isFECEnabled()              0x08007043   Thumb Code    14  radiomodule.o(i._ZN11RadioModule12isFECEnabledEv)
    RadioModule::GetARMSoftVer()             0x08007051   Thumb Code     8  radiomodule.o(i._ZN11RadioModule13GetARMSoftVerEv)
    RadioModule::GetRxFreqChan()             0x08007059   Thumb Code     6  radiomodule.o(i._ZN11RadioModule13GetRxFreqChanEv)
    RadioModule::GetTxFreqChan()             0x0800705f   Thumb Code     6  radiomodule.o(i._ZN11RadioModule13GetTxFreqChanEv)
    RadioModule::SetCC1120Freq(unsigned)     0x08007065   Thumb Code    96  radiomodule.o(i._ZN11RadioModule13SetCC1120FreqEj)
    RadioModule::SetRxFreqChan(unsigned short) 0x080070cd   Thumb Code    18  radiomodule.o(i._ZN11RadioModule13SetRxFreqChanEt)
    RadioModule::SetTxFreqChan(unsigned short) 0x080070df   Thumb Code    18  radiomodule.o(i._ZN11RadioModule13SetTxFreqChanEt)
    RadioModule::ApplyRadioFreq()            0x080070f1   Thumb Code    68  radiomodule.o(i._ZN11RadioModule14ApplyRadioFreqEv)
    RadioModule::GetTestPattern()            0x08007135   Thumb Code     6  radiomodule.o(i._ZN11RadioModule14GetTestPatternEv)
    RadioModule::SetTestPattern(unsigned char) 0x0800713b   Thumb Code    16  radiomodule.o(i._ZN11RadioModule14SetTestPatternEh)
    RadioModule::GetARMPowerMode()           0x0800714b   Thumb Code     6  radiomodule.o(i._ZN11RadioModule15GetARMPowerModeEv)
    RadioModule::GetAudioInLevel()           0x08007151   Thumb Code     6  radiomodule.o(i._ZN11RadioModule15GetAudioInLevelEv)
    RadioModule::GetRadioAddress()           0x08007157   Thumb Code     6  radiomodule.o(i._ZN11RadioModule15GetRadioAddressEv)
    RadioModule::SetARMPowerMode(unsigned char) 0x0800715d   Thumb Code    16  radiomodule.o(i._ZN11RadioModule15SetARMPowerModeEh)
    RadioModule::SetAudioInLevel(unsigned char) 0x0800716d   Thumb Code    18  radiomodule.o(i._ZN11RadioModule15SetAudioInLevelEh)
    RadioModule::SetRadioAddress(unsigned char) 0x0800717f   Thumb Code     8  radiomodule.o(i._ZN11RadioModule15SetRadioAddressEh)
    RadioModule::ApplyRadioConfig()          0x08007189   Thumb Code    88  radiomodule.o(i._ZN11RadioModule16ApplyRadioConfigEv)
    RadioModule::GetAudioOutLevel()          0x080071f5   Thumb Code     6  radiomodule.o(i._ZN11RadioModule16GetAudioOutLevelEv)
    RadioModule::GetRadioBaudRate()          0x080071fb   Thumb Code     6  radiomodule.o(i._ZN11RadioModule16GetRadioBaudRateEv)
    RadioModule::GetRadioChanType()          0x08007201   Thumb Code     6  radiomodule.o(i._ZN11RadioModule16GetRadioChanTypeEv)
    RadioModule::GetTxTrafficType()          0x08007207   Thumb Code     6  radiomodule.o(i._ZN11RadioModule16GetTxTrafficTypeEv)
    RadioModule::SetAudioOutLevel(unsigned char) 0x0800720d   Thumb Code    18  radiomodule.o(i._ZN11RadioModule16SetAudioOutLevelEh)
    RadioModule::SetRadioBaudRate(unsigned char) 0x0800721f   Thumb Code    26  radiomodule.o(i._ZN11RadioModule16SetRadioBaudRateEh)
    RadioModule::SetRadioChanType(unsigned char) 0x08007239   Thumb Code    16  radiomodule.o(i._ZN11RadioModule16SetRadioChanTypeEh)
    RadioModule::SetTxTrafficType(unsigned char) 0x08007249   Thumb Code    16  radiomodule.o(i._ZN11RadioModule16SetTxTrafficTypeEh)
    RadioModule::GetRadioChanState()         0x08007259   Thumb Code     6  radiomodule.o(i._ZN11RadioModule17GetRadioChanStateEv)
    RadioModule::SetRadioChanState(unsigned char) 0x0800725f   Thumb Code    42  radiomodule.o(i._ZN11RadioModule17SetRadioChanStateEh)
    RadioModule::SwitchToIdleState()         0x08007289   Thumb Code    30  radiomodule.o(i._ZN11RadioModule17SwitchToIdleStateEv)
    RadioModule::ApplyAudioSettings()        0x080072a7   Thumb Code    32  radiomodule.o(i._ZN11RadioModule18ApplyAudioSettingsEv)
    RadioModule::GetRadioModuleState()       0x080072c7   Thumb Code     6  radiomodule.o(i._ZN11RadioModule19GetRadioModuleStateEv)
    RadioModule::GetRadioSignalPower()       0x080072cd   Thumb Code     6  radiomodule.o(i._ZN11RadioModule19GetRadioSignalPowerEv)
    RadioModule::SetRadioModuleState(unsigned char) 0x080072d3   Thumb Code    16  radiomodule.o(i._ZN11RadioModule19SetRadioModuleStateEh)
    RadioModule::SetRadioSignalPower(unsigned char) 0x080072e3   Thumb Code    26  radiomodule.o(i._ZN11RadioModule19SetRadioSignalPowerEh)
    RadioModule::SetAsyncReqMaskParam(unsigned char) 0x080072fd   Thumb Code     8  radiomodule.o(i._ZN11RadioModule20SetAsyncReqMaskParamEh)
    RadioModule::SetCMX7262AudioGains(unsigned short, unsigned short) 0x08007305   Thumb Code    26  radiomodule.o(i._ZN11RadioModule20SetCMX7262AudioGainsEtt)
    RadioModule::ApplyRadioSignalPower()     0x08007325   Thumb Code    54  radiomodule.o(i._ZN11RadioModule21ApplyRadioSignalPowerEv)
    RadioModule::GetMaskOfChangedParams()    0x08007365   Thumb Code    16  radiomodule.o(i._ZN11RadioModule22GetMaskOfChangedParamsEv)
    RadioModule::IsAsyncReqReceiverStats()   0x08007375   Thumb Code     6  radiomodule.o(i._ZN11RadioModule23IsAsyncReqReceiverStatsEv)
    RadioModule::SetAsyncReqReceiverStats(unsigned char) 0x0800737b   Thumb Code    20  radiomodule.o(i._ZN11RadioModule24SetAsyncReqReceiverStatsEh)
    RadioModule::AudioOutGainCodeToCMX7262ValueReg(unsigned char) 0x0800738f   Thumb Code    26  radiomodule.o(i._ZN11RadioModule33AudioOutGainCodeToCMX7262ValueRegEh)
    RadioModule::isRxMode()                  0x080073a9   Thumb Code    32  radiomodule.o(i._ZN11RadioModule8isRxModeEv)
    RadioModule::isTxMode()                  0x080073c9   Thumb Code    22  radiomodule.o(i._ZN11RadioModule8isTxModeEv)
    RadioModule::RadioModule()               0x080073df   Thumb Code   158  radiomodule.o(i._ZN11RadioModuleC1Ev)
    RadioModule::RadioModule__sub_object()   0x080073df   Thumb Code     0  radiomodule.o(i._ZN11RadioModuleC1Ev)
    SPIMMessage::CmdReqParam::OpModeCode(unsigned char, unsigned char, unsigned char, unsigned char, unsigned char) 0x0800747d   Thumb Code    36  spimmessage.o(i._ZN11SPIMMessage11CmdReqParam10OpModeCodeEhhhhh)
    SPIMMessage::CmdReqParam::isAudioReq()   0x080074a1   Thumb Code    26  spimmessage.o(i._ZN11SPIMMessage11CmdReqParam10isAudioReqEv)
    SPIMMessage::CmdReqParam::isOpModeReq()  0x080074bb   Thumb Code    26  spimmessage.o(i._ZN11SPIMMessage11CmdReqParam11isOpModeReqEv)
    SPIMMessage::CmdReqParam::isRxFreqReq()  0x080074d5   Thumb Code    26  spimmessage.o(i._ZN11SPIMMessage11CmdReqParam11isRxFreqReqEv)
    SPIMMessage::CmdReqParam::isTxFreqReq()  0x080074ef   Thumb Code    26  spimmessage.o(i._ZN11SPIMMessage11CmdReqParam11isTxFreqReqEv)
    SPIMMessage::CmdReqParam::MaskReqParam() 0x08007509   Thumb Code    10  spimmessage.o(i._ZN11SPIMMessage11CmdReqParam12MaskReqParamEv)
    SPIMMessage::CmdReqParam::isFECModeReq() 0x08007513   Thumb Code    26  spimmessage.o(i._ZN11SPIMMessage11CmdReqParam12isFECModeReqEv)
    SPIMMessage::CmdReqParam::isAsynReqParam() 0x0800752d   Thumb Code    26  spimmessage.o(i._ZN11SPIMMessage11CmdReqParam14isAsynReqParamEv)
    SPIMMessage::CmdReqParam::isChanStateReq() 0x08007547   Thumb Code    26  spimmessage.o(i._ZN11SPIMMessage11CmdReqParam14isChanStateReqEv)
    SPIMMessage::CmdReqParam::SetPointerToMessage(SPIMMessage*) 0x08007561   Thumb Code     4  spimmessage.o(i._ZN11SPIMMessage11CmdReqParam19SetPointerToMessageEPS_)
    SPIMMessage::CmdReqParam::AudioCode(unsigned char, unsigned char) 0x08007565   Thumb Code    14  spimmessage.o(i._ZN11SPIMMessage11CmdReqParam9AudioCodeEhh)
    SPIMMessage::CmdReqParam::isRSSIReq()    0x08007573   Thumb Code    26  spimmessage.o(i._ZN11SPIMMessage11CmdReqParam9isRSSIReqEv)
    SPIMMessage::getSizeBody()               0x0800758d   Thumb Code    10  spimmessage.o(i._ZN11SPIMMessage11getSizeBodyEv)
    SPIMMessage::ParseAudioCode(unsigned char, unsigned char&, unsigned char&) 0x08007597   Thumb Code    14  spimmessage.o(i._ZN11SPIMMessage14ParseAudioCodeEhRhS0_)
    SPIMMessage::ParseOpModeCode(unsigned char, unsigned char&, unsigned char&, unsigned char&, unsigned char&, unsigned char&) 0x080075a5   Thumb Code    38  spimmessage.o(i._ZN11SPIMMessage15ParseOpModeCodeEhRhS0_S0_S0_S0_)
    SPIMMessage::setCRC()                    0x080075cb   Thumb Code    32  spimmessage.o(i._ZN11SPIMMessage6setCRCEv)
    SPIMMessage::setMsg(unsigned char*, unsigned char) 0x080075eb   Thumb Code    68  spimmessage.o(i._ZN11SPIMMessage6setMsgEPhh)
    SPIMMessage::setBody(unsigned char*, unsigned char) 0x0800762f   Thumb Code    68  spimmessage.o(i._ZN11SPIMMessage7setBodyEPhh)
    SPIMMessage::CRC_Calc(unsigned char*, unsigned char) 0x08007673   Thumb Code    26  spimmessage.o(i._ZN11SPIMMessage8CRC_CalcEPhh)
    SPIMMessage::checkCRC()                  0x0800768d   Thumb Code    38  spimmessage.o(i._ZN11SPIMMessage8checkCRCEv)
    SPIMMessage::getIDCmd()                  0x080076b3   Thumb Code    10  spimmessage.o(i._ZN11SPIMMessage8getIDCmdEv)
    SPIMMessage::getNoMsg()                  0x080076bd   Thumb Code    12  spimmessage.o(i._ZN11SPIMMessage8getNoMsgEv)
    SPIMMessage::IDBackCmd(unsigned char)    0x080076c9   Thumb Code     8  spimmessage.o(i._ZN11SPIMMessage9IDBackCmdEh)
    SPIMMessage::setHeader(unsigned char, unsigned char, unsigned char, unsigned char) 0x080076d1   Thumb Code    82  spimmessage.o(i._ZN11SPIMMessage9setHeaderEhhhh)
    SPIMMessage::SPIMMessage()               0x08007723   Thumb Code    58  spimmessage.o(i._ZN11SPIMMessageC1Ev)
    SPIMMessage::SPIMMessage__sub_object()   0x08007723   Thumb Code     0  spimmessage.o(i._ZN11SPIMMessageC1Ev)
    SPIMMessage::~SPIMMessage()              0x0800775d   Thumb Code     2  spimmessage.o(i._ZN11SPIMMessageD1Ev)
    SPIMMessage::~SPIMMessage__sub_object()  0x0800775d   Thumb Code     0  spimmessage.o(i._ZN11SPIMMessageD1Ev)
    RadioMessage::getDstAddress()            0x0800775f   Thumb Code    12  radiomessage.o(i._ZN12RadioMessage13getDstAddressEv)
    RadioMessage::getPackLength()            0x0800776b   Thumb Code    12  radiomessage.o(i._ZN12RadioMessage13getPackLengthEv)
    RadioMessage::getSrcAddress()            0x08007777   Thumb Code    12  radiomessage.o(i._ZN12RadioMessage13getSrcAddressEv)
    RadioMessage::getPayloadSize()           0x08007783   Thumb Code    12  radiomessage.o(i._ZN12RadioMessage14getPayloadSizeEv)
    RadioMessage::getPayloadType()           0x0800778f   Thumb Code    12  radiomessage.o(i._ZN12RadioMessage14getPayloadTypeEv)
    RadioMessage::setMsg(unsigned char*, unsigned char) 0x0800779b   Thumb Code    58  radiomessage.o(i._ZN12RadioMessage6setMsgEPhh)
    RadioMessage::getBody(unsigned char*)    0x080077d5   Thumb Code    50  radiomessage.o(i._ZN12RadioMessage7getBodyEPh)
    RadioMessage::setBody(unsigned char*, unsigned char) 0x08007807   Thumb Code    58  radiomessage.o(i._ZN12RadioMessage7setBodyEPhh)
    RadioMessage::setHeader(unsigned char, unsigned char, unsigned char, unsigned char, unsigned char) 0x08007841   Thumb Code    44  radiomessage.o(i._ZN12RadioMessage9setHeaderEhhhhh)
    RadioMessage::RadioMessage(const unsigned char*, unsigned short) 0x0800786d   Thumb Code    96  radiomessage.o(i._ZN12RadioMessageC1EPKht)
    RadioMessage::RadioMessage__sub_object(const unsigned char*, unsigned short) 0x0800786d   Thumb Code     0  radiomessage.o(i._ZN12RadioMessageC1EPKht)
    RadioMessage::RadioMessage()             0x080078cd   Thumb Code    58  radiomessage.o(i._ZN12RadioMessageC1Ev)
    RadioMessage::RadioMessage__sub_object() 0x080078cd   Thumb Code     0  radiomessage.o(i._ZN12RadioMessageC1Ev)
    RadioMessage::~RadioMessage()            0x08007907   Thumb Code     2  radiomessage.o(i._ZN12RadioMessageD1Ev)
    RadioMessage::~RadioMessage__sub_object() 0x08007907   Thumb Code     0  radiomessage.o(i._ZN12RadioMessageD1Ev)
    QueDataFrames::isEmpty()                 0x08007909   Thumb Code    16  quedataframes.o(i._ZN13QueDataFrames7isEmptyEv)
    QueDataFrames::PopFrame(unsigned char*)  0x08007919   Thumb Code    86  quedataframes.o(i._ZN13QueDataFrames8PopFrameEPh)
    QueDataFrames::PushFrame(unsigned char*, unsigned short) 0x0800796f   Thumb Code   106  quedataframes.o(i._ZN13QueDataFrames9PushFrameEPht)
    QueDataFrames::QueDataFrames(unsigned short, unsigned short) 0x080079d9   Thumb Code    18  quedataframes.o(i._ZN13QueDataFramesC1Ett)
    QueDataFrames::QueDataFrames__sub_object(unsigned short, unsigned short) 0x080079d9   Thumb Code     0  quedataframes.o(i._ZN13QueDataFramesC1Ett)
    QueDataFrames::~QueDataFrames()          0x080079eb   Thumb Code    60  quedataframes.o(i._ZN13QueDataFramesD1Ev)
    QueDataFrames::~QueDataFrames__sub_object() 0x080079eb   Thumb Code     0  quedataframes.o(i._ZN13QueDataFramesD1Ev)
    SLIPInterface::WaitForPack()             0x08007a27   Thumb Code    22  slipinterface.o(i._ZN13SLIPInterface11WaitForPackEv)
    SLIPInterface::FindPackInData(unsigned char*, unsigned short, unsigned char*, unsigned short&, unsigned short&) 0x08007a3d   Thumb Code   154  slipinterface.o(i._ZN13SLIPInterface14FindPackInDataEPhtS0_RtS1_)
    SLIPInterface::CheckForSLIPData(unsigned char, unsigned char*, unsigned short&, unsigned char&) 0x08007ad7   Thumb Code   234  slipinterface.o(i._ZN13SLIPInterface16CheckForSLIPDataEhPhRtRh)
    SLIPInterface::FormPack(unsigned char*, unsigned short, unsigned char*, unsigned short&, unsigned short) 0x08007bc1   Thumb Code   162  slipinterface.o(i._ZN13SLIPInterface8FormPackEPhtS0_Rtt)
    SLIPInterface::SLIPInterface()           0x08007c63   Thumb Code    22  slipinterface.o(i._ZN13SLIPInterfaceC1Ev)
    SLIPInterface::SLIPInterface__sub_object() 0x08007c63   Thumb Code     0  slipinterface.o(i._ZN13SLIPInterfaceC1Ev)
    operator delete[] (void*)                0x08007c79   Thumb Code     8  array_del.o(i._ZdaPv)
    operator delete (void*)                  0x08007c81   Thumb Code     8  delete.o(i._ZdlPv)
    operator new[] (unsigned)                0x08007c89   Thumb Code     8  array_new.o(i._Znaj)
    operator new(unsigned)                   0x08007c91   Thumb Code    36  new.o(i._Znwj)
    __0sprintf$5                             0x08007cb9   Thumb Code    36  printf5.o(i.__0sprintf$5)
    __1sprintf$5                             0x08007cb9   Thumb Code     0  printf5.o(i.__0sprintf$5)
    __2sprintf                               0x08007cb9   Thumb Code     0  printf5.o(i.__0sprintf$5)
    __ARM_clz                                0x08007ce1   Thumb Code    46  depilogue.o(i.__ARM_clz)
    __ARM_common_switch8                     0x08007d0f   Thumb Code    28  stm32f0xx_hal_tim.o(i.__ARM_common_switch8)
    __aeabi_atexit                           0x08007d2b   Thumb Code    44  aeabi_atexit.o(i.__aeabi_atexit)
    __cxa_finalize                           0x08007d57   Thumb Code    66  cxa_finalize.o(i.__cxa_finalize)
    __scatterload_copy                       0x08007d99   Thumb Code    14  handlers.o(i.__scatterload_copy)
    __scatterload_null                       0x08007da7   Thumb Code     2  handlers.o(i.__scatterload_null)
    __scatterload_zeroinit                   0x08007da9   Thumb Code    14  handlers.o(i.__scatterload_zeroinit)
    ceil                                     0x08008101   Thumb Code   180  ceil.o(i.ceil)
    floor                                    0x080081c9   Thumb Code   180  floor.o(i.floor)
    free                                     0x08008291   Thumb Code    80  malloc.o(i.free)
    isCplt_SPI_TransmitReceive               0x080082e5   Thumb Code    42  spi_periphery.o(i.isCplt_SPI_TransmitReceive)
    main                                     0x0800831d   Thumb Code   234  main.o(i.main)
    malloc                                   0x0800841d   Thumb Code    92  malloc.o(i.malloc)
    Region$$Table$$Base                      0x08008b70   Number         0  anon$$obj.o(Region$$Table)
    Region$$Table$$Limit                     0x08008b90   Number         0  anon$$obj.o(Region$$Table)
    SHT$$INIT_ARRAY$$Base                    0x08008b90   Number         0  processstates.o(.init_array)
    SHT$$INIT_ARRAY$$Limit                   0x08008b98   Number         0  cpp_init.o(.init_array)
    SystemCoreClock                          0x20000004   Data           4  system_stm32f0xx.o(.data)
    hspiCC1120                               0x20000018   Data           4  cc1120.o(.data)
    hspi_CMX7262                             0x2000001c   Data           4  cmx7262.o(.data)
    CBUSTimeout                              0x20000020   Data           4  cmx7262.o(.data)
    Cplt_SPI_TransmitReceive                 0x20000024   Data           2  spi_periphery.o(.data)
    DefaultUARTParams                        0x20000028   Data          32  uart_intermodule.o(.data)
    nSizeSLIPPack                            0x20000048   Data           2  uart_intermodule.o(.data)
    nSizeTxBuf                               0x2000004a   Data           2  uart_intermodule.o(.data)
    objSLIPinterface                         0x2000004c   Data           4  uart_intermodule.o(.data)
    UARTstate                                0x20000050   Data           1  uart_intermodule.o(.data)
    huartExtDev                              0x20000054   Data           4  uart_intermodule.o(.data)
    Cplt_UART_DMA_Transmit                   0x20000058   Data           1  uart_intermodule.o(.data)
    pobjRadioModule                          0x2000005c   Data           4  processstates.o(.data)
    g_CC1120Struct                           0x20000060   Data           8  processstates.o(.data)
    g_flCMX7262_IRQ_CHECKED                  0x20000068   Data           1  processstates.o(.data)
    g_flCC1120_IRQ_CHECKED                   0x20000069   Data           1  processstates.o(.data)
    nLengthDataFromCMX7262                   0x2000006a   Data           2  processstates.o(.data)
    nLengthDataToCMX7262                     0x2000006c   Data           2  processstates.o(.data)
    SymbolPatterns                           0x20000074   Data         258  radiologic.o(.data)
    __microlib_freelist                      0x20000188   Data           4  mvars.o(.data)
    __microlib_freelist_initialised          0x2000018c   Data           4  mvars.o(.data)
    hi2c1                                    0x20000190   Data          60  main.o(.bss)
    hspi1                                    0x200001cc   Data         100  main.o(.bss)
    hspi2                                    0x20000230   Data         100  main.o(.bss)
    hdma_spi1_rx                             0x20000294   Data          56  main.o(.bss)
    hdma_spi1_tx                             0x200002cc   Data          56  main.o(.bss)
    hdma_spi2_rx                             0x20000304   Data          56  main.o(.bss)
    hdma_spi2_tx                             0x2000033c   Data          56  main.o(.bss)
    htim1                                    0x20000374   Data          60  main.o(.bss)
    htim2                                    0x200003b0   Data          60  main.o(.bss)
    htim3                                    0x200003ec   Data          60  main.o(.bss)
    htim15                                   0x20000428   Data          60  main.o(.bss)
    huart1                                   0x20000464   Data         112  main.o(.bss)
    huart2                                   0x200004d4   Data         112  main.o(.bss)
    hdma_usart1_rx                           0x20000544   Data          56  main.o(.bss)
    hdma_usart1_tx                           0x2000057c   Data          56  main.o(.bss)
    pCC1120TxData                            0x200005b4   Data         255  cc1120.o(.bss)
    pCC1120RxData                            0x200006b4   Data         255  cc1120.o(.bss)
    pUARTRxBuf                               0x200007b3   Data          32  uart_intermodule.o(.bss)
    pUARTRxSLIPPack                          0x200007d3   Data         132  uart_intermodule.o(.bss)
    pUARTTxBuf                               0x20000857   Data         198  uart_intermodule.o(.bss)
    g_CMX7262Struct                          0x20000920   Data          40  processstates.o(.bss)
    pDataFromCMX7262                         0x20000948   Data        2048  processstates.o(.bss)
    pDataToCMX7262                           0x20001148   Data        4096  processstates.o(.bss)
    QueDataFromExtDev                        0x20002148   Data          16  processstates.o(.bss)
    QueDataToExtDev                          0x20002158   Data          16  processstates.o(.bss)
    QueReceiverStatsToExtDev                 0x20002168   Data          16  radiologic.o(.bss)
    __heap_base                              0x20002178   Data           0  startup_stm32f071xb.o(HEAP)
    __heap_limit                             0x20002778   Data           0  startup_stm32f071xb.o(HEAP)
    __initial_sp                             0x20002d78   Data           0  startup_stm32f071xb.o(STACK)



==============================================================================

Memory Map of the image

  Image Entry point : 0x080000bd

  Load Region LR_IROM1 (Base: 0x08000000, Size: 0x00008d28, Max: 0x00020000, ABSOLUTE, COMPRESSED[0x00008c1c])

    Execution Region ER_IROM1 (Base: 0x08000000, Size: 0x00008b98, Max: 0x00020000, ABSOLUTE)

    Base Addr    Size         Type   Attr      Idx    E Section Name        Object

    0x08000000   0x000000bc   Data   RO         3721    RESET               startup_stm32f071xb.o
    0x080000bc   0x00000000   Code   RO         5980  * .ARM.Collect$$$$00000000  mc_p.l(entry.o)
    0x080000bc   0x00000004   Code   RO         6300    .ARM.Collect$$$$00000001  mc_p.l(entry2.o)
    0x080000c0   0x00000004   Code   RO         6303    .ARM.Collect$$$$00000004  mc_p.l(entry5.o)
    0x080000c4   0x00000000   Code   RO         6305    .ARM.Collect$$$$00000008  mc_p.l(entry7b.o)
    0x080000c4   0x00000004   Code   RO         6306    .ARM.Collect$$$$00000009  mc_p.l(entry8a.o)
    0x080000c8   0x00000000   Code   RO         6307    .ARM.Collect$$$$0000000A  mc_p.l(entry8b.o)
    0x080000c8   0x00000008   Code   RO         6308    .ARM.Collect$$$$0000000B  mc_p.l(entry9a.o)
    0x080000d0   0x00000000   Code   RO         6310    .ARM.Collect$$$$0000000D  mc_p.l(entry10a.o)
    0x080000d0   0x00000000   Code   RO         6312    .ARM.Collect$$$$0000000F  mc_p.l(entry11a.o)
    0x080000d0   0x00000004   Code   RO         6301    .ARM.Collect$$$$00002712  mc_p.l(entry2.o)
    0x080000d4   0x0000001c   Code   RO         3722    .text               startup_stm32f071xb.o
    0x080000f0   0x0000002c   Code   RO         5983    .text               mc_p.l(uidiv.o)
    0x0800011c   0x00000028   Code   RO         5985    .text               mc_p.l(idiv.o)
    0x08000144   0x00000022   Code   RO         5987    .text               mc_p.l(llushr.o)
    0x08000166   0x00000040   Code   RO         5991    .text               mc_p.l(memmovea.o)
    0x080001a6   0x00000024   Code   RO         5993    .text               mc_p.l(memseta.o)
    0x080001ca   0x00000002   PAD
    0x080001cc   0x00000020   Code   RO         6265    .text               mc_p.l(cpp_init.o)
    0x080001ec   0x00000164   Code   RO         6267    .text               mf_p.l(dadd.o)
    0x08000350   0x000000f0   Code   RO         6271    .text               mf_p.l(ddiv.o)
    0x08000440   0x00000028   Code   RO         6273    .text               mf_p.l(dflti.o)
    0x08000468   0x0000001c   Code   RO         6275    .text               mf_p.l(dfltui.o)
    0x08000484   0x0000003c   Code   RO         6277    .text               mf_p.l(dfixui.o)
    0x080004c0   0x00000028   Code   RO         6279    .text               mf_p.l(cdcmple.o)
    0x080004e8   0x00000008   Code   RO         6284    .text               cpprt_p.l(arm_newhandler_noexceptions.o)
    0x080004f0   0x00000060   Code   RO         6314    .text               mc_p.l(uldiv.o)
    0x08000550   0x00000020   Code   RO         6316    .text               mc_p.l(llshl.o)
    0x08000570   0x00000026   Code   RO         6318    .text               mc_p.l(llsshr.o)
    0x08000596   0x00000000   Code   RO         6348    .text               mc_p.l(iusefp.o)
    0x08000596   0x00000002   PAD
    0x08000598   0x00000008   Code   RO         6349    .text               mc_p.l(cpp_dtor.o)
    0x080005a0   0x00000002   Code   RO         6352    .text               mc_p.l(cpp_final.o)
    0x080005a2   0x00000002   PAD
    0x080005a4   0x00000008   Code   RO         6354    .text               mc_p.l(cpp_memory.o)
    0x080005ac   0x00000020   Code   RO         6357    .text               mc_p.l(cpp_unwinder.o)
    0x080005cc   0x000000be   Code   RO         6360    .text               mf_p.l(depilogue.o)
    0x0800068a   0x00000002   PAD
    0x0800068c   0x00000028   Code   RO         6366    .text               mf_p.l(cdrcmple.o)
    0x080006b4   0x0000001c   Code   RO         6487    .text               cpprt_p.l(arm_exceptions_terminate.o)
    0x080006d0   0x00000024   Code   RO         6490    .text               mc_p.l(init.o)
    0x080006f4   0x00000054   Code   RO         6510    .text               cpprt_p.l(arm_exceptions_globs.o)
    0x08000748   0x00000042   Code   RO         6518    .text               cpprt_p.l(arm_exceptions_mem.o)
    0x0800078a   0x00000056   Code   RO         6533    .text               mc_p.l(__dczerorl2.o)
    0x080007e0   0x0000003e   Code   RO         3728    i.AD5601_SetVCPForSky  ad5601.o
    0x0800081e   0x0000004a   Code   RO         3975    i.CBUS_Read16       cmx7262.o
    0x08000868   0x0000003a   Code   RO         3976    i.CBUS_Read8        cmx7262.o
    0x080008a2   0x00000002   PAD
    0x080008a4   0x0000001c   Code   RO         3977    i.CBUS_SendByte     cmx7262.o
    0x080008c0   0x00000018   Code   RO         3978    i.CBUS_SetCSNHigh   cmx7262.o
    0x080008d8   0x00000018   Code   RO         3979    i.CBUS_SetCSNLow    cmx7262.o
    0x080008f0   0x0000004c   Code   RO         3980    i.CBUS_WaitBitClr8  cmx7262.o
    0x0800093c   0x00000050   Code   RO         3981    i.CBUS_WaitBitSet16  cmx7262.o
    0x0800098c   0x00000042   Code   RO         3982    i.CBUS_Write16      cmx7262.o
    0x080009ce   0x00000034   Code   RO         3983    i.CBUS_Write8       cmx7262.o
    0x08000a02   0x00000002   PAD
    0x08000a04   0x00000084   Code   RO         3753    i.CC1120_CheckRSSI  cc1120.o
    0x08000a88   0x000000ac   Code   RO         3755    i.CC1120_ConfigReadCompare  cc1120.o
    0x08000b34   0x00000098   Code   RO         3756    i.CC1120_ConfigWrite  cc1120.o
    0x08000bcc   0x0000004c   Code   RO         3758    i.CC1120_FreqWrite  cc1120.o
    0x08000c18   0x0000002c   Code   RO         3759    i.CC1120_HardwareReset  cc1120.o
    0x08000c44   0x0000004c   Code   RO         3760    i.CC1120_IDLE_set   cc1120.o
    0x08000c90   0x00000084   Code   RO         3761    i.CC1120_Init       cc1120.o
    0x08000d14   0x0000049c   Code   RO         3763    i.CC1120_ManualCalibration  cc1120.o
    0x080011b0   0x00000054   Code   RO         3764    i.CC1120_PowerAmpWrite  cc1120.o
    0x08001204   0x000000bc   Code   RO         3765    i.CC1120_Read       cc1120.o
    0x080012c0   0x0000004c   Code   RO         3768    i.CC1120_Reset      cc1120.o
    0x0800130c   0x0000004c   Code   RO         3769    i.CC1120_Rx         cc1120.o
    0x08001358   0x0000002e   Code   RO         3770    i.CC1120_RxData     cc1120.o
    0x08001386   0x00000002   PAD
    0x08001388   0x0000004c   Code   RO         3771    i.CC1120_RxFIFOFlush  cc1120.o
    0x080013d4   0x00000050   Code   RO         3772    i.CC1120_RxFIFONumBytes  cc1120.o
    0x08001424   0x0000005c   Code   RO         3773    i.CC1120_RxFIFORead  cc1120.o
    0x08001480   0x0000005c   Code   RO         3775    i.CC1120_SetConfig  cc1120.o
    0x080014dc   0x00000050   Code   RO         3776    i.CC1120_Status     cc1120.o
    0x0800152c   0x0000004c   Code   RO         3777    i.CC1120_Tx         cc1120.o
    0x08001578   0x00000038   Code   RO         3778    i.CC1120_TxData     cc1120.o
    0x080015b0   0x0000004c   Code   RO         3779    i.CC1120_TxFIFOFlush  cc1120.o
    0x080015fc   0x00000050   Code   RO         3780    i.CC1120_TxFIFONumBytes  cc1120.o
    0x0800164c   0x0000004c   Code   RO         3781    i.CC1120_TxFIFOWrite  cc1120.o
    0x08001698   0x000000d4   Code   RO         3782    i.CC1120_Write      cc1120.o
    0x0800176c   0x0000000c   Code   RO         4331    i.CMX7262TimerCounter  timers.o
    0x08001778   0x00000030   Code   RO         3984    i.CMX7262_AnalogBlocks  cmx7262.o
    0x080017a8   0x0000001a   Code   RO         3985    i.CMX7262_AudioInputGain  cmx7262.o
    0x080017c2   0x00000012   Code   RO         3986    i.CMX7262_AudioOutputGain  cmx7262.o
    0x080017d4   0x0000003c   Code   RO         3989    i.CMX7262_Config    cmx7262.o
    0x08001810   0x000000f4   Code   RO         3990    i.CMX7262_ConfigClocks  cmx7262.o
    0x08001904   0x00000034   Code   RO         3991    i.CMX7262_Decode    cmx7262.o
    0x08001938   0x0000001c   Code   RO         3993    i.CMX7262_EnableIRQ  cmx7262.o
    0x08001954   0x00000038   Code   RO         3994    i.CMX7262_Encode    cmx7262.o
    0x0800198c   0x00000020   Code   RO         3999    i.CMX7262_FlushStatusReg  cmx7262.o
    0x080019ac   0x0000002c   Code   RO         4000    i.CMX7262_HardwareReset  cmx7262.o
    0x080019d8   0x000000dc   Code   RO         4001    i.CMX7262_IRQ       cmx7262.o
    0x08001ab4   0x00000050   Code   RO         4002    i.CMX7262_Idle      cmx7262.o
    0x08001b04   0x00000090   Code   RO         4003    i.CMX7262_Init      cmx7262.o
    0x08001b94   0x0000003c   Code   RO         4004    i.CMX7262_InitHardware  cmx7262.o
    0x08001bd0   0x00000012   Code   RO         4005    i.CMX7262_Routing   cmx7262.o
    0x08001be2   0x00000014   Code   RO         4006    i.CMX7262_RxFIFO    cmx7262.o
    0x08001bf6   0x00000002   PAD
    0x08001bf8   0x00000060   Code   RO         4009    i.CMX7262_Transcode  cmx7262.o
    0x08001c58   0x00000014   Code   RO         4010    i.CMX7262_TxFIFO    cmx7262.o
    0x08001c6c   0x0000002c   Code   RO         4980    i.CheckForSerialProtocolData  uart_intermodule.o
    0x08001c98   0x00000010   Code   RO         4332    i.ClearCMX7262TimerCounter  timers.o
    0x08001ca8   0x00000018   Code   RO         4333    i.ClearHighPrecisionCounter  timers.o
    0x08001cc0   0x00000018   Code   RO         3630    i.DMA1_Channel2_3_IRQHandler  stm32f0xx_it.o
    0x08001cd8   0x0000002c   Code   RO         3631    i.DMA1_Channel4_5_6_7_IRQHandler  stm32f0xx_it.o
    0x08001d04   0x00000014   Code   RO         3632    i.EXTI0_1_IRQHandler  stm32f0xx_it.o
    0x08001d18   0x00000018   Code   RO         3633    i.EXTI4_15_IRQHandler  stm32f0xx_it.o
    0x08001d30   0x00000324   Code   RO         1163    i.HAL_DMA_IRQHandler  stm32f0xx_hal_dma.o
    0x08002054   0x0000005c   Code   RO         1164    i.HAL_DMA_Init      stm32f0xx_hal_dma.o
    0x080020b0   0x00000072   Code   RO         1167    i.HAL_DMA_Start_IT  stm32f0xx_hal_dma.o
    0x08002122   0x00000002   Code   RO         1299    i.HAL_GPIO_EXTI_Callback  stm32f0xx_hal_gpio.o
    0x08002124   0x00000020   Code   RO         1300    i.HAL_GPIO_EXTI_IRQHandler  stm32f0xx_hal_gpio.o
    0x08002144   0x000001f8   Code   RO         1301    i.HAL_GPIO_Init     stm32f0xx_hal_gpio.o
    0x0800233c   0x00000012   Code   RO         1303    i.HAL_GPIO_ReadPin  stm32f0xx_hal_gpio.o
    0x0800234e   0x0000000c   Code   RO         1305    i.HAL_GPIO_WritePin  stm32f0xx_hal_gpio.o
    0x0800235a   0x00000002   PAD
    0x0800235c   0x0000000c   Code   RO          922    i.HAL_GetTick       stm32f0xx_hal.o
    0x08002368   0x0000008e   Code   RO         1242    i.HAL_I2CEx_ConfigAnalogFilter  stm32f0xx_hal_i2c_ex.o
    0x080023f6   0x00000002   PAD
    0x080023f8   0x000000c4   Code   RO         1857    i.HAL_I2C_Init      stm32f0xx_hal_i2c.o
    0x080024bc   0x00000184   Code   RO         1869    i.HAL_I2C_Mem_Read  stm32f0xx_hal_i2c.o
    0x08002640   0x0000005c   Code   RO         3463    i.HAL_I2C_MspInit   stm32f0xx_hal_msp.o
    0x0800269c   0x00000010   Code   RO          923    i.HAL_IncTick       stm32f0xx_hal.o
    0x080026ac   0x00000020   Code   RO          924    i.HAL_Init          stm32f0xx_hal.o
    0x080026cc   0x00000026   Code   RO          925    i.HAL_InitTick      stm32f0xx_hal.o
    0x080026f2   0x00000002   PAD
    0x080026f4   0x00000030   Code   RO         3464    i.HAL_MspInit       stm32f0xx_hal_msp.o
    0x08002724   0x00000018   Code   RO          457    i.HAL_NVIC_EnableIRQ  stm32f0xx_hal_cortex.o
    0x0800273c   0x00000012   Code   RO          461    i.HAL_NVIC_SetPriority  stm32f0xx_hal_cortex.o
    0x0800274e   0x00000002   PAD
    0x08002750   0x0000015c   Code   RO          743    i.HAL_RCCEx_PeriphCLKConfig  stm32f0xx_hal_rcc_ex.o
    0x080028ac   0x000002cc   Code   RO         1390    i.HAL_RCC_ClockConfig  stm32f0xx_hal_rcc.o
    0x08002b78   0x0000002c   Code   RO         1395    i.HAL_RCC_GetHCLKFreq  stm32f0xx_hal_rcc.o
    0x08002ba4   0x00000024   Code   RO         1397    i.HAL_RCC_GetPCLK1Freq  stm32f0xx_hal_rcc.o
    0x08002bc8   0x000000f0   Code   RO         1398    i.HAL_RCC_GetSysClockFreq  stm32f0xx_hal_rcc.o
    0x08002cb8   0x00000658   Code   RO         1401    i.HAL_RCC_OscConfig  stm32f0xx_hal_rcc.o
    0x08003310   0x00000002   Code   RO            7    i.HAL_SPI_ErrorCallback  stm32f0xx_hal_spi.o
    0x08003312   0x000000d8   Code   RO           10    i.HAL_SPI_IRQHandler  stm32f0xx_hal_spi.o
    0x080033ea   0x00000002   PAD
    0x080033ec   0x000000f0   Code   RO           11    i.HAL_SPI_Init      stm32f0xx_hal_spi.o
    0x080034dc   0x000001b4   Code   RO         3466    i.HAL_SPI_MspInit   stm32f0xx_hal_msp.o
    0x08003690   0x00000002   Code   RO           17    i.HAL_SPI_RxCpltCallback  stm32f0xx_hal_spi.o
    0x08003692   0x00000002   PAD
    0x08003694   0x00000150   Code   RO           22    i.HAL_SPI_TransmitReceive_IT  stm32f0xx_hal_spi.o
    0x080037e4   0x0000002c   Code   RO         4274    i.HAL_SPI_TxRxCpltCallback  spi_periphery.o
    0x08003810   0x00000024   Code   RO          463    i.HAL_SYSTICK_CLKSourceConfig  stm32f0xx_hal_cortex.o
    0x08003834   0x00000002   Code   RO          464    i.HAL_SYSTICK_Callback  stm32f0xx_hal_cortex.o
    0x08003836   0x00000002   PAD
    0x08003838   0x00000038   Code   RO          465    i.HAL_SYSTICK_Config  stm32f0xx_hal_cortex.o
    0x08003870   0x00000008   Code   RO          466    i.HAL_SYSTICK_IRQHandler  stm32f0xx_hal_cortex.o
    0x08003878   0x00000062   Code   RO         1596    i.HAL_TIMEx_MasterConfigSynchronization  stm32f0xx_hal_tim_ex.o
    0x080038da   0x00000038   Code   RO         2219    i.HAL_TIM_Base_Init  stm32f0xx_hal_tim.o
    0x08003912   0x00000002   PAD
    0x08003914   0x000000ac   Code   RO         3468    i.HAL_TIM_Base_MspInit  stm32f0xx_hal_msp.o
    0x080039c0   0x0000001e   Code   RO         2222    i.HAL_TIM_Base_Start  stm32f0xx_hal_tim.o
    0x080039de   0x0000013e   Code   RO         2228    i.HAL_TIM_ConfigClockSource  stm32f0xx_hal_tim.o
    0x08003b1c   0x00000058   Code   RO         2300    i.HAL_TIM_SlaveConfigSynchronization  stm32f0xx_hal_tim.o
    0x08003b74   0x00000002   Code   RO         1503    i.HAL_UARTEx_WakeupCallback  stm32f0xx_hal_uart_ex.o
    0x08003b76   0x00000002   Code   RO         2974    i.HAL_UART_ErrorCallback  stm32f0xx_hal_uart.o
    0x08003b78   0x0000014e   Code   RO         1504    i.HAL_UART_IRQHandler  stm32f0xx_hal_uart_ex.o
    0x08003cc6   0x00000082   Code   RO         2977    i.HAL_UART_Init     stm32f0xx_hal_uart.o
    0x08003d48   0x00000154   Code   RO         3470    i.HAL_UART_MspInit  stm32f0xx_hal_msp.o
    0x08003e9c   0x000000ac   Code   RO         2981    i.HAL_UART_Receive_DMA  stm32f0xx_hal_uart.o
    0x08003f48   0x00000048   Code   RO         4982    i.HAL_UART_RxCpltCallback  uart_intermodule.o
    0x08003f90   0x00000002   Code   RO         2984    i.HAL_UART_RxHalfCpltCallback  stm32f0xx_hal_uart.o
    0x08003f92   0x00000002   PAD
    0x08003f94   0x000000b4   Code   RO         2986    i.HAL_UART_Transmit_DMA  stm32f0xx_hal_uart.o
    0x08004048   0x0000000c   Code   RO         4983    i.HAL_UART_TxCpltCallback  uart_intermodule.o
    0x08004054   0x00000002   Code   RO         2989    i.HAL_UART_TxHalfCpltCallback  stm32f0xx_hal_uart.o
    0x08004056   0x00000002   PAD
    0x08004058   0x0000003c   Code   RO         4984    i.InitSerialProtocol  uart_intermodule.o
    0x08004094   0x0000001c   Code   RO         4334    i.ReadHighPrecisionCounter  timers.o
    0x080040b0   0x0000002c   Code   RO         4275    i.ResetCpltState_SPI_TransmitReceive  spi_periphery.o
    0x080040dc   0x0000027c   Code   RO         4012    i.SDR_Load_FI       cmx7262.o
    0x08004358   0x00000010   Code   RO         3634    i.SPI1_IRQHandler   stm32f0xx_it.o
    0x08004368   0x00000010   Code   RO         3635    i.SPI2_IRQHandler   stm32f0xx_it.o
    0x08004378   0x00000002   Code   RO         4276    i.SPI_TIMEOUT_UserCallback  spi_periphery.o
    0x0800437a   0x00000002   PAD
    0x0800437c   0x00000050   Code   RO         4277    i.SPI_TransmitRecieve  spi_periphery.o
    0x080043cc   0x0000004c   Code   RO         4278    i.SPI_TransmitRecieveByte  spi_periphery.o
    0x08004418   0x0000005c   Code   RO         4985    i.SendDataToExtDev  uart_intermodule.o
    0x08004474   0x00000024   Code   RO         4335    i.StartPeriphTimers  timers.o
    0x08004498   0x0000000c   Code   RO         3636    i.SysTick_Handler   stm32f0xx_it.o
    0x080044a4   0x00000078   Code   RO         3246    i.SystemInit        system_stm32f0xx.o
    0x0800451c   0x000000a4   Code   RO         2303    i.TIM_Base_SetConfig  stm32f0xx_hal_tim.o
    0x080045c0   0x000000f0   Code   RO         2990    i.UART_AdvFeatureConfig  stm32f0xx_hal_uart.o
    0x080046b0   0x00000078   Code   RO         2991    i.UART_CheckIdleState  stm32f0xx_hal_uart.o
    0x08004728   0x0000003c   Code   RO         2992    i.UART_EndTransmit_IT  stm32f0xx_hal_uart.o
    0x08004764   0x00000024   Code   RO         4987    i.UART_InitInterface  uart_intermodule.o
    0x08004788   0x000000a8   Code   RO         2993    i.UART_Receive_IT   stm32f0xx_hal_uart.o
    0x08004830   0x0000020c   Code   RO         2994    i.UART_SetConfig    stm32f0xx_hal_uart.o
    0x08004a3c   0x0000007a   Code   RO         2995    i.UART_Transmit_IT  stm32f0xx_hal_uart.o
    0x08004ab6   0x000000fe   Code   RO         2996    i.UART_WaitOnFlagUntilTimeout  stm32f0xx_hal_uart.o
    0x08004bb4   0x00000010   Code   RO         3637    i.USART1_IRQHandler  stm32f0xx_it.o
    0x08004bc4   0x00000010   Code   RO         3638    i.USART2_IRQHandler  stm32f0xx_it.o
    0x08004bd4   0x00000014   Code   RO         4988    i.WaitNextByteFromUART  uart_intermodule.o
    0x08004be8   0x00000014   Code   RO         4336    i.WaitTimeMCS       timers.o
    0x08004bfc   0x0000015c   Code   RO         5836    i._Z10DecodeDataPhhS_RhRs  radiologic.o
    0x08004d58   0x0000012c   Code   RO         5837    i._Z10EncodeDataPhhS_Rh  radiologic.o
    0x08004e84   0x00000044   Code   RO         3279    i._Z11MX_DMA_Initv  main.o
    0x08004ec8   0x0000014c   Code   RO         3280    i._Z12MX_GPIO_Initv  main.o
    0x08005014   0x0000003c   Code   RO         3281    i._Z12MX_I2C1_Initv  main.o
    0x08005050   0x0000004c   Code   RO         3282    i._Z12MX_SPI1_Initv  main.o
    0x0800509c   0x0000004c   Code   RO         3283    i._Z12MX_SPI2_Initv  main.o
    0x080050e8   0x00000080   Code   RO         3284    i._Z12MX_TIM1_Initv  main.o
    0x08005168   0x00000070   Code   RO         3285    i._Z12MX_TIM2_Initv  main.o
    0x080051d8   0x00000050   Code   RO         3286    i._Z12MX_TIM3_Initv  main.o
    0x08005228   0x0000003c   Code   RO         5838    i._Z13BinToHexArrayPKhtPh  radiologic.o
    0x08005264   0x00000020   Code   RO         1168    i._Z13DMA_SetConfigP19__DMA_HandleTypeDefjjj  stm32f0xx_hal_dma.o
    0x08005284   0x000000d0   Code   RO         5839    i._Z13FormRadioPackP12RadioMessagePhhh  radiologic.o
    0x08005354   0x0000003c   Code   RO         5840    i._Z13HexToBinArrayPKhtPh  radiologic.o
    0x08005390   0x00000080   Code   RO         3287    i._Z13MX_TIM15_Initv  main.o
    0x08005410   0x00000026   Code   RO         2997    i._Z13UART_DMAErrorP19__DMA_HandleTypeDef  stm32f0xx_hal_uart.o
    0x08005436   0x0000001e   Code   RO         5178    i._Z13hammingWeighth  trelliscoder.o
    0x08005454   0x00000120   Code   RO         5180    i._Z13trellisDec3_4PKaPa  trelliscoder.o
    0x08005574   0x000000d4   Code   RO         5182    i._Z13trellisEnc3_4PKaPa  trelliscoder.o
    0x08005648   0x0000004e   Code   RO         5841    i._Z14DecodeRadioMsgP12RadioMessage  radiologic.o
    0x08005696   0x00000052   Code   RO         5842    i._Z14EncodeRadioMsgP12RadioMessage  radiologic.o
    0x080056e8   0x000000ac   Code   RO         4422    i._Z14ReadFromEEPROMP17I2C_HandleTypeDefjPhj  eeprom.o
    0x08005794   0x00000022   Code   RO         5843    i._Z15ApplyRSSIOffseta  radiologic.o
    0x080057b6   0x00000002   PAD
    0x080057b8   0x00000014   Code   RO         5667    i._Z15FrontEndSetToRxv  processstates.o
    0x080057cc   0x00000014   Code   RO         5668    i._Z15FrontEndSetToTxv  processstates.o
    0x080057e0   0x0000008c   Code   RO         5669    i._Z15ProcessPTTStatev  processstates.o
    0x0800586c   0x0000003c   Code   RO         5670    i._Z15RadioModuleInitP19__SPI_HandleTypeDefS0_  processstates.o
    0x080058a8   0x00000030   Code   RO         5671    i._Z15isNeedCheckRSSIv  processstates.o
    0x080058d8   0x00000034   Code   RO         5074    i._Z16AddDataToFIFOBufPhRtS_t  fifobuffers.o
    0x0800590c   0x00000078   Code   RO          467    i._Z16NVIC_SetPriority9IRQn_Typej  stm32f0xx_hal_cortex.o
    0x08005984   0x00000040   Code   RO         4542    i._Z16ProcessAsyncDatav  spimlogic.o
    0x080059c4   0x00000108   Code   RO         5844    i._Z16ProcessRadioPackPhRtRhS_  radiologic.o
    0x08005acc   0x00000100   Code   RO         5673    i._Z16ProcessRxRunningv  processstates.o
    0x08005bcc   0x00000024   Code   RO         5674    i._Z16ProcessRxWaitingv  processstates.o
    0x08005bf0   0x000000bc   Code   RO         5675    i._Z16ProcessTxRunningv  processstates.o
    0x08005cac   0x0000003c   Code   RO         5676    i._Z16ProcessTxWaitingv  processstates.o
    0x08005ce8   0x000000d0   Code   RO         4543    i._Z17ProcessCmdSetModeP11SPIMMessage  spimlogic.o
    0x08005db8   0x00000040   Code   RO         5677    i._Z17ProcessRadioStatev  processstates.o
    0x08005df8   0x0000008c   Code   RO           36    i._Z17SPI_CloseRxTx_ISRP19__SPI_HandleTypeDef  stm32f0xx_hal_spi.o
    0x08005e84   0x0000001e   Code   RO         2310    i._Z17TIM_ETR_SetConfigP11TIM_TypeDefjjj  stm32f0xx_hal_tim.o
    0x08005ea2   0x0000005c   Code   RO         4544    i._Z18FormAnswerToExtDevP11SPIMMessageS0_  spimlogic.o
    0x08005efe   0x00000002   PAD
    0x08005f00   0x00000030   Code   RO         1886    i._Z18I2C_TransferConfigP17I2C_HandleTypeDefthjj  stm32f0xx_hal_i2c.o
    0x08005f30   0x00000018   Code   RO         4463    i._Z18ReadCMXImageStructPv  storecmximage.o
    0x08005f48   0x0000001c   Code   RO         4464    i._Z18ReadPageFromEEPROMtPt  storecmximage.o
    0x08005f64   0x00000038   Code   RO         4465    i._Z18ReadWordFromEEPROMjPt  storecmximage.o
    0x08005f9c   0x0000003e   Code   RO         5075    i._Z18RemDataFromFIFOBufPhRtt  fifobuffers.o
    0x08005fda   0x00000072   Code   RO         3288    i._Z18SystemClock_Configv  main.o
    0x0800604c   0x0000001a   Code   RO         2318    i._Z18TIM_ITRx_SetConfigP11TIM_TypeDeft  stm32f0xx_hal_tim.o
    0x08006066   0x00000002   PAD
    0x08006068   0x00000018   Code   RO         5679    i._Z18TransceiverStartRxv  processstates.o
    0x08006080   0x0000000e   Code   RO         2998    i._Z18UART_DMARxHalfCpltP19__DMA_HandleTypeDef  stm32f0xx_hal_uart.o
    0x0800608e   0x0000000e   Code   RO         2999    i._Z18UART_DMATxHalfCpltP19__DMA_HandleTypeDef  stm32f0xx_hal_uart.o
    0x0800609c   0x0000001c   Code   RO         5680    i._Z18VocoderStartDecodev  processstates.o
    0x080060b8   0x00000010   Code   RO         5681    i._Z18VocoderStartEncodev  processstates.o
    0x080060c8   0x00000048   Code   RO         4545    i._Z19FormDataMsgToExtDevP11SPIMMessage  spimlogic.o
    0x08006110   0x00000028   Code   RO         3289    i._Z19MX_USART1_UART_Initv  main.o
    0x08006138   0x0000003c   Code   RO         3290    i._Z19MX_USART2_UART_Initv  main.o
    0x08006174   0x000000a0   Code   RO         5682    i._Z19ProcessCMX7262Statev  processstates.o
    0x08006214   0x00000028   Code   RO         4546    i._Z19ProcessDataToExtDevv  spimlogic.o
    0x0800623c   0x00000042   Code   RO         3000    i._Z19UART_DMAReceiveCpltP19__DMA_HandleTypeDef  stm32f0xx_hal_uart.o
    0x0800627e   0x00000030   Code   RO         5845    i._Z20FormAndSendRadioPackPhth  radiologic.o
    0x080062ae   0x00000002   PAD
    0x080062b0   0x00000098   Code   RO           41    i._Z20SPI_2linesRxISR_8BITP19__SPI_HandleTypeDef  stm32f0xx_hal_spi.o
    0x08006348   0x0000006a   Code   RO           42    i._Z20SPI_2linesTxISR_8BITP19__SPI_HandleTypeDef  stm32f0xx_hal_spi.o
    0x080063b2   0x0000003a   Code   RO         3001    i._Z20UART_DMATransmitCpltP19__DMA_HandleTypeDef  stm32f0xx_hal_uart.o
    0x080063ec   0x00000048   Code   RO         4547    i._Z21FormAsyncReqParamBackhP11SPIMMessage  spimlogic.o
    0x08006434   0x0000008a   Code   RO         1890    i._Z21I2C_RequestMemoryReadP17I2C_HandleTypeDeftttj  stm32f0xx_hal_i2c.o
    0x080064be   0x00000064   Code   RO         5183    i._Z21InterleaveTrellisDataPaS_  trelliscoder.o
    0x08006522   0x00000002   PAD
    0x08006524   0x0000004c   Code   RO         4548    i._Z21ProcessDataFromExtDevv  spimlogic.o
    0x08006570   0x00000054   Code   RO           44    i._Z21SPI_2linesRxISR_16BITP19__SPI_HandleTypeDef  stm32f0xx_hal_spi.o
    0x080065c4   0x00000050   Code   RO           45    i._Z21SPI_2linesTxISR_16BITP19__SPI_HandleTypeDef  stm32f0xx_hal_spi.o
    0x08006614   0x00000178   Code   RO         4549    i._Z22FormCurrentParamAnswerP11SPIMMessagePhRh  spimlogic.o
    0x0800678c   0x00000044   Code   RO           47    i._Z22SPI_EndRxTxTransactionP19__SPI_HandleTypeDefj  stm32f0xx_hal_spi.o
    0x080067d0   0x00000064   Code   RO         5184    i._Z23DeinterleaveTrellisDataPaS_  trelliscoder.o
    0x08006834   0x000000c0   Code   RO         1896    i._Z23I2C_IsAcknowledgeFailedP17I2C_HandleTypeDefj  stm32f0xx_hal_i2c.o
    0x080068f4   0x00000030   Code   RO           48    i._Z23SPI_2linesRxISR_8BITCRCP19__SPI_HandleTypeDef  stm32f0xx_hal_spi.o
    0x08006924   0x00000104   Code   RO         4550    i._Z24FormBodyOfAnswerToExtDevP11SPIMMessagePhRh  spimlogic.o
    0x08006a28   0x00000048   Code   RO         4551    i._Z24FormRecStatusMsgToExtDevP11SPIMMessage  spimlogic.o
    0x08006a70   0x00000020   Code   RO           50    i._Z24SPI_2linesRxISR_16BITCRCP19__SPI_HandleTypeDef  stm32f0xx_hal_spi.o
    0x08006a90   0x000000ac   Code   RO         2320    i._Z24TIM_SlaveTimer_SetConfigP17TIM_HandleTypeDefP22TIM_SlaveConfigTypeDef  stm32f0xx_hal_tim.o
    0x08006b3c   0x00000036   Code   RO         2321    i._Z24TIM_TI1_ConfigInputStageP11TIM_TypeDefjj  stm32f0xx_hal_tim.o
    0x08006b72   0x00000036   Code   RO         2322    i._Z24TIM_TI2_ConfigInputStageP11TIM_TypeDefjj  stm32f0xx_hal_tim.o
    0x08006ba8   0x00000028   Code   RO         4552    i._Z25FormAndSendAnswerToExtDevP11SPIMMessage  spimlogic.o
    0x08006bd0   0x00000024   Code   RO         5846    i._Z25SendRadioPackToTansceiverPht  radiologic.o
    0x08006bf4   0x00000034   Code   RO         4553    i._Z26FormAndSendDataMsgToExtDevv  spimlogic.o
    0x08006c28   0x000000aa   Code   RO         1900    i._Z26I2C_WaitOnFlagUntilTimeoutP17I2C_HandleTypeDefj10FlagStatusj  stm32f0xx_hal_i2c.o
    0x08006cd2   0x00000002   PAD
    0x08006cd4   0x00000024   Code   RO         5847    i._Z27FormAndPushToQueRecStatsMsgaha  radiologic.o
    0x08006cf8   0x0000003a   Code   RO         4554    i._Z27FormBodyOfAsyncReqParamBackhPhRh  spimlogic.o
    0x08006d32   0x00000002   PAD
    0x08006d34   0x00000034   Code   RO         4555    i._Z28FormAndSendRecStatusToExtDevv  spimlogic.o
    0x08006d68   0x000000c0   Code   RO           52    i._Z29SPI_WaitFifoStateUntilTimeoutP19__SPI_HandleTypeDefjjj  stm32f0xx_hal_spi.o
    0x08006e28   0x000000ac   Code   RO           53    i._Z29SPI_WaitFlagStateUntilTimeoutP19__SPI_HandleTypeDefjjj  stm32f0xx_hal_spi.o
    0x08006ed4   0x0000005c   Code   RO         1902    i._Z30I2C_WaitOnSTOPFlagUntilTimeoutP17I2C_HandleTypeDefj  stm32f0xx_hal_i2c.o
    0x08006f30   0x00000060   Code   RO         1903    i._Z30I2C_WaitOnTXISFlagUntilTimeoutP17I2C_HandleTypeDefj  stm32f0xx_hal_i2c.o
    0x08006f90   0x00000068   Code   RO         5848    i._Z9BERInPackPhhh  radiologic.o
    0x08006ff8   0x00000006   Code   RO         5338    i._ZN11RadioModule10GetFECModeEv  radiomodule.o
    0x08006ffe   0x00000006   Code   RO         5339    i._ZN11RadioModule10IsTestModeEv  radiomodule.o
    0x08007004   0x00000010   Code   RO         5340    i._ZN11RadioModule10SetFECModeEh  radiomodule.o
    0x08007014   0x00000014   Code   RO         5341    i._ZN11RadioModule11SetTestModeEh  radiomodule.o
    0x08007028   0x00000014   Code   RO         5342    i._ZN11RadioModule12FreqCodeToHzEt  radiomodule.o
    0x0800703c   0x00000006   Code   RO         5343    i._ZN11RadioModule12GetRSSILevelEv  radiomodule.o
    0x08007042   0x0000000e   Code   RO         5344    i._ZN11RadioModule12isFECEnabledEv  radiomodule.o
    0x08007050   0x00000008   Code   RO         5345    i._ZN11RadioModule13GetARMSoftVerEv  radiomodule.o
    0x08007058   0x00000006   Code   RO         5346    i._ZN11RadioModule13GetRxFreqChanEv  radiomodule.o
    0x0800705e   0x00000006   Code   RO         5347    i._ZN11RadioModule13GetTxFreqChanEv  radiomodule.o
    0x08007064   0x00000068   Code   RO         5348    i._ZN11RadioModule13SetCC1120FreqEj  radiomodule.o
    0x080070cc   0x00000012   Code   RO         5349    i._ZN11RadioModule13SetRxFreqChanEt  radiomodule.o
    0x080070de   0x00000012   Code   RO         5350    i._ZN11RadioModule13SetTxFreqChanEt  radiomodule.o
    0x080070f0   0x00000044   Code   RO         5351    i._ZN11RadioModule14ApplyRadioFreqEv  radiomodule.o
    0x08007134   0x00000006   Code   RO         5352    i._ZN11RadioModule14GetTestPatternEv  radiomodule.o
    0x0800713a   0x00000010   Code   RO         5353    i._ZN11RadioModule14SetTestPatternEh  radiomodule.o
    0x0800714a   0x00000006   Code   RO         5354    i._ZN11RadioModule15GetARMPowerModeEv  radiomodule.o
    0x08007150   0x00000006   Code   RO         5355    i._ZN11RadioModule15GetAudioInLevelEv  radiomodule.o
    0x08007156   0x00000006   Code   RO         5356    i._ZN11RadioModule15GetRadioAddressEv  radiomodule.o
    0x0800715c   0x00000010   Code   RO         5357    i._ZN11RadioModule15SetARMPowerModeEh  radiomodule.o
    0x0800716c   0x00000012   Code   RO         5358    i._ZN11RadioModule15SetAudioInLevelEh  radiomodule.o
    0x0800717e   0x00000008   Code   RO         5359    i._ZN11RadioModule15SetRadioAddressEh  radiomodule.o
    0x08007186   0x00000002   PAD
    0x08007188   0x0000006c   Code   RO         5360    i._ZN11RadioModule16ApplyRadioConfigEv  radiomodule.o
    0x080071f4   0x00000006   Code   RO         5361    i._ZN11RadioModule16GetAudioOutLevelEv  radiomodule.o
    0x080071fa   0x00000006   Code   RO         5362    i._ZN11RadioModule16GetRadioBaudRateEv  radiomodule.o
    0x08007200   0x00000006   Code   RO         5363    i._ZN11RadioModule16GetRadioChanTypeEv  radiomodule.o
    0x08007206   0x00000006   Code   RO         5364    i._ZN11RadioModule16GetTxTrafficTypeEv  radiomodule.o
    0x0800720c   0x00000012   Code   RO         5365    i._ZN11RadioModule16SetAudioOutLevelEh  radiomodule.o
    0x0800721e   0x0000001a   Code   RO         5366    i._ZN11RadioModule16SetRadioBaudRateEh  radiomodule.o
    0x08007238   0x00000010   Code   RO         5367    i._ZN11RadioModule16SetRadioChanTypeEh  radiomodule.o
    0x08007248   0x00000010   Code   RO         5368    i._ZN11RadioModule16SetTxTrafficTypeEh  radiomodule.o
    0x08007258   0x00000006   Code   RO         5369    i._ZN11RadioModule17GetRadioChanStateEv  radiomodule.o
    0x0800725e   0x0000002a   Code   RO         5370    i._ZN11RadioModule17SetRadioChanStateEh  radiomodule.o
    0x08007288   0x0000001e   Code   RO         5371    i._ZN11RadioModule17SwitchToIdleStateEv  radiomodule.o
    0x080072a6   0x00000020   Code   RO         5372    i._ZN11RadioModule18ApplyAudioSettingsEv  radiomodule.o
    0x080072c6   0x00000006   Code   RO         5373    i._ZN11RadioModule19GetRadioModuleStateEv  radiomodule.o
    0x080072cc   0x00000006   Code   RO         5374    i._ZN11RadioModule19GetRadioSignalPowerEv  radiomodule.o
    0x080072d2   0x00000010   Code   RO         5375    i._ZN11RadioModule19SetRadioModuleStateEh  radiomodule.o
    0x080072e2   0x0000001a   Code   RO         5376    i._ZN11RadioModule19SetRadioSignalPowerEh  radiomodule.o
    0x080072fc   0x00000008   Code   RO         5378    i._ZN11RadioModule20SetAsyncReqMaskParamEh  radiomodule.o
    0x08007304   0x00000020   Code   RO         5379    i._ZN11RadioModule20SetCMX7262AudioGainsEtt  radiomodule.o
    0x08007324   0x00000040   Code   RO         5380    i._ZN11RadioModule21ApplyRadioSignalPowerEv  radiomodule.o
    0x08007364   0x00000010   Code   RO         5381    i._ZN11RadioModule22GetMaskOfChangedParamsEv  radiomodule.o
    0x08007374   0x00000006   Code   RO         5382    i._ZN11RadioModule23IsAsyncReqReceiverStatsEv  radiomodule.o
    0x0800737a   0x00000014   Code   RO         5383    i._ZN11RadioModule24SetAsyncReqReceiverStatsEh  radiomodule.o
    0x0800738e   0x0000001a   Code   RO         5384    i._ZN11RadioModule33AudioOutGainCodeToCMX7262ValueRegEh  radiomodule.o
    0x080073a8   0x00000020   Code   RO         5385    i._ZN11RadioModule8isRxModeEv  radiomodule.o
    0x080073c8   0x00000016   Code   RO         5386    i._ZN11RadioModule8isTxModeEv  radiomodule.o
    0x080073de   0x0000009e   Code   RO         5387    i._ZN11RadioModuleC1Ev  radiomodule.o
    0x0800747c   0x00000024   Code   RO         4781    i._ZN11SPIMMessage11CmdReqParam10OpModeCodeEhhhhh  spimmessage.o
    0x080074a0   0x0000001a   Code   RO         4782    i._ZN11SPIMMessage11CmdReqParam10isAudioReqEv  spimmessage.o
    0x080074ba   0x0000001a   Code   RO         4783    i._ZN11SPIMMessage11CmdReqParam11isOpModeReqEv  spimmessage.o
    0x080074d4   0x0000001a   Code   RO         4784    i._ZN11SPIMMessage11CmdReqParam11isRxFreqReqEv  spimmessage.o
    0x080074ee   0x0000001a   Code   RO         4785    i._ZN11SPIMMessage11CmdReqParam11isTxFreqReqEv  spimmessage.o
    0x08007508   0x0000000a   Code   RO         4786    i._ZN11SPIMMessage11CmdReqParam12MaskReqParamEv  spimmessage.o
    0x08007512   0x0000001a   Code   RO         4787    i._ZN11SPIMMessage11CmdReqParam12isFECModeReqEv  spimmessage.o
    0x0800752c   0x0000001a   Code   RO         4788    i._ZN11SPIMMessage11CmdReqParam14isAsynReqParamEv  spimmessage.o
    0x08007546   0x0000001a   Code   RO         4789    i._ZN11SPIMMessage11CmdReqParam14isChanStateReqEv  spimmessage.o
    0x08007560   0x00000004   Code   RO         4790    i._ZN11SPIMMessage11CmdReqParam19SetPointerToMessageEPS_  spimmessage.o
    0x08007564   0x0000000e   Code   RO         4791    i._ZN11SPIMMessage11CmdReqParam9AudioCodeEhh  spimmessage.o
    0x08007572   0x0000001a   Code   RO         4792    i._ZN11SPIMMessage11CmdReqParam9isRSSIReqEv  spimmessage.o
    0x0800758c   0x0000000a   Code   RO         4793    i._ZN11SPIMMessage11getSizeBodyEv  spimmessage.o
    0x08007596   0x0000000e   Code   RO         4794    i._ZN11SPIMMessage14ParseAudioCodeEhRhS0_  spimmessage.o
    0x080075a4   0x00000026   Code   RO         4795    i._ZN11SPIMMessage15ParseOpModeCodeEhRhS0_S0_S0_S0_  spimmessage.o
    0x080075ca   0x00000020   Code   RO         4797    i._ZN11SPIMMessage6setCRCEv  spimmessage.o
    0x080075ea   0x00000044   Code   RO         4798    i._ZN11SPIMMessage6setMsgEPhh  spimmessage.o
    0x0800762e   0x00000044   Code   RO         4800    i._ZN11SPIMMessage7setBodyEPhh  spimmessage.o
    0x08007672   0x0000001a   Code   RO         4801    i._ZN11SPIMMessage8CRC_CalcEPhh  spimmessage.o
    0x0800768c   0x00000026   Code   RO         4802    i._ZN11SPIMMessage8checkCRCEv  spimmessage.o
    0x080076b2   0x0000000a   Code   RO         4803    i._ZN11SPIMMessage8getIDCmdEv  spimmessage.o
    0x080076bc   0x0000000c   Code   RO         4804    i._ZN11SPIMMessage8getNoMsgEv  spimmessage.o
    0x080076c8   0x00000008   Code   RO         4805    i._ZN11SPIMMessage9IDBackCmdEh  spimmessage.o
    0x080076d0   0x00000052   Code   RO         4807    i._ZN11SPIMMessage9setHeaderEhhhh  spimmessage.o
    0x08007722   0x0000003a   Code   RO         4809    i._ZN11SPIMMessageC1Ev  spimmessage.o
    0x0800775c   0x00000002   Code   RO         4810    i._ZN11SPIMMessageD1Ev  spimmessage.o
    0x0800775e   0x0000000c   Code   RO         5237    i._ZN12RadioMessage13getDstAddressEv  radiomessage.o
    0x0800776a   0x0000000c   Code   RO         5238    i._ZN12RadioMessage13getPackLengthEv  radiomessage.o
    0x08007776   0x0000000c   Code   RO         5239    i._ZN12RadioMessage13getSrcAddressEv  radiomessage.o
    0x08007782   0x0000000c   Code   RO         5240    i._ZN12RadioMessage14getPayloadSizeEv  radiomessage.o
    0x0800778e   0x0000000c   Code   RO         5241    i._ZN12RadioMessage14getPayloadTypeEv  radiomessage.o
    0x0800779a   0x0000003a   Code   RO         5243    i._ZN12RadioMessage6setMsgEPhh  radiomessage.o
    0x080077d4   0x00000032   Code   RO         5244    i._ZN12RadioMessage7getBodyEPh  radiomessage.o
    0x08007806   0x0000003a   Code   RO         5245    i._ZN12RadioMessage7setBodyEPhh  radiomessage.o
    0x08007840   0x0000002c   Code   RO         5247    i._ZN12RadioMessage9setHeaderEhhhhh  radiomessage.o
    0x0800786c   0x00000060   Code   RO         5248    i._ZN12RadioMessageC1EPKht  radiomessage.o
    0x080078cc   0x0000003a   Code   RO         5249    i._ZN12RadioMessageC1Ev  radiomessage.o
    0x08007906   0x00000002   Code   RO         5250    i._ZN12RadioMessageD1Ev  radiomessage.o
    0x08007908   0x00000010   Code   RO         5124    i._ZN13QueDataFrames7isEmptyEv  quedataframes.o
    0x08007918   0x00000056   Code   RO         5125    i._ZN13QueDataFrames8PopFrameEPh  quedataframes.o
    0x0800796e   0x0000006a   Code   RO         5126    i._ZN13QueDataFrames9PushFrameEPht  quedataframes.o
    0x080079d8   0x00000012   Code   RO         5127    i._ZN13QueDataFramesC1Ett  quedataframes.o
    0x080079ea   0x0000003c   Code   RO         5128    i._ZN13QueDataFramesD1Ev  quedataframes.o
    0x08007a26   0x00000016   Code   RO         4738    i._ZN13SLIPInterface11WaitForPackEv  slipinterface.o
    0x08007a3c   0x0000009a   Code   RO         4739    i._ZN13SLIPInterface14FindPackInDataEPhtS0_RtS1_  slipinterface.o
    0x08007ad6   0x000000ea   Code   RO         4740    i._ZN13SLIPInterface16CheckForSLIPDataEhPhRtRh  slipinterface.o
    0x08007bc0   0x000000a2   Code   RO         4741    i._ZN13SLIPInterface8FormPackEPhtS0_Rtt  slipinterface.o
    0x08007c62   0x00000016   Code   RO         4742    i._ZN13SLIPInterfaceC1Ev  slipinterface.o
    0x08007c78   0x00000008   Code   RO         5955    i._ZdaPv            cpprt_p.l(array_del.o)
    0x08007c80   0x00000008   Code   RO         5962    i._ZdlPv            cpprt_p.l(delete.o)
    0x08007c88   0x00000008   Code   RO         5958    i._Znaj             cpprt_p.l(array_new.o)
    0x08007c90   0x00000028   Code   RO         5965    i._Znwj             cpprt_p.l(new.o)
    0x08007cb8   0x00000028   Code   RO         6136    i.__0sprintf$5      mc_p.l(printf5.o)
    0x08007ce0   0x0000002e   Code   RO         6362    i.__ARM_clz         mf_p.l(depilogue.o)
    0x08007d0e   0x0000001c   Code   RO         2955    i.__ARM_common_switch8  stm32f0xx_hal_tim.o
    0x08007d2a   0x0000002c   Code   RO         5969    i.__aeabi_atexit    cpprt_p.l(aeabi_atexit.o)
    0x08007d56   0x00000042   Code   RO         6297    i.__cxa_finalize    cpprt_p.l(cxa_finalize.o)
    0x08007d98   0x0000000e   Code   RO         6527    i.__scatterload_copy  mc_p.l(handlers.o)
    0x08007da6   0x00000002   Code   RO         6528    i.__scatterload_null  mc_p.l(handlers.o)
    0x08007da8   0x0000000e   Code   RO         6529    i.__scatterload_zeroinit  mc_p.l(handlers.o)
    0x08007db6   0x00000002   PAD
    0x08007db8   0x00000024   Code   RO         5849    i.__sti___12_RadioLogic_c_a39c20e5  radiologic.o
    0x08007ddc   0x0000003c   Code   RO         5684    i.__sti___15_ProcessStates_c_3ab37fea  processstates.o
    0x08007e18   0x000002dc   Code   RO         6141    i._printf_core      mc_p.l(printf5.o)
    0x080080f4   0x0000000a   Code   RO         6143    i._sputc            mc_p.l(printf5.o)
    0x080080fe   0x00000002   PAD
    0x08008100   0x000000c8   Code   RO         5973    i.ceil              m_ps.l(ceil.o)
    0x080081c8   0x000000c8   Code   RO         5977    i.floor             m_ps.l(floor.o)
    0x08008290   0x00000054   Code   RO         6320    i.free              mc_p.l(malloc.o)
    0x080082e4   0x00000038   Code   RO         4279    i.isCplt_SPI_TransmitReceive  spi_periphery.o
    0x0800831c   0x00000100   Code   RO         3291    i.main              main.o
    0x0800841c   0x0000006c   Code   RO         6321    i.malloc            mc_p.l(malloc.o)
    0x08008488   0x00000010   Data   RO         1415    .constdata          stm32f0xx_hal_rcc.o
    0x08008498   0x000002ec   Data   RO         3784    .constdata          cc1120.o
    0x08008784   0x00000100   Data   RO         5192    .constdata          trelliscoder.o
    0x08008884   0x000002ec   Data   RO         5438    .constdata          radiomodule.o
    0x08008b70   0x00000020   Data   RO         6525    Region$$Table       anon$$obj.o
    0x08008b90   0x00000004   Data   RO         5705    .init_array         processstates.o
    0x08008b94   0x00000004   Data   RO         5866    .init_array         radiologic.o
    0x08008b98   0x00000000   Data   RO         6263    .init_array         mc_p.l(cpp_init.o)


    Execution Region RW_IRAM1 (Base: 0x20000000, Size: 0x00002d78, Max: 0x00004000, ABSOLUTE, COMPRESSED[0x00000084])

    Base Addr    Size         Type   Attr      Idx    E Section Name        Object

    0x20000000   0x00000004   Data   RW          947    .data               stm32f0xx_hal.o
    0x20000004   0x00000014   Data   RW         3249    .data               system_stm32f0xx.o
    0x20000018   0x00000004   Data   RW         3785    .data               cc1120.o
    0x2000001c   0x00000008   Data   RW         4051    .data               cmx7262.o
    0x20000024   0x00000002   Data   RW         4280    .data               spi_periphery.o
    0x20000026   0x00000002   Data   RW         4470    .data               storecmximage.o
    0x20000028   0x00000031   Data   RW         4999    .data               uart_intermodule.o
    0x20000059   0x00000003   PAD
    0x2000005c   0x00000018   Data   RW         5704    .data               processstates.o
    0x20000074   0x00000102   Data   RW         5865    .data               radiologic.o
    0x20000176   0x00000002   PAD
    0x20000178   0x00000004   Data   RW         6350    .data               mc_p.l(cpp_dtor.o)
    0x2000017c   0x00000004   Data   RW         6355    .data               mc_p.l(cpp_memory.o)
    0x20000180   0x00000008   Data   RW         6358    .data               mc_p.l(cpp_unwinder.o)
    0x20000188   0x00000004   Data   RW         6492    .data               mc_p.l(mvars.o)
    0x2000018c   0x00000004   Data   RW         6493    .data               mc_p.l(mvars.o)
    0x20000190   0x00000424   Zero   RW         3305    .bss                main.o
    0x200005b4   0x000001ff   Zero   RW         3783    .bss                cc1120.o
    0x200007b3   0x0000016a   Zero   RW         4998    .bss                uart_intermodule.o
    0x2000091d   0x00000003   PAD
    0x20000920   0x00001848   Zero   RW         5703    .bss                processstates.o
    0x20002168   0x00000010   Zero   RW         5864    .bss                radiologic.o
    0x20002178   0x00000600   Zero   RW         3720    HEAP                startup_stm32f071xb.o
    0x20002778   0x00000600   Zero   RW         3719    STACK               startup_stm32f071xb.o


==============================================================================

Image component sizes


      Code (inc. data)   RO Data    RW Data    ZI Data      Debug   Object Name

        62          0          0          0          0        850   ad5601.o
      3430        266        748          4        511      19635   cc1120.o
      2384        108          0          8          0      21275   cmx7262.o
       172          0          0          0          0       1497   eeprom.o
       114          0          0          0          0       2964   fifobuffers.o
      1530        184          0          0       1060       8323   main.o
      1180        190          4         24       6216      18619   processstates.o
       286          0          0          0          0       4332   quedataframes.o
      1694         66          4        258         16      12087   radiologic.o
       426          0          0          0          0       8432   radiomessage.o
      1154         52        748          0          0      35485   radiomodule.o
       594          0          0          0          0       6224   slipinterface.o
       302         50          0          2          0       4335   spi_periphery.o
      1534         76          0          0          0      14841   spimlogic.o
       738          0          0          0          0      18440   spimmessage.o
        28          8        188          0       3072        704   startup_stm32f071xb.o
        98         14          0          4          0       2978   stm32f0xx_hal.o
       264         30          0          0          0      10171   stm32f0xx_hal_cortex.o
      1042         12          0          0          0       3455   stm32f0xx_hal_dma.o
       568         34          0          0          0       3971   stm32f0xx_hal_gpio.o
      1320         22          0          0          0       7146   stm32f0xx_hal_i2c.o
       142          0          0          0          0       1119   stm32f0xx_hal_i2c_ex.o
      1088        104          0          0          0     186656   stm32f0xx_hal_msp.o
      2660         98         16          0          0       5461   stm32f0xx_hal_rcc.o
       348         12          0          0          0       1412   stm32f0xx_hal_rcc_ex.o
      1870         52          0          0          0     240062   stm32f0xx_hal_spi.o
      1020         34          0          0          0       7339   stm32f0xx_hal_tim.o
        98          0          0          0          0       1132   stm32f0xx_hal_tim_ex.o
      2166         72          0          0          0      12232   stm32f0xx_hal_uart.o
       336          0          0          0          0       1682   stm32f0xx_hal_uart_ex.o
       188         58          0          0          0       3979   stm32f0xx_it.o
       108         12          0          2          0       2111   storecmximage.o
       120         18          0         20          0       1287   system_stm32f0xx.o
       136         40          0          0          0       2598   timers.o
       730         16        256          0          0       4994   trelliscoder.o
       336         86          0         49        362       6734   uart_intermodule.o

    ----------------------------------------------------------------------
     30312       1714       1996        376      11240     684562   Object Totals
         0          0         32          0          0          0   (incl. Generated)
        46          0          0          5          3          0   (incl. Padding)

    ----------------------------------------------------------------------

      Code (inc. data)   RO Data    RW Data    ZI Data      Debug   Library Member Name

        44          0          0          0          0         76   aeabi_atexit.o
        84         12          0          0          0         96   arm_exceptions_globs.o
        66          0          0          0          0        100   arm_exceptions_mem.o
        28          0          0          0          0         68   arm_exceptions_terminate.o
         8          0          0          0          0         68   arm_newhandler_noexceptions.o
         8          0          0          0          0         68   array_del.o
         8          0          0          0          0         68   array_new.o
        66          0          0          0          0         76   cxa_finalize.o
         8          0          0          0          0         68   delete.o
        40          4          0          0          0         68   new.o
       200         20          0          0          0         76   ceil.o
       200         20          0          0          0         76   floor.o
        86          0          0          0          0          0   __dczerorl2.o
         8          4          0          4          0         60   cpp_dtor.o
         2          0          0          0          0         60   cpp_final.o
        32         10          0          0          0         72   cpp_init.o
         8          4          0          4          0         60   cpp_memory.o
        32          6          0          8          0        228   cpp_unwinder.o
         0          0          0          0          0          0   entry.o
         0          0          0          0          0          0   entry10a.o
         0          0          0          0          0          0   entry11a.o
         8          4          0          0          0          0   entry2.o
         4          0          0          0          0          0   entry5.o
         0          0          0          0          0          0   entry7b.o
         4          0          0          0          0          0   entry8a.o
         0          0          0          0          0          0   entry8b.o
         8          4          0          0          0          0   entry9a.o
        30          0          0          0          0          0   handlers.o
        40          0          0          0          0         72   idiv.o
        36          8          0          0          0         68   init.o
         0          0          0          0          0          0   iusefp.o
        32          0          0          0          0         68   llshl.o
        38          0          0          0          0         68   llsshr.o
        34          0          0          0          0         68   llushr.o
       192         20          0          0          0        144   malloc.o
        64          0          0          0          0         68   memmovea.o
        36          0          0          0          0        100   memseta.o
         0          0          0          8          0          0   mvars.o
       782         48          0          0          0        228   printf5.o
        44          0          0          0          0         72   uidiv.o
        96          0          0          0          0         84   uldiv.o
        40          2          0          0          0         68   cdcmple.o
        40          2          0          0          0         68   cdrcmple.o
       356          4          0          0          0        140   dadd.o
       240          6          0          0          0         84   ddiv.o
       236          0          0          0          0        216   depilogue.o
        60         10          0          0          0         68   dfixui.o
        40          6          0          0          0         68   dflti.o
        28          4          0          0          0         68   dfltui.o

    ----------------------------------------------------------------------
      3428        198          0         24          0       3208   Library Totals
        12          0          0          0          0          0   (incl. Padding)

    ----------------------------------------------------------------------

      Code (inc. data)   RO Data    RW Data    ZI Data      Debug   Library Name

       360         16          0          0          0        756   cpprt_p.l
       400         40          0          0          0        152   m_ps.l
      1616        108          0         24          0       1520   mc_p.l
      1040         34          0          0          0        780   mf_p.l

    ----------------------------------------------------------------------
      3428        198          0         24          0       3208   Library Totals

    ----------------------------------------------------------------------

==============================================================================


      Code (inc. data)   RO Data    RW Data    ZI Data      Debug   

     33740       1912       1996        400      11240     671874   Grand Totals
     33740       1912       1996        132      11240     671874   ELF Image Totals (compressed)
     33740       1912       1996        132          0          0   ROM Totals

==============================================================================

    Total RO  Size (Code + RO Data)                35736 (  34.90kB)
    Total RW  Size (RW Data + ZI Data)             11640 (  11.37kB)
    Total ROM Size (Code + RO Data + RW Data)      35868 (  35.03kB)

==============================================================================

