Component: ARM Compiler 5.05 update 1 (build 106) Tool: armlink [4d0efa]

==============================================================================

Section Cross References

    stm32f0xx_hal_spi.o(i.HAL_SPI_DMAStop) refers to stm32f0xx_hal_dma.o(i.HAL_DMA_Abort) for HAL_DMA_Abort
    stm32f0xx_hal_spi.o(i.HAL_SPI_DeInit) refers to stm32f0xx_hal_msp.o(i.HAL_SPI_MspDeInit) for HAL_SPI_MspDeInit
    stm32f0xx_hal_spi.o(i.HAL_SPI_IRQHandler) refers to stm32f0xx_hal_spi.o(i.HAL_SPI_ErrorCallback) for HAL_SPI_ErrorCallback
    stm32f0xx_hal_spi.o(i.HAL_SPI_Init) refers to stm32f0xx_hal_msp.o(i.HAL_SPI_MspInit) for HAL_SPI_MspInit
    stm32f0xx_hal_spi.o(i.HAL_SPI_Receive) refers to stm32f0xx_hal.o(i.HAL_GetTick) for HAL_GetTick
    stm32f0xx_hal_spi.o(i.HAL_SPI_Receive) refers to stm32f0xx_hal_spi.o(i.HAL_SPI_TransmitReceive) for HAL_SPI_TransmitReceive
    stm32f0xx_hal_spi.o(i.HAL_SPI_Receive) refers to stm32f0xx_hal_spi.o(i._Z29SPI_WaitFlagStateUntilTimeoutP19__SPI_HandleTypeDefjjj) for SPI_WaitFlagStateUntilTimeout(__SPI_HandleTypeDef*, unsigned, unsigned, unsigned)
    stm32f0xx_hal_spi.o(i.HAL_SPI_Receive) refers to stm32f0xx_hal_spi.o(i._Z20SPI_EndRxTransactionP19__SPI_HandleTypeDefj) for SPI_EndRxTransaction(__SPI_HandleTypeDef*, unsigned)
    stm32f0xx_hal_spi.o(i.HAL_SPI_Receive_DMA) refers to stm32f0xx_hal_spi.o(i.HAL_SPI_TransmitReceive_DMA) for HAL_SPI_TransmitReceive_DMA
    stm32f0xx_hal_spi.o(i.HAL_SPI_Receive_DMA) refers to stm32f0xx_hal_dma.o(i.HAL_DMA_Start_IT) for HAL_DMA_Start_IT
    stm32f0xx_hal_spi.o(i.HAL_SPI_Receive_DMA) refers to stm32f0xx_hal_spi.o(i._Z22SPI_DMAHalfReceiveCpltP19__DMA_HandleTypeDef) for SPI_DMAHalfReceiveCplt(__DMA_HandleTypeDef*)
    stm32f0xx_hal_spi.o(i.HAL_SPI_Receive_DMA) refers to stm32f0xx_hal_spi.o(i._Z18SPI_DMAReceiveCpltP19__DMA_HandleTypeDef) for SPI_DMAReceiveCplt(__DMA_HandleTypeDef*)
    stm32f0xx_hal_spi.o(i.HAL_SPI_Receive_DMA) refers to stm32f0xx_hal_spi.o(i._Z12SPI_DMAErrorP19__DMA_HandleTypeDef) for SPI_DMAError(__DMA_HandleTypeDef*)
    stm32f0xx_hal_spi.o(i.HAL_SPI_Receive_IT) refers to stm32f0xx_hal_spi.o(i.HAL_SPI_TransmitReceive_IT) for HAL_SPI_TransmitReceive_IT
    stm32f0xx_hal_spi.o(i.HAL_SPI_Receive_IT) refers to stm32f0xx_hal_spi.o(i._Z15SPI_RxISR_16BITP19__SPI_HandleTypeDef) for SPI_RxISR_16BIT(__SPI_HandleTypeDef*)
    stm32f0xx_hal_spi.o(i.HAL_SPI_Receive_IT) refers to stm32f0xx_hal_spi.o(i._Z14SPI_RxISR_8BITP19__SPI_HandleTypeDef) for SPI_RxISR_8BIT(__SPI_HandleTypeDef*)
    stm32f0xx_hal_spi.o(i.HAL_SPI_Transmit) refers to stm32f0xx_hal.o(i.HAL_GetTick) for HAL_GetTick
    stm32f0xx_hal_spi.o(i.HAL_SPI_Transmit) refers to stm32f0xx_hal_spi.o(i._Z22SPI_EndRxTxTransactionP19__SPI_HandleTypeDefj) for SPI_EndRxTxTransaction(__SPI_HandleTypeDef*, unsigned)
    stm32f0xx_hal_spi.o(i.HAL_SPI_TransmitReceive) refers to stm32f0xx_hal.o(i.HAL_GetTick) for HAL_GetTick
    stm32f0xx_hal_spi.o(i.HAL_SPI_TransmitReceive) refers to stm32f0xx_hal_spi.o(i._Z29SPI_WaitFlagStateUntilTimeoutP19__SPI_HandleTypeDefjjj) for SPI_WaitFlagStateUntilTimeout(__SPI_HandleTypeDef*, unsigned, unsigned, unsigned)
    stm32f0xx_hal_spi.o(i.HAL_SPI_TransmitReceive) refers to stm32f0xx_hal_spi.o(i._Z22SPI_EndRxTxTransactionP19__SPI_HandleTypeDefj) for SPI_EndRxTxTransaction(__SPI_HandleTypeDef*, unsigned)
    stm32f0xx_hal_spi.o(i.HAL_SPI_TransmitReceive_DMA) refers to stm32f0xx_hal_dma.o(i.HAL_DMA_Start_IT) for HAL_DMA_Start_IT
    stm32f0xx_hal_spi.o(i.HAL_SPI_TransmitReceive_DMA) refers to stm32f0xx_hal_spi.o(i._Z22SPI_DMAHalfReceiveCpltP19__DMA_HandleTypeDef) for SPI_DMAHalfReceiveCplt(__DMA_HandleTypeDef*)
    stm32f0xx_hal_spi.o(i.HAL_SPI_TransmitReceive_DMA) refers to stm32f0xx_hal_spi.o(i._Z18SPI_DMAReceiveCpltP19__DMA_HandleTypeDef) for SPI_DMAReceiveCplt(__DMA_HandleTypeDef*)
    stm32f0xx_hal_spi.o(i.HAL_SPI_TransmitReceive_DMA) refers to stm32f0xx_hal_spi.o(i._Z30SPI_DMAHalfTransmitReceiveCpltP19__DMA_HandleTypeDef) for SPI_DMAHalfTransmitReceiveCplt(__DMA_HandleTypeDef*)
    stm32f0xx_hal_spi.o(i.HAL_SPI_TransmitReceive_DMA) refers to stm32f0xx_hal_spi.o(i._Z26SPI_DMATransmitReceiveCpltP19__DMA_HandleTypeDef) for SPI_DMATransmitReceiveCplt(__DMA_HandleTypeDef*)
    stm32f0xx_hal_spi.o(i.HAL_SPI_TransmitReceive_DMA) refers to stm32f0xx_hal_spi.o(i._Z12SPI_DMAErrorP19__DMA_HandleTypeDef) for SPI_DMAError(__DMA_HandleTypeDef*)
    stm32f0xx_hal_spi.o(i.HAL_SPI_TransmitReceive_IT) refers to stm32f0xx_hal_spi.o(i._Z21SPI_2linesRxISR_16BITP19__SPI_HandleTypeDef) for SPI_2linesRxISR_16BIT(__SPI_HandleTypeDef*)
    stm32f0xx_hal_spi.o(i.HAL_SPI_TransmitReceive_IT) refers to stm32f0xx_hal_spi.o(i._Z21SPI_2linesTxISR_16BITP19__SPI_HandleTypeDef) for SPI_2linesTxISR_16BIT(__SPI_HandleTypeDef*)
    stm32f0xx_hal_spi.o(i.HAL_SPI_TransmitReceive_IT) refers to stm32f0xx_hal_spi.o(i._Z20SPI_2linesRxISR_8BITP19__SPI_HandleTypeDef) for SPI_2linesRxISR_8BIT(__SPI_HandleTypeDef*)
[...]
    __aeabi_memcpy4                          0x08000167   Thumb Code     0  memmovea.o(.text)
    __aeabi_memmove                          0x08000167   Thumb Code     0  memmovea.o(.text)
    __aeabi_memmove4                         0x08000167   Thumb Code     0  memmovea.o(.text)
    __aeabi_memmove8                         0x08000167   Thumb Code     0  memmovea.o(.text)
    __aeabi_memset                           0x080001a7   Thumb Code    14  memseta.o(.text)
    __aeabi_memset4                          0x080001a7   Thumb Code     0  memseta.o(.text)
    __aeabi_memset8                          0x080001a7   Thumb Code     0  memseta.o(.text)
    __aeabi_memclr                           0x080001b5   Thumb Code     4  memseta.o(.text)
    __aeabi_memclr4                          0x080001b5   Thumb Code     0  memseta.o(.text)
    __aeabi_memclr8                          0x080001b5   Thumb Code     0  memseta.o(.text)
    _memset$wrapper                          0x080001b9   Thumb Code    18  memseta.o(.text)
    __cpp_initialize__aeabi_                 0x080001cd   Thumb Code    22  cpp_init.o(.text)
    __aeabi_dadd                             0x080001ed   Thumb Code   328  dadd.o(.text)
    __aeabi_dsub                             0x08000335   Thumb Code    12  dadd.o(.text)
    __aeabi_drsub                            0x08000341   Thumb Code    12  dadd.o(.text)
    __aeabi_ddiv                             0x08000351   Thumb Code   234  ddiv.o(.text)
    __aeabi_ui2d                             0x08000441   Thumb Code    24  dfltui.o(.text)
    __aeabi_d2uiz                            0x0800045d   Thumb Code    50  dfixui.o(.text)
    __aeabi_cdcmpeq                          0x08000499   Thumb Code     0  cdcmple.o(.text)
    __aeabi_cdcmple                          0x08000499   Thumb Code    38  cdcmple.o(.text)
    __default_new_handler()                  0x080004c1   Thumb Code     8  arm_newhandler_noexceptions.o(.text)
    __aeabi_uldivmod                         0x080004c9   Thumb Code    96  uldiv.o(.text)
    __aeabi_llsl                             0x08000529   Thumb Code    32  llshl.o(.text)
    _ll_shift_l                              0x08000529   Thumb Code     0  llshl.o(.text)
    __aeabi_lasr                             0x08000549   Thumb Code    38  llsshr.o(.text)
    _ll_sshift_r                             0x08000549   Thumb Code     0  llsshr.o(.text)
    __I$use$fp                               0x0800056f   Thumb Code     0  iusefp.o(.text)
    __rt_ddtor_pointer_addr                  0x08000571   Thumb Code     4  cpp_dtor.o(.text)
    __rt_lib_shutdown_cpp_1                  0x08000579   Thumb Code     2  cpp_final.o(.text)
    __rt_new_handler_addr                    0x0800057d   Thumb Code     4  cpp_memory.o(.text)
    __aeabi_unwind_cpp_pr0                   0x08000585   Thumb Code     4  cpp_unwinder.o(.text)
    __aeabi_unwind_cpp_pr1                   0x08000589   Thumb Code     4  cpp_unwinder.o(.text)
    _Unwind_DeleteException                  0x0800058d   Thumb Code     2  cpp_unwinder.o(.text)
    _Unwind_Activity                         0x0800058f   Thumb Code     2  cpp_unwinder.o(.text)
    _Unwind_RaiseException                   0x08000591   Thumb Code     4  cpp_unwinder.o(.text)
    __rt_eh_globals_addr                     0x08000595   Thumb Code    10  cpp_unwinder.o(.text)
    _double_round                            0x080005a5   Thumb Code    26  depilogue.o(.text)
    _double_epilogue                         0x080005bf   Thumb Code   164  depilogue.o(.text)
    std::terminate()                         0x08000663   Thumb Code    28  arm_exceptions_terminate.o(.text)
    __scatterload                            0x08000681   Thumb Code    28  init.o(.text)
    __scatterload_rt2                        0x08000681   Thumb Code     0  init.o(.text)
    __cxa_get_globals                        0x080006ab   Thumb Code    66  arm_exceptions_globs.o(.text)
    __ARM_exceptions_buffer_init             0x080006f9   Thumb Code    18  arm_exceptions_mem.o(.text)
    __ARM_exceptions_buffer_allocate         0x0800070b   Thumb Code    26  arm_exceptions_mem.o(.text)
    __ARM_exceptions_buffer_free             0x08000725   Thumb Code    22  arm_exceptions_mem.o(.text)
    __decompress                             0x0800073b   Thumb Code     0  __dczerorl2.o(.text)
    __decompress1                            0x0800073b   Thumb Code    86  __dczerorl2.o(.text)
    AD5601_SetVCPForSky                      0x08000791   Thumb Code    62  ad5601.o(i.AD5601_SetVCPForSky)
    CBUS_Read16                              0x080007cf   Thumb Code    74  cmx7262.o(i.CBUS_Read16)
    CBUS_Read8                               0x08000819   Thumb Code    58  cmx7262.o(i.CBUS_Read8)
    CBUS_SendByte                            0x08000855   Thumb Code    22  cmx7262.o(i.CBUS_SendByte)
    CBUS_SetCSNHigh                          0x08000871   Thumb Code    20  cmx7262.o(i.CBUS_SetCSNHigh)
    CBUS_SetCSNLow                           0x08000889   Thumb Code    20  cmx7262.o(i.CBUS_SetCSNLow)
    CBUS_WaitBitClr8                         0x080008a1   Thumb Code    72  cmx7262.o(i.CBUS_WaitBitClr8)
    CBUS_WaitBitSet16                        0x080008ed   Thumb Code    74  cmx7262.o(i.CBUS_WaitBitSet16)
    CBUS_Write16                             0x0800093d   Thumb Code    66  cmx7262.o(i.CBUS_Write16)
    CBUS_Write8                              0x0800097f   Thumb Code    52  cmx7262.o(i.CBUS_Write8)
    CC1120_CheckRSSI                         0x080009b5   Thumb Code   118  cc1120.o(i.CC1120_CheckRSSI)
    CC1120_ConfigReadCompare                 0x08000a39   Thumb Code   158  cc1120.o(i.CC1120_ConfigReadCompare)
    CC1120_ConfigWrite                       0x08000ae5   Thumb Code   140  cc1120.o(i.CC1120_ConfigWrite)
    CC1120_FreqWrite                         0x08000b7d   Thumb Code    66  cc1120.o(i.CC1120_FreqWrite)
    CC1120_HardwareReset                     0x08000bc9   Thumb Code    38  cc1120.o(i.CC1120_HardwareReset)
    CC1120_IDLE_set                          0x08000bf5   Thumb Code    64  cc1120.o(i.CC1120_IDLE_set)
    CC1120_Init                              0x08000c41   Thumb Code   120  cc1120.o(i.CC1120_Init)
    CC1120_ManualCalibration                 0x08000cc5   Thumb Code  1172  cc1120.o(i.CC1120_ManualCalibration)
    CC1120_PowerAmpWrite                     0x08001161   Thumb Code    70  cc1120.o(i.CC1120_PowerAmpWrite)
    CC1120_Read                              0x080011b5   Thumb Code   180  cc1120.o(i.CC1120_Read)
    CC1120_Reset                             0x08001271   Thumb Code    64  cc1120.o(i.CC1120_Reset)
    CC1120_Rx                                0x080012bd   Thumb Code    64  cc1120.o(i.CC1120_Rx)
    CC1120_RxData                            0x08001309   Thumb Code    46  cc1120.o(i.CC1120_RxData)
    CC1120_RxFIFOFlush                       0x08001339   Thumb Code    64  cc1120.o(i.CC1120_RxFIFOFlush)
    CC1120_RxFIFONumBytes                    0x08001385   Thumb Code    66  cc1120.o(i.CC1120_RxFIFONumBytes)
    CC1120_RxFIFORead                        0x080013d5   Thumb Code    78  cc1120.o(i.CC1120_RxFIFORead)
    CC1120_SetConfig                         0x08001431   Thumb Code    88  cc1120.o(i.CC1120_SetConfig)
    CC1120_Status                            0x0800148d   Thumb Code    68  cc1120.o(i.CC1120_Status)
    CC1120_Tx                                0x080014dd   Thumb Code    64  cc1120.o(i.CC1120_Tx)
    CC1120_TxData                            0x08001529   Thumb Code    56  cc1120.o(i.CC1120_TxData)
    CC1120_TxFIFOFlush                       0x08001561   Thumb Code    64  cc1120.o(i.CC1120_TxFIFOFlush)
    CC1120_TxFIFONumBytes                    0x080015ad   Thumb Code    66  cc1120.o(i.CC1120_TxFIFONumBytes)
    CC1120_TxFIFOWrite                       0x080015fd   Thumb Code    68  cc1120.o(i.CC1120_TxFIFOWrite)
    CC1120_Write                             0x08001649   Thumb Code   200  cc1120.o(i.CC1120_Write)
    CMX7262TimerCounter                      0x0800171d   Thumb Code     8  timers.o(i.CMX7262TimerCounter)
    CMX7262_AnalogBlocks                     0x08001729   Thumb Code    38  cmx7262.o(i.CMX7262_AnalogBlocks)
    CMX7262_AudioInputGain                   0x08001759   Thumb Code    26  cmx7262.o(i.CMX7262_AudioInputGain)
    CMX7262_AudioOutputGain                  0x08001773   Thumb Code    18  cmx7262.o(i.CMX7262_AudioOutputGain)
    CMX7262_Config                           0x08001785   Thumb Code    60  cmx7262.o(i.CMX7262_Config)
    CMX7262_ConfigClocks                     0x080017c1   Thumb Code   238  cmx7262.o(i.CMX7262_ConfigClocks)
    CMX7262_Decode                           0x080018b5   Thumb Code    52  cmx7262.o(i.CMX7262_Decode)
    CMX7262_EnableIRQ                        0x080018e9   Thumb Code    28  cmx7262.o(i.CMX7262_EnableIRQ)
    CMX7262_Encode                           0x08001905   Thumb Code    50  cmx7262.o(i.CMX7262_Encode)
    CMX7262_FlushStatusReg                   0x0800193d   Thumb Code    32  cmx7262.o(i.CMX7262_FlushStatusReg)
    CMX7262_HardwareReset                    0x0800195d   Thumb Code    38  cmx7262.o(i.CMX7262_HardwareReset)
    CMX7262_IRQ                              0x08001989   Thumb Code   206  cmx7262.o(i.CMX7262_IRQ)
    CMX7262_Idle                             0x08001a65   Thumb Code    70  cmx7262.o(i.CMX7262_Idle)
    CMX7262_Init                             0x08001ab5   Thumb Code   126  cmx7262.o(i.CMX7262_Init)
    CMX7262_InitHardware                     0x08001b41   Thumb Code    60  cmx7262.o(i.CMX7262_InitHardware)
    CMX7262_Routing                          0x08001b7d   Thumb Code    18  cmx7262.o(i.CMX7262_Routing)
    CMX7262_RxFIFO                           0x08001b8f   Thumb Code    20  cmx7262.o(i.CMX7262_RxFIFO)
    CMX7262_Transcode                        0x08001ba5   Thumb Code    86  cmx7262.o(i.CMX7262_Transcode)
    CMX7262_TxFIFO                           0x08001c05   Thumb Code    20  cmx7262.o(i.CMX7262_TxFIFO)
    CheckForSerialProtocolData               0x08001c19   Thumb Code    34  uart_intermodule.o(i.CheckForSerialProtocolData)
    ClearCMX7262TimerCounter                 0x08001c45   Thumb Code    10  timers.o(i.ClearCMX7262TimerCounter)
    ClearHighPrecisionCounter                0x08001c55   Thumb Code    16  timers.o(i.ClearHighPrecisionCounter)
    DMA1_Channel2_3_IRQHandler               0x08001c6d   Thumb Code    16  stm32f0xx_it.o(i.DMA1_Channel2_3_IRQHandler)
    DMA1_Channel4_5_6_7_IRQHandler           0x08001c85   Thumb Code    28  stm32f0xx_it.o(i.DMA1_Channel4_5_6_7_IRQHandler)
    EXTI0_1_IRQHandler                       0x08001cb1   Thumb Code    16  stm32f0xx_it.o(i.EXTI0_1_IRQHandler)
    EXTI4_15_IRQHandler                      0x08001cc5   Thumb Code    18  stm32f0xx_it.o(i.EXTI4_15_IRQHandler)
    HAL_DMA_IRQHandler                       0x08001cdd   Thumb Code   798  stm32f0xx_hal_dma.o(i.HAL_DMA_IRQHandler)
    HAL_DMA_Init                             0x08002001   Thumb Code    86  stm32f0xx_hal_dma.o(i.HAL_DMA_Init)
    HAL_DMA_Start_IT                         0x0800205d   Thumb Code   114  stm32f0xx_hal_dma.o(i.HAL_DMA_Start_IT)
    HAL_GPIO_EXTI_Callback                   0x080020cf   Thumb Code     2  stm32f0xx_hal_gpio.o(i.HAL_GPIO_EXTI_Callback)
    HAL_GPIO_EXTI_IRQHandler                 0x080020d1   Thumb Code    26  stm32f0xx_hal_gpio.o(i.HAL_GPIO_EXTI_IRQHandler)
    HAL_GPIO_Init                            0x080020f1   Thumb Code   476  stm32f0xx_hal_gpio.o(i.HAL_GPIO_Init)
    HAL_GPIO_ReadPin                         0x080022e9   Thumb Code    18  stm32f0xx_hal_gpio.o(i.HAL_GPIO_ReadPin)
    HAL_GPIO_WritePin                        0x080022fb   Thumb Code    12  stm32f0xx_hal_gpio.o(i.HAL_GPIO_WritePin)
    HAL_GetTick                              0x08002309   Thumb Code     6  stm32f0xx_hal.o(i.HAL_GetTick)
    HAL_I2CEx_ConfigAnalogFilter             0x08002315   Thumb Code   142  stm32f0xx_hal_i2c_ex.o(i.HAL_I2CEx_ConfigAnalogFilter)
    HAL_I2C_Init                             0x080023a5   Thumb Code   190  stm32f0xx_hal_i2c.o(i.HAL_I2C_Init)
    HAL_I2C_MspInit                          0x08002469   Thumb Code    80  stm32f0xx_hal_msp.o(i.HAL_I2C_MspInit)
    HAL_IncTick                              0x080024c5   Thumb Code    12  stm32f0xx_hal.o(i.HAL_IncTick)
    HAL_Init                                 0x080024d5   Thumb Code    28  stm32f0xx_hal.o(i.HAL_Init)
    HAL_InitTick                             0x080024f5   Thumb Code    38  stm32f0xx_hal.o(i.HAL_InitTick)
    HAL_MspInit                              0x0800251d   Thumb Code    42  stm32f0xx_hal_msp.o(i.HAL_MspInit)
    HAL_NVIC_EnableIRQ                       0x0800254d   Thumb Code    18  stm32f0xx_hal_cortex.o(i.HAL_NVIC_EnableIRQ)
    HAL_NVIC_SetPriority                     0x08002565   Thumb Code    18  stm32f0xx_hal_cortex.o(i.HAL_NVIC_SetPriority)
    HAL_RCCEx_PeriphCLKConfig                0x08002579   Thumb Code   336  stm32f0xx_hal_rcc_ex.o(i.HAL_RCCEx_PeriphCLKConfig)
    HAL_RCC_ClockConfig                      0x080026d5   Thumb Code   702  stm32f0xx_hal_rcc.o(i.HAL_RCC_ClockConfig)
    HAL_RCC_GetHCLKFreq                      0x080029a1   Thumb Code    32  stm32f0xx_hal_rcc.o(i.HAL_RCC_GetHCLKFreq)
    HAL_RCC_GetPCLK1Freq                     0x080029cd   Thumb Code    26  stm32f0xx_hal_rcc.o(i.HAL_RCC_GetPCLK1Freq)
    HAL_RCC_GetSysClockFreq                  0x080029f1   Thumb Code   194  stm32f0xx_hal_rcc.o(i.HAL_RCC_GetSysClockFreq)
    HAL_RCC_OscConfig                        0x08002ae1   Thumb Code  1620  stm32f0xx_hal_rcc.o(i.HAL_RCC_OscConfig)
    HAL_SPI_ErrorCallback                    0x08003139   Thumb Code     2  stm32f0xx_hal_spi.o(i.HAL_SPI_ErrorCallback)
    HAL_SPI_IRQHandler                       0x0800313b   Thumb Code   216  stm32f0xx_hal_spi.o(i.HAL_SPI_IRQHandler)
    HAL_SPI_Init                             0x08003215   Thumb Code   234  stm32f0xx_hal_spi.o(i.HAL_SPI_Init)
    HAL_SPI_MspInit                          0x08003305   Thumb Code   396  stm32f0xx_hal_msp.o(i.HAL_SPI_MspInit)
    HAL_SPI_RxCpltCallback                   0x080034b9   Thumb Code     2  stm32f0xx_hal_spi.o(i.HAL_SPI_RxCpltCallback)
    HAL_SPI_TransmitReceive_IT               0x080034bd   Thumb Code   316  stm32f0xx_hal_spi.o(i.HAL_SPI_TransmitReceive_IT)
    HAL_SPI_TxRxCpltCallback                 0x0800360d   Thumb Code    32  spi_periphery.o(i.HAL_SPI_TxRxCpltCallback)
    HAL_SYSTICK_CLKSourceConfig              0x08003639   Thumb Code    32  stm32f0xx_hal_cortex.o(i.HAL_SYSTICK_CLKSourceConfig)
    HAL_SYSTICK_Callback                     0x0800365d   Thumb Code     2  stm32f0xx_hal_cortex.o(i.HAL_SYSTICK_Callback)
    HAL_SYSTICK_Config                       0x08003661   Thumb Code    46  stm32f0xx_hal_cortex.o(i.HAL_SYSTICK_Config)
    HAL_SYSTICK_IRQHandler                   0x08003699   Thumb Code     8  stm32f0xx_hal_cortex.o(i.HAL_SYSTICK_IRQHandler)
    HAL_TIMEx_MasterConfigSynchronization    0x080036a1   Thumb Code    98  stm32f0xx_hal_tim_ex.o(i.HAL_TIMEx_MasterConfigSynchronization)
    HAL_TIM_Base_Init                        0x08003703   Thumb Code    56  stm32f0xx_hal_tim.o(i.HAL_TIM_Base_Init)
    HAL_TIM_Base_MspInit                     0x0800373d   Thumb Code   154  stm32f0xx_hal_msp.o(i.HAL_TIM_Base_MspInit)
    HAL_TIM_Base_Start                       0x080037e9   Thumb Code    30  stm32f0xx_hal_tim.o(i.HAL_TIM_Base_Start)
    HAL_TIM_ConfigClockSource                0x08003807   Thumb Code   318  stm32f0xx_hal_tim.o(i.HAL_TIM_ConfigClockSource)
    HAL_TIM_SlaveConfigSynchronization       0x08003945   Thumb Code    88  stm32f0xx_hal_tim.o(i.HAL_TIM_SlaveConfigSynchronization)
    HAL_UARTEx_WakeupCallback                0x0800399d   Thumb Code     2  stm32f0xx_hal_uart_ex.o(i.HAL_UARTEx_WakeupCallback)
    HAL_UART_ErrorCallback                   0x0800399f   Thumb Code     2  stm32f0xx_hal_uart.o(i.HAL_UART_ErrorCallback)
    HAL_UART_IRQHandler                      0x080039a1   Thumb Code   334  stm32f0xx_hal_uart_ex.o(i.HAL_UART_IRQHandler)
    HAL_UART_Init                            0x08003aef   Thumb Code   130  stm32f0xx_hal_uart.o(i.HAL_UART_Init)
    HAL_UART_MspInit                         0x08003b71   Thumb Code   312  stm32f0xx_hal_msp.o(i.HAL_UART_MspInit)
    HAL_UART_Receive_DMA                     0x08003cc5   Thumb Code   158  stm32f0xx_hal_uart.o(i.HAL_UART_Receive_DMA)
    HAL_UART_RxCpltCallback                  0x08003d71   Thumb Code    50  uart_intermodule.o(i.HAL_UART_RxCpltCallback)
    HAL_UART_RxHalfCpltCallback              0x08003db9   Thumb Code     2  stm32f0xx_hal_uart.o(i.HAL_UART_RxHalfCpltCallback)
    HAL_UART_Transmit_DMA                    0x08003dbd   Thumb Code   168  stm32f0xx_hal_uart.o(i.HAL_UART_Transmit_DMA)
    HAL_UART_TxCpltCallback                  0x08003e71   Thumb Code     8  uart_intermodule.o(i.HAL_UART_TxCpltCallback)
    HAL_UART_TxHalfCpltCallback              0x08003e7d   Thumb Code     2  stm32f0xx_hal_uart.o(i.HAL_UART_TxHalfCpltCallback)
    InitSerialProtocol                       0x08003e81   Thumb Code    46  uart_intermodule.o(i.InitSerialProtocol)
    ReadHighPrecisionCounter                 0x08003ebd   Thumb Code    20  timers.o(i.ReadHighPrecisionCounter)
    ResetCpltState_SPI_TransmitReceive       0x08003ed9   Thumb Code    32  spi_periphery.o(i.ResetCpltState_SPI_TransmitReceive)
    SDR_Load_FI                              0x08003f05   Thumb Code   614  cmx7262.o(i.SDR_Load_FI)
    SPI1_IRQHandler                          0x08004179   Thumb Code    10  stm32f0xx_it.o(i.SPI1_IRQHandler)
    SPI2_IRQHandler                          0x08004189   Thumb Code    10  stm32f0xx_it.o(i.SPI2_IRQHandler)
    SPI_TIMEOUT_UserCallback                 0x08004199   Thumb Code     2  spi_periphery.o(i.SPI_TIMEOUT_UserCallback)
    SPI_TransmitRecieve                      0x0800419d   Thumb Code    74  spi_periphery.o(i.SPI_TransmitRecieve)
    SPI_TransmitRecieveByte                  0x080041ed   Thumb Code    70  spi_periphery.o(i.SPI_TransmitRecieveByte)
    SendDataToExtDev                         0x08004239   Thumb Code    70  uart_intermodule.o(i.SendDataToExtDev)
    StartPeriphTimers                        0x08004295   Thumb Code    22  timers.o(i.StartPeriphTimers)
    SysTick_Handler                          0x080042b9   Thumb Code    12  stm32f0xx_it.o(i.SysTick_Handler)
    SystemInit                               0x080042c5   Thumb Code   102  system_stm32f0xx.o(i.SystemInit)
    TIM_Base_SetConfig                       0x0800433d   Thumb Code   140  stm32f0xx_hal_tim.o(i.TIM_Base_SetConfig)
    UART_AdvFeatureConfig                    0x080043e1   Thumb Code   240  stm32f0xx_hal_uart.o(i.UART_AdvFeatureConfig)
    UART_CheckIdleState                      0x080044d1   Thumb Code   112  stm32f0xx_hal_uart.o(i.UART_CheckIdleState)
    UART_EndTransmit_IT                      0x08004549   Thumb Code    60  stm32f0xx_hal_uart.o(i.UART_EndTransmit_IT)
    UART_InitInterface                       0x08004585   Thumb Code    26  uart_intermodule.o(i.UART_InitInterface)
    UART_Receive_IT                          0x080045a9   Thumb Code   168  stm32f0xx_hal_uart.o(i.UART_Receive_IT)
    UART_SetConfig                           0x08004651   Thumb Code   486  stm32f0xx_hal_uart.o(i.UART_SetConfig)
    UART_Transmit_IT                         0x0800485d   Thumb Code   122  stm32f0xx_hal_uart.o(i.UART_Transmit_IT)
    UART_WaitOnFlagUntilTimeout              0x080048d7   Thumb Code   254  stm32f0xx_hal_uart.o(i.UART_WaitOnFlagUntilTimeout)
    USART1_IRQHandler                        0x080049d5   Thumb Code    10  stm32f0xx_it.o(i.USART1_IRQHandler)
    USART2_IRQHandler                        0x080049e5   Thumb Code    10  stm32f0xx_it.o(i.USART2_IRQHandler)
    WaitNextByteFromUART                     0x080049f5   Thumb Code    16  uart_intermodule.o(i.WaitNextByteFromUART)
    WaitTimeMCS                              0x08004a09   Thumb Code    20  timers.o(i.WaitTimeMCS)
    FormRadioPack(RadioMessage*, unsigned char*, unsigned char, unsigned char) 0x08004de1   Thumb Code   148  radiologic.o(i._Z13FormRadioPackP12RadioMessagePhhh)
    ApplyRSSIOffset(signed char)             0x08004f23   Thumb Code    34  radiologic.o(i._Z15ApplyRSSIOffseta)
    FrontEndSetToRx()                        0x08004f45   Thumb Code    14  processstates.o(i._Z15FrontEndSetToRxv)
    FrontEndSetToTx()                        0x08004f59   Thumb Code    14  processstates.o(i._Z15FrontEndSetToTxv)
    ProcessPTTState()                        0x08004f6d   Thumb Code   126  processstates.o(i._Z15ProcessPTTStatev)
    RadioModuleInit(__SPI_HandleTypeDef*, __SPI_HandleTypeDef*) 0x08004ff9   Thumb Code    48  processstates.o(i._Z15RadioModuleInitP19__SPI_HandleTypeDefS0_)
    isNeedCheckRSSI()                        0x08005035   Thumb Code    40  processstates.o(i._Z15isNeedCheckRSSIv)
    AddDataToFIFOBuf(unsigned char*, unsigned short&, unsigned char*, unsigned short) 0x08005065   Thumb Code    52  fifobuffers.o(i._Z16AddDataToFIFOBufPhRtS_t)
    ProcessAsyncData()                       0x08005111   Thumb Code    58  spimlogic.o(i._Z16ProcessAsyncDatav)
    ProcessRadioPack(unsigned char*, unsigned short&, unsigned char&, unsigned char*) 0x08005151   Thumb Code   236  radiologic.o(i._Z16ProcessRadioPackPhRtRhS_)
    ProcessRxRunning()                       0x08005245   Thumb Code   226  processstates.o(i._Z16ProcessRxRunningv)
    ProcessRxWaiting()                       0x08005345   Thumb Code    32  processstates.o(i._Z16ProcessRxWaitingv)
    ProcessTxRunning()                       0x08005369   Thumb Code   164  processstates.o(i._Z16ProcessTxRunningv)
    ProcessTxWaiting()                       0x08005425   Thumb Code    42  processstates.o(i._Z16ProcessTxWaitingv)
    ProcessCmdSetMode(SPIMMessage*)          0x08005461   Thumb Code   190  spimlogic.o(i._Z17ProcessCmdSetModeP11SPIMMessage)
    ProcessRadioState()                      0x08005525   Thumb Code    58  processstates.o(i._Z17ProcessRadioStatev)
    FormAnswerToExtDev(SPIMMessage*, SPIMMessage*) 0x0800560f   Thumb Code    92  spimlogic.o(i._Z18FormAnswerToExtDevP11SPIMMessageS0_)
    RemDataFromFIFOBuf(unsigned char*, unsigned short&, unsigned short) 0x0800566b   Thumb Code    62  fifobuffers.o(i._Z18RemDataFromFIFOBufPhRtt)
    SystemClock_Config()                     0x080056a9   Thumb Code   114  main.o(i._Z18SystemClock_Configv)
    TransceiverStartRx()                     0x08005735   Thumb Code    20  processstates.o(i._Z18TransceiverStartRxv)
    VocoderStartDecode()                     0x08005769   Thumb Code    22  processstates.o(i._Z18VocoderStartDecodev)
    VocoderStartEncode()                     0x08005785   Thumb Code    10  processstates.o(i._Z18VocoderStartEncodev)
    FormDataMsgToExtDev(SPIMMessage*)        0x08005795   Thumb Code    68  spimlogic.o(i._Z19FormDataMsgToExtDevP11SPIMMessage)
    ProcessCMX7262State()                    0x08005841   Thumb Code   130  processstates.o(i._Z19ProcessCMX7262Statev)
    ProcessDataToExtDev()                    0x080058e1   Thumb Code    32  spimlogic.o(i._Z19ProcessDataToExtDevv)
    FormAndSendRadioPack(unsigned char*, unsigned short, unsigned char) 0x0800594b   Thumb Code    48  radiologic.o(i._Z20FormAndSendRadioPackPhth)
    FormAsyncReqParamBack(unsigned char, SPIMMessage*) 0x08005ab9   Thumb Code    72  spimlogic.o(i._Z21FormAsyncReqParamBackhP11SPIMMessage)
    ProcessDataFromExtDev()                  0x08005b01   Thumb Code    66  spimlogic.o(i._Z21ProcessDataFromExtDevv)
    FormCurrentParamAnswer(SPIMMessage*, unsigned char*, unsigned char&) 0x08005bf1   Thumb Code   342  spimlogic.o(i._Z22FormCurrentParamAnswerP11SPIMMessagePhRh)
    FormBodyOfAnswerToExtDev(SPIMMessage*, unsigned char*, unsigned char&) 0x08005dc1   Thumb Code   250  spimlogic.o(i._Z24FormBodyOfAnswerToExtDevP11SPIMMessagePhRh)
    FormRecStatusMsgToExtDev(SPIMMessage*)   0x08005ec5   Thumb Code    68  spimlogic.o(i._Z24FormRecStatusMsgToExtDevP11SPIMMessage)
    FormAndSendAnswerToExtDev(SPIMMessage*)  0x08006045   Thumb Code    40  spimlogic.o(i._Z25FormAndSendAnswerToExtDevP11SPIMMessage)
    SendRadioPackToTansceiver(unsigned char*, unsigned short) 0x0800606d   Thumb Code    30  radiologic.o(i._Z25SendRadioPackToTansceiverPht)
    FormAndSendDataMsgToExtDev()             0x08006091   Thumb Code    48  spimlogic.o(i._Z26FormAndSendDataMsgToExtDevv)
    FormAndPushToQueRecStatsMsg(signed char, unsigned char, signed char) 0x080060c5   Thumb Code    32  radiologic.o(i._Z27FormAndPushToQueRecStatsMsgaha)
    FormBodyOfAsyncReqParamBack(unsigned char, unsigned char*, unsigned char&) 0x080060e9   Thumb Code    58  spimlogic.o(i._Z27FormBodyOfAsyncReqParamBackhPhRh)
    FormAndSendRecStatusToExtDev()           0x08006125   Thumb Code    48  spimlogic.o(i._Z28FormAndSendRecStatusToExtDevv)
    BERInPack(unsigned char*, unsigned char, unsigned char) 0x080062c5   Thumb Code    98  radiologic.o(i._Z9BERInPackPhhh)
    RadioModule::IsTestMode()                0x0800632d   Thumb Code     6  radiomodule.o(i._ZN11RadioModule10IsTestModeEv)
    RadioModule::SetTestMode(unsigned char)  0x08006333   Thumb Code    20  radiomodule.o(i._ZN11RadioModule11SetTestModeEh)
    RadioModule::FreqCodeToHz(unsigned short) 0x08006349   Thumb Code    12  radiomodule.o(i._ZN11RadioModule12FreqCodeToHzEt)
    RadioModule::GetRSSILevel()              0x0800635d   Thumb Code     6  radiomodule.o(i._ZN11RadioModule12GetRSSILevelEv)
    RadioModule::GetARMSoftVer()             0x08006363   Thumb Code     8  radiomodule.o(i._ZN11RadioModule13GetARMSoftVerEv)
    RadioModule::GetRxFreqChan()             0x0800636b   Thumb Code     6  radiomodule.o(i._ZN11RadioModule13GetRxFreqChanEv)
    RadioModule::GetTxFreqChan()             0x08006371   Thumb Code     6  radiomodule.o(i._ZN11RadioModule13GetTxFreqChanEv)
    RadioModule::SetCC1120Freq(unsigned)     0x08006379   Thumb Code    68  radiomodule.o(i._ZN11RadioModule13SetCC1120FreqEj)
    RadioModule::SetRxFreqChan(unsigned short) 0x080063c5   Thumb Code    18  radiomodule.o(i._ZN11RadioModule13SetRxFreqChanEt)
    RadioModule::SetTxFreqChan(unsigned short) 0x080063d7   Thumb Code    18  radiomodule.o(i._ZN11RadioModule13SetTxFreqChanEt)
    RadioModule::ApplyRadioFreq()            0x080063e9   Thumb Code    68  radiomodule.o(i._ZN11RadioModule14ApplyRadioFreqEv)
    RadioModule::GetTestPattern()            0x0800642d   Thumb Code     6  radiomodule.o(i._ZN11RadioModule14GetTestPatternEv)
    RadioModule::SetTestPattern(unsigned char) 0x08006433   Thumb Code    16  radiomodule.o(i._ZN11RadioModule14SetTestPatternEh)
    RadioModule::GetARMPowerMode()           0x08006443   Thumb Code     6  radiomodule.o(i._ZN11RadioModule15GetARMPowerModeEv)
    RadioModule::GetAudioInLevel()           0x08006449   Thumb Code     6  radiomodule.o(i._ZN11RadioModule15GetAudioInLevelEv)
    RadioModule::GetRadioAddress()           0x0800644f   Thumb Code     6  radiomodule.o(i._ZN11RadioModule15GetRadioAddressEv)
    RadioModule::SetARMPowerMode(unsigned char) 0x08006455   Thumb Code    16  radiomodule.o(i._ZN11RadioModule15SetARMPowerModeEh)
    RadioModule::SetAudioInLevel(unsigned char) 0x08006465   Thumb Code    18  radiomodule.o(i._ZN11RadioModule15SetAudioInLevelEh)
    RadioModule::SetRadioAddress(unsigned char) 0x08006477   Thumb Code     8  radiomodule.o(i._ZN11RadioModule15SetRadioAddressEh)
    RadioModule::ApplyRadioConfig()          0x08006481   Thumb Code    88  radiomodule.o(i._ZN11RadioModule16ApplyRadioConfigEv)
    RadioModule::GetAudioOutLevel()          0x080064ed   Thumb Code     6  radiomodule.o(i._ZN11RadioModule16GetAudioOutLevelEv)
    RadioModule::GetRadioBaudRate()          0x080064f3   Thumb Code     6  radiomodule.o(i._ZN11RadioModule16GetRadioBaudRateEv)
    RadioModule::GetRadioChanType()          0x080064f9   Thumb Code     6  radiomodule.o(i._ZN11RadioModule16GetRadioChanTypeEv)
    RadioModule::SetAudioOutLevel(unsigned char) 0x080064ff   Thumb Code    18  radiomodule.o(i._ZN11RadioModule16SetAudioOutLevelEh)
    RadioModule::SetRadioBaudRate(unsigned char) 0x08006511   Thumb Code    26  radiomodule.o(i._ZN11RadioModule16SetRadioBaudRateEh)
    RadioModule::SetRadioChanType(unsigned char) 0x0800652b   Thumb Code    16  radiomodule.o(i._ZN11RadioModule16SetRadioChanTypeEh)
    RadioModule::GetRadioChanState()         0x0800653b   Thumb Code     6  radiomodule.o(i._ZN11RadioModule17GetRadioChanStateEv)
    RadioModule::SetRadioChanState(unsigned char) 0x08006541   Thumb Code    42  radiomodule.o(i._ZN11RadioModule17SetRadioChanStateEh)
    RadioModule::SwitchToIdleState()         0x0800656b   Thumb Code    26  radiomodule.o(i._ZN11RadioModule17SwitchToIdleStateEv)
    RadioModule::ApplyAudioSettings()        0x08006585   Thumb Code    32  radiomodule.o(i._ZN11RadioModule18ApplyAudioSettingsEv)
    RadioModule::GetRadioModuleState()       0x080065a5   Thumb Code     6  radiomodule.o(i._ZN11RadioModule19GetRadioModuleStateEv)
    RadioModule::GetRadioSignalPower()       0x080065ab   Thumb Code     6  radiomodule.o(i._ZN11RadioModule19GetRadioSignalPowerEv)
    RadioModule::SetRadioModuleState(unsigned char) 0x080065b1   Thumb Code    16  radiomodule.o(i._ZN11RadioModule19SetRadioModuleStateEh)
    RadioModule::SetRadioSignalPower(unsigned char) 0x080065c1   Thumb Code    26  radiomodule.o(i._ZN11RadioModule19SetRadioSignalPowerEh)
    RadioModule::SetAsyncReqMaskParam(unsigned char) 0x080065db   Thumb Code     8  radiomodule.o(i._ZN11RadioModule20SetAsyncReqMaskParamEh)
    RadioModule::SetCMX7262AudioGains(unsigned short, unsigned short) 0x080065e5   Thumb Code    26  radiomodule.o(i._ZN11RadioModule20SetCMX7262AudioGainsEtt)
    RadioModule::ApplyRadioSignalPower()     0x08006605   Thumb Code    54  radiomodule.o(i._ZN11RadioModule21ApplyRadioSignalPowerEv)
    RadioModule::GetMaskOfChangedParams()    0x08006645   Thumb Code    16  radiomodule.o(i._ZN11RadioModule22GetMaskOfChangedParamsEv)
    RadioModule::IsAsyncReqReceiverStats()   0x08006655   Thumb Code     6  radiomodule.o(i._ZN11RadioModule23IsAsyncReqReceiverStatsEv)
    RadioModule::SetAsyncReqReceiverStats(unsigned char) 0x0800665b   Thumb Code    20  radiomodule.o(i._ZN11RadioModule24SetAsyncReqReceiverStatsEh)
    RadioModule::AudioOutGainCodeToCMX7262ValueReg(unsigned char) 0x0800666f   Thumb Code    26  radiomodule.o(i._ZN11RadioModule33AudioOutGainCodeToCMX7262ValueRegEh)
    RadioModule::isRxMode()                  0x08006689   Thumb Code    32  radiomodule.o(i._ZN11RadioModule8isRxModeEv)
    RadioModule::isTxMode()                  0x080066a9   Thumb Code    22  radiomodule.o(i._ZN11RadioModule8isTxModeEv)
    RadioModule::RadioModule()               0x080066bf   Thumb Code   142  radiomodule.o(i._ZN11RadioModuleC1Ev)
    RadioModule::RadioModule__sub_object()   0x080066bf   Thumb Code     0  radiomodule.o(i._ZN11RadioModuleC1Ev)
    SPIMMessage::CmdReqParam::OpModeCode(unsigned char, unsigned char, unsigned char, unsigned char, unsigned char) 0x0800674d   Thumb Code    36  spimmessage.o(i._ZN11SPIMMessage11CmdReqParam10OpModeCodeEhhhhh)
    SPIMMessage::CmdReqParam::isAudioReq()   0x08006771   Thumb Code    26  spimmessage.o(i._ZN11SPIMMessage11CmdReqParam10isAudioReqEv)
    SPIMMessage::CmdReqParam::isOpModeReq()  0x0800678b   Thumb Code    26  spimmessage.o(i._ZN11SPIMMessage11CmdReqParam11isOpModeReqEv)
    SPIMMessage::CmdReqParam::isRxFreqReq()  0x080067a5   Thumb Code    26  spimmessage.o(i._ZN11SPIMMessage11CmdReqParam11isRxFreqReqEv)
    SPIMMessage::CmdReqParam::isTxFreqReq()  0x080067bf   Thumb Code    26  spimmessage.o(i._ZN11SPIMMessage11CmdReqParam11isTxFreqReqEv)
    SPIMMessage::CmdReqParam::MaskReqParam() 0x080067d9   Thumb Code    10  spimmessage.o(i._ZN11SPIMMessage11CmdReqParam12MaskReqParamEv)
    SPIMMessage::CmdReqParam::isAsynReqParam() 0x080067e3   Thumb Code    26  spimmessage.o(i._ZN11SPIMMessage11CmdReqParam14isAsynReqParamEv)
    SPIMMessage::CmdReqParam::isChanStateReq() 0x080067fd   Thumb Code    26  spimmessage.o(i._ZN11SPIMMessage11CmdReqParam14isChanStateReqEv)
    SPIMMessage::CmdReqParam::SetPointerToMessage(SPIMMessage*) 0x08006817   Thumb Code     4  spimmessage.o(i._ZN11SPIMMessage11CmdReqParam19SetPointerToMessageEPS_)
    SPIMMessage::CmdReqParam::AudioCode(unsigned char, unsigned char) 0x0800681b   Thumb Code    14  spimmessage.o(i._ZN11SPIMMessage11CmdReqParam9AudioCodeEhh)
    SPIMMessage::CmdReqParam::isRSSIReq()    0x08006829   Thumb Code    26  spimmessage.o(i._ZN11SPIMMessage11CmdReqParam9isRSSIReqEv)
    SPIMMessage::getSizeBody()               0x08006843   Thumb Code    10  spimmessage.o(i._ZN11SPIMMessage11getSizeBodyEv)
    SPIMMessage::ParseAudioCode(unsigned char, unsigned char&, unsigned char&) 0x0800684d   Thumb Code    14  spimmessage.o(i._ZN11SPIMMessage14ParseAudioCodeEhRhS0_)
    SPIMMessage::ParseOpModeCode(unsigned char, unsigned char&, unsigned char&, unsigned char&, unsigned char&, unsigned char&) 0x0800685b   Thumb Code    38  spimmessage.o(i._ZN11SPIMMessage15ParseOpModeCodeEhRhS0_S0_S0_S0_)
    SPIMMessage::setCRC()                    0x08006881   Thumb Code    32  spimmessage.o(i._ZN11SPIMMessage6setCRCEv)
    SPIMMessage::setMsg(unsigned char*, unsigned char) 0x080068a1   Thumb Code    68  spimmessage.o(i._ZN11SPIMMessage6setMsgEPhh)
    SPIMMessage::setBody(unsigned char*, unsigned char) 0x080068e5   Thumb Code    68  spimmessage.o(i._ZN11SPIMMessage7setBodyEPhh)
    SPIMMessage::CRC_Calc(unsigned char*, unsigned char) 0x08006929   Thumb Code    26  spimmessage.o(i._ZN11SPIMMessage8CRC_CalcEPhh)
    SPIMMessage::checkCRC()                  0x08006943   Thumb Code    38  spimmessage.o(i._ZN11SPIMMessage8checkCRCEv)
    SPIMMessage::getIDCmd()                  0x08006969   Thumb Code    10  spimmessage.o(i._ZN11SPIMMessage8getIDCmdEv)
    SPIMMessage::getNoMsg()                  0x08006973   Thumb Code    12  spimmessage.o(i._ZN11SPIMMessage8getNoMsgEv)
    SPIMMessage::IDBackCmd(unsigned char)    0x0800697f   Thumb Code     8  spimmessage.o(i._ZN11SPIMMessage9IDBackCmdEh)
    SPIMMessage::setHeader(unsigned char, unsigned char, unsigned char, unsigned char) 0x08006987   Thumb Code    82  spimmessage.o(i._ZN11SPIMMessage9setHeaderEhhhh)
    SPIMMessage::SPIMMessage()               0x080069d9   Thumb Code    58  spimmessage.o(i._ZN11SPIMMessageC1Ev)
    SPIMMessage::SPIMMessage__sub_object()   0x080069d9   Thumb Code     0  spimmessage.o(i._ZN11SPIMMessageC1Ev)
    SPIMMessage::~SPIMMessage()              0x08006a13   Thumb Code     2  spimmessage.o(i._ZN11SPIMMessageD1Ev)
    SPIMMessage::~SPIMMessage__sub_object()  0x08006a13   Thumb Code     0  spimmessage.o(i._ZN11SPIMMessageD1Ev)
    RadioMessage::getDstAddress()            0x08006a15   Thumb Code    12  radiomessage.o(i._ZN12RadioMessage13getDstAddressEv)
    RadioMessage::getPackLength()            0x08006a21   Thumb Code    12  radiomessage.o(i._ZN12RadioMessage13getPackLengthEv)
    RadioMessage::getSrcAddress()            0x08006a2d   Thumb Code    12  radiomessage.o(i._ZN12RadioMessage13getSrcAddressEv)
    RadioMessage::getPayloadSize()           0x08006a39   Thumb Code    12  radiomessage.o(i._ZN12RadioMessage14getPayloadSizeEv)
    RadioMessage::getPayloadType()           0x08006a45   Thumb Code    12  radiomessage.o(i._ZN12RadioMessage14getPayloadTypeEv)
    RadioMessage::setMsg(unsigned char*, unsigned char) 0x08006a51   Thumb Code    58  radiomessage.o(i._ZN12RadioMessage6setMsgEPhh)
    RadioMessage::getBody(unsigned char*)    0x08006a8b   Thumb Code    50  radiomessage.o(i._ZN12RadioMessage7getBodyEPh)
    RadioMessage::setBody(unsigned char*, unsigned char) 0x08006abd   Thumb Code    58  radiomessage.o(i._ZN12RadioMessage7setBodyEPhh)
    RadioMessage::setHeader(unsigned char, unsigned char, unsigned char, unsigned char, unsigned char) 0x08006af7   Thumb Code    44  radiomessage.o(i._ZN12RadioMessage9setHeaderEhhhhh)
    RadioMessage::RadioMessage(const unsigned char*, unsigned short) 0x08006b23   Thumb Code    96  radiomessage.o(i._ZN12RadioMessageC1EPKht)
    RadioMessage::RadioMessage__sub_object(const unsigned char*, unsigned short) 0x08006b23   Thumb Code     0  radiomessage.o(i._ZN12RadioMessageC1EPKht)
    RadioMessage::RadioMessage()             0x08006b83   Thumb Code    58  radiomessage.o(i._ZN12RadioMessageC1Ev)
    RadioMessage::RadioMessage__sub_object() 0x08006b83   Thumb Code     0  radiomessage.o(i._ZN12RadioMessageC1Ev)
    RadioMessage::~RadioMessage()            0x08006bbd   Thumb Code     2  radiomessage.o(i._ZN12RadioMessageD1Ev)
    RadioMessage::~RadioMessage__sub_object() 0x08006bbd   Thumb Code     0  radiomessage.o(i._ZN12RadioMessageD1Ev)
    QueDataFrames::isEmpty()                 0x08006bbf   Thumb Code    16  quedataframes.o(i._ZN13QueDataFrames7isEmptyEv)
    QueDataFrames::PopFrame(unsigned char*)  0x08006bcf   Thumb Code    86  quedataframes.o(i._ZN13QueDataFrames8PopFrameEPh)
    QueDataFrames::PushFrame(unsigned char*, unsigned short) 0x08006c25   Thumb Code   106  quedataframes.o(i._ZN13QueDataFrames9PushFrameEPht)
    QueDataFrames::QueDataFrames(unsigned short, unsigned short) 0x08006c8f   Thumb Code    18  quedataframes.o(i._ZN13QueDataFramesC1Ett)
    QueDataFrames::QueDataFrames__sub_object(unsigned short, unsigned short) 0x08006c8f   Thumb Code     0  quedataframes.o(i._ZN13QueDataFramesC1Ett)
    QueDataFrames::~QueDataFrames()          0x08006ca1   Thumb Code    60  quedataframes.o(i._ZN13QueDataFramesD1Ev)
    QueDataFrames::~QueDataFrames__sub_object() 0x08006ca1   Thumb Code     0  quedataframes.o(i._ZN13QueDataFramesD1Ev)
    SLIPInterface::WaitForPack()             0x08006cdd   Thumb Code    22  slipinterface.o(i._ZN13SLIPInterface11WaitForPackEv)
    SLIPInterface::FindPackInData(unsigned char*, unsigned short, unsigned char*, unsigned short&, unsigned short&) 0x08006cf3   Thumb Code   154  slipinterface.o(i._ZN13SLIPInterface14FindPackInDataEPhtS0_RtS1_)
    SLIPInterface::CheckForSLIPData(unsigned char, unsigned char*, unsigned short&, unsigned char&) 0x08006d8d   Thumb Code   234  slipinterface.o(i._ZN13SLIPInterface16CheckForSLIPDataEhPhRtRh)
    SLIPInterface::FormPack(unsigned char*, unsigned short, unsigned char*, unsigned short&, unsigned short) 0x08006e77   Thumb Code   162  slipinterface.o(i._ZN13SLIPInterface8FormPackEPhtS0_Rtt)
    SLIPInterface::SLIPInterface()           0x08006f19   Thumb Code    22  slipinterface.o(i._ZN13SLIPInterfaceC1Ev)
    SLIPInterface::SLIPInterface__sub_object() 0x08006f19   Thumb Code     0  slipinterface.o(i._ZN13SLIPInterfaceC1Ev)
    operator delete[] (void*)                0x08006f2f   Thumb Code     8  array_del.o(i._ZdaPv)
    operator delete (void*)                  0x08006f37   Thumb Code     8  delete.o(i._ZdlPv)
    operator new[] (unsigned)                0x08006f3f   Thumb Code     8  array_new.o(i._Znaj)
    operator new(unsigned)                   0x08006f49   Thumb Code    36  new.o(i._Znwj)
    __0sprintf$5                             0x08006f71   Thumb Code    36  printf5.o(i.__0sprintf$5)
    __1sprintf$5                             0x08006f71   Thumb Code     0  printf5.o(i.__0sprintf$5)
    __2sprintf                               0x08006f71   Thumb Code     0  printf5.o(i.__0sprintf$5)
    __ARM_clz                                0x08006f99   Thumb Code    46  depilogue.o(i.__ARM_clz)
    __ARM_common_switch8                     0x08006fc7   Thumb Code    28  stm32f0xx_hal_tim.o(i.__ARM_common_switch8)
    __aeabi_atexit                           0x08006fe3   Thumb Code    44  aeabi_atexit.o(i.__aeabi_atexit)
    __cxa_finalize                           0x0800700f   Thumb Code    66  cxa_finalize.o(i.__cxa_finalize)
    __scatterload_copy                       0x08007051   Thumb Code    14  handlers.o(i.__scatterload_copy)
    __scatterload_null                       0x0800705f   Thumb Code     2  handlers.o(i.__scatterload_null)
    __scatterload_zeroinit                   0x08007061   Thumb Code    14  handlers.o(i.__scatterload_zeroinit)
    free                                     0x080073b9   Thumb Code    80  malloc.o(i.free)
    isCplt_SPI_TransmitReceive               0x0800740d   Thumb Code    42  spi_periphery.o(i.isCplt_SPI_TransmitReceive)
    main                                     0x08007445   Thumb Code   234  main.o(i.main)
    malloc                                   0x08007545   Thumb Code    92  malloc.o(i.malloc)
    Region$$Table$$Base                      0x08007b98   Number         0  anon$$obj.o(Region$$Table)
    Region$$Table$$Limit                     0x08007bb8   Number         0  anon$$obj.o(Region$$Table)
    SHT$$INIT_ARRAY$$Base                    0x08007bb8   Number         0  processstates.o(.init_array)
    SHT$$INIT_ARRAY$$Limit                   0x08007bc0   Number         0  cpp_init.o(.init_array)
    SystemCoreClock                          0x20000004   Data           4  system_stm32f0xx.o(.data)
    hspiCC1120                               0x20000018   Data           4  cc1120.o(.data)
    hspi_CMX7262                             0x2000001c   Data           4  cmx7262.o(.data)
    CBUSTimeout                              0x20000020   Data           4  cmx7262.o(.data)
    Cplt_SPI_TransmitReceive                 0x20000024   Data           2  spi_periphery.o(.data)
    DefaultUARTParams                        0x20000028   Data          32  uart_intermodule.o(.data)
    nSizeSLIPPack                            0x20000048   Data           2  uart_intermodule.o(.data)
    nSizeTxBuf                               0x2000004a   Data           2  uart_intermodule.o(.data)
    objSLIPinterface                         0x2000004c   Data           4  uart_intermodule.o(.data)
    UARTstate                                0x20000050   Data           1  uart_intermodule.o(.data)
    huartExtDev                              0x20000054   Data           4  uart_intermodule.o(.data)
    Cplt_UART_DMA_Transmit                   0x20000058   Data           1  uart_intermodule.o(.data)
    pobjRadioModule                          0x2000005c   Data           4  processstates.o(.data)
    g_CC1120Struct                           0x20000060   Data           8  processstates.o(.data)
    g_flCMX7262_IRQ_CHECKED                  0x20000068   Data           1  processstates.o(.data)
    g_flCC1120_IRQ_CHECKED                   0x20000069   Data           1  processstates.o(.data)
    nLengthDataFromCMX7262                   0x2000006a   Data           2  processstates.o(.data)
    nLengthDataToCMX7262                     0x2000006c   Data           2  processstates.o(.data)
    SymbolPatterns                           0x20000074   Data         258  radiologic.o(.data)
    __microlib_freelist                      0x20000188   Data           4  mvars.o(.data)
    __microlib_freelist_initialised          0x2000018c   Data           4  mvars.o(.data)
    hi2c1                                    0x20000190   Data          60  main.o(.bss)
    hspi1                                    0x200001cc   Data         100  main.o(.bss)
    hspi2                                    0x20000230   Data         100  main.o(.bss)
    hdma_spi1_rx                             0x20000294   Data          56  main.o(.bss)
    hdma_spi1_tx                             0x200002cc   Data          56  main.o(.bss)
    hdma_spi2_rx                             0x20000304   Data          56  main.o(.bss)
    hdma_spi2_tx                             0x2000033c   Data          56  main.o(.bss)
    htim1                                    0x20000374   Data          60  main.o(.bss)
    htim2                                    0x200003b0   Data          60  main.o(.bss)
    htim3                                    0x200003ec   Data          60  main.o(.bss)
    htim15                                   0x20000428   Data          60  main.o(.bss)
    huart1                                   0x20000464   Data         112  main.o(.bss)
    huart2                                   0x200004d4   Data         112  main.o(.bss)
    hdma_usart1_rx                           0x20000544   Data          56  main.o(.bss)
    hdma_usart1_tx                           0x2000057c   Data          56  main.o(.bss)
    pCC1120TxData                            0x200005b4   Data         255  cc1120.o(.bss)
    pCC1120RxData                            0x200006b4   Data         255  cc1120.o(.bss)
    pUARTRxBuf                               0x200007b3   Data          32  uart_intermodule.o(.bss)
    pUARTRxSLIPPack                          0x200007d3   Data         132  uart_intermodule.o(.bss)
    pUARTTxBuf                               0x20000857   Data         198  uart_intermodule.o(.bss)
    g_CMX7262Struct                          0x20000920   Data          40  processstates.o(.bss)
    pDataFromCMX7262                         0x20000948   Data        2048  processstates.o(.bss)
    pDataToCMX7262                           0x20001148   Data        4096  processstates.o(.bss)
    QueDataFromExtDev                        0x20002148   Data          16  processstates.o(.bss)
    QueDataToExtDev                          0x20002158   Data          16  processstates.o(.bss)
    QueReceiverStatsToExtDev                 0x20002168   Data          16  radiologic.o(.bss)
    __heap_base                              0x20002178   Data           0  startup_stm32f071xb.o(HEAP)
    __heap_limit                             0x20002778   Data           0  startup_stm32f071xb.o(HEAP)
    __initial_sp                             0x20002d78   Data           0  startup_stm32f071xb.o(STACK)



==============================================================================

Memory Map of the image

  Image Entry point : 0x080000bd

  Load Region LR_IROM1 (Base: 0x08000000, Size: 0x00007d50, Max: 0x00020000, ABSOLUTE, COMPRESSED[0x00007c40])

    Execution Region ER_IROM1 (Base: 0x08000000, Size: 0x00007bc0, Max: 0x00020000, ABSOLUTE)

    Base Addr    Size         Type   Attr      Idx    E Section Name        Object

    0x08000000   0x000000bc   Data   RO         3718    RESET               startup_stm32f071xb.o
    0x080000bc   0x00000000   Code   RO         5845  * .ARM.Collect$$$$00000000  mc_p.l(entry.o)
    0x080000bc   0x00000004   Code   RO         6165    .ARM.Collect$$$$00000001  mc_p.l(entry2.o)
    0x080000c0   0x00000004   Code   RO         6168    .ARM.Collect$$$$00000004  mc_p.l(entry5.o)
    0x080000c4   0x00000000   Code   RO         6170    .ARM.Collect$$$$00000008  mc_p.l(entry7b.o)
    0x080000c4   0x00000004   Code   RO         6171    .ARM.Collect$$$$00000009  mc_p.l(entry8a.o)
    0x080000c8   0x00000000   Code   RO         6172    .ARM.Collect$$$$0000000A  mc_p.l(entry8b.o)
    0x080000c8   0x00000008   Code   RO         6173    .ARM.Collect$$$$0000000B  mc_p.l(entry9a.o)
    0x080000d0   0x00000000   Code   RO         6175    .ARM.Collect$$$$0000000D  mc_p.l(entry10a.o)
    0x080000d0   0x00000000   Code   RO         6177    .ARM.Collect$$$$0000000F  mc_p.l(entry11a.o)
    0x080000d0   0x00000004   Code   RO         6166    .ARM.Collect$$$$00002712  mc_p.l(entry2.o)
    0x080000d4   0x0000001c   Code   RO         3719    .text               startup_stm32f071xb.o
    0x080000f0   0x0000002c   Code   RO         5848    .text               mc_p.l(uidiv.o)
    0x0800011c   0x00000028   Code   RO         5850    .text               mc_p.l(idiv.o)
    0x08000144   0x00000022   Code   RO         5852    .text               mc_p.l(llushr.o)
    0x08000166   0x00000040   Code   RO         5856    .text               mc_p.l(memmovea.o)
    0x080001a6   0x00000024   Code   RO         5858    .text               mc_p.l(memseta.o)
    0x080001ca   0x00000002   PAD
    0x080001cc   0x00000020   Code   RO         6130    .text               mc_p.l(cpp_init.o)
    0x080001ec   0x00000164   Code   RO         6132    .text               mf_p.l(dadd.o)
    0x08000350   0x000000f0   Code   RO         6136    .text               mf_p.l(ddiv.o)
    0x08000440   0x0000001c   Code   RO         6140    .text               mf_p.l(dfltui.o)
    0x0800045c   0x0000003c   Code   RO         6142    .text               mf_p.l(dfixui.o)
    0x08000498   0x00000028   Code   RO         6144    .text               mf_p.l(cdcmple.o)
    0x080004c0   0x00000008   Code   RO         6149    .text               cpprt_p.l(arm_newhandler_noexceptions.o)
    0x080004c8   0x00000060   Code   RO         6179    .text               mc_p.l(uldiv.o)
    0x08000528   0x00000020   Code   RO         6181    .text               mc_p.l(llshl.o)
    0x08000548   0x00000026   Code   RO         6183    .text               mc_p.l(llsshr.o)
    0x0800056e   0x00000000   Code   RO         6213    .text               mc_p.l(iusefp.o)
    0x0800056e   0x00000002   PAD
    0x08000570   0x00000008   Code   RO         6214    .text               mc_p.l(cpp_dtor.o)
    0x08000578   0x00000002   Code   RO         6217    .text               mc_p.l(cpp_final.o)
    0x0800057a   0x00000002   PAD
    0x0800057c   0x00000008   Code   RO         6219    .text               mc_p.l(cpp_memory.o)
    0x08000584   0x00000020   Code   RO         6222    .text               mc_p.l(cpp_unwinder.o)
    0x080005a4   0x000000be   Code   RO         6225    .text               mf_p.l(depilogue.o)
    0x08000662   0x0000001c   Code   RO         6352    .text               cpprt_p.l(arm_exceptions_terminate.o)
    0x0800067e   0x00000002   PAD
    0x08000680   0x00000024   Code   RO         6355    .text               mc_p.l(init.o)
    0x080006a4   0x00000054   Code   RO         6375    .text               cpprt_p.l(arm_exceptions_globs.o)
    0x080006f8   0x00000042   Code   RO         6383    .text               cpprt_p.l(arm_exceptions_mem.o)
    0x0800073a   0x00000056   Code   RO         6398    .text               mc_p.l(__dczerorl2.o)
    0x08000790   0x0000003e   Code   RO         3725    i.AD5601_SetVCPForSky  ad5601.o
    0x080007ce   0x0000004a   Code   RO         3972    i.CBUS_Read16       cmx7262.o
    0x08000818   0x0000003a   Code   RO         3973    i.CBUS_Read8        cmx7262.o
    0x08000852   0x00000002   PAD
    0x08000854   0x0000001c   Code   RO         3974    i.CBUS_SendByte     cmx7262.o
    0x08000870   0x00000018   Code   RO         3975    i.CBUS_SetCSNHigh   cmx7262.o
    0x08000888   0x00000018   Code   RO         3976    i.CBUS_SetCSNLow    cmx7262.o
    0x080008a0   0x0000004c   Code   RO         3977    i.CBUS_WaitBitClr8  cmx7262.o
    0x080008ec   0x00000050   Code   RO         3978    i.CBUS_WaitBitSet16  cmx7262.o
    0x0800093c   0x00000042   Code   RO         3979    i.CBUS_Write16      cmx7262.o
    0x0800097e   0x00000034   Code   RO         3980    i.CBUS_Write8       cmx7262.o
    0x080009b2   0x00000002   PAD
    0x080009b4   0x00000084   Code   RO         3750    i.CC1120_CheckRSSI  cc1120.o
    0x08000a38   0x000000ac   Code   RO         3752    i.CC1120_ConfigReadCompare  cc1120.o
    0x08000ae4   0x00000098   Code   RO         3753    i.CC1120_ConfigWrite  cc1120.o
    0x08000b7c   0x0000004c   Code   RO         3755    i.CC1120_FreqWrite  cc1120.o
    0x08000bc8   0x0000002c   Code   RO         3756    i.CC1120_HardwareReset  cc1120.o
    0x08000bf4   0x0000004c   Code   RO         3757    i.CC1120_IDLE_set   cc1120.o
    0x08000c40   0x00000084   Code   RO         3758    i.CC1120_Init       cc1120.o
    0x08000cc4   0x0000049c   Code   RO         3760    i.CC1120_ManualCalibration  cc1120.o
    0x08001160   0x00000054   Code   RO         3761    i.CC1120_PowerAmpWrite  cc1120.o
    0x080011b4   0x000000bc   Code   RO         3762    i.CC1120_Read       cc1120.o
    0x08001270   0x0000004c   Code   RO         3765    i.CC1120_Reset      cc1120.o
    0x080012bc   0x0000004c   Code   RO         3766    i.CC1120_Rx         cc1120.o
    0x08001308   0x0000002e   Code   RO         3767    i.CC1120_RxData     cc1120.o
    0x08001336   0x00000002   PAD
    0x08001338   0x0000004c   Code   RO         3768    i.CC1120_RxFIFOFlush  cc1120.o
    0x08001384   0x00000050   Code   RO         3769    i.CC1120_RxFIFONumBytes  cc1120.o
    0x080013d4   0x0000005c   Code   RO         3770    i.CC1120_RxFIFORead  cc1120.o
    0x08001430   0x0000005c   Code   RO         3772    i.CC1120_SetConfig  cc1120.o
    0x0800148c   0x00000050   Code   RO         3773    i.CC1120_Status     cc1120.o
    0x080014dc   0x0000004c   Code   RO         3774    i.CC1120_Tx         cc1120.o
    0x08001528   0x00000038   Code   RO         3775    i.CC1120_TxData     cc1120.o
    0x08001560   0x0000004c   Code   RO         3776    i.CC1120_TxFIFOFlush  cc1120.o
    0x080015ac   0x00000050   Code   RO         3777    i.CC1120_TxFIFONumBytes  cc1120.o
    0x080015fc   0x0000004c   Code   RO         3778    i.CC1120_TxFIFOWrite  cc1120.o
    0x08001648   0x000000d4   Code   RO         3779    i.CC1120_Write      cc1120.o
    0x0800171c   0x0000000c   Code   RO         4277    i.CMX7262TimerCounter  timers.o
    0x08001728   0x00000030   Code   RO         3981    i.CMX7262_AnalogBlocks  cmx7262.o
    0x08001758   0x0000001a   Code   RO         3982    i.CMX7262_AudioInputGain  cmx7262.o
    0x08001772   0x00000012   Code   RO         3983    i.CMX7262_AudioOutputGain  cmx7262.o
    0x08001784   0x0000003c   Code   RO         3986    i.CMX7262_Config    cmx7262.o
    0x080017c0   0x000000f4   Code   RO         3987    i.CMX7262_ConfigClocks  cmx7262.o
    0x080018b4   0x00000034   Code   RO         3988    i.CMX7262_Decode    cmx7262.o
    0x080018e8   0x0000001c   Code   RO         3990    i.CMX7262_EnableIRQ  cmx7262.o
    0x08001904   0x00000038   Code   RO         3991    i.CMX7262_Encode    cmx7262.o
    0x0800193c   0x00000020   Code   RO         3996    i.CMX7262_FlushStatusReg  cmx7262.o
    0x0800195c   0x0000002c   Code   RO         3997    i.CMX7262_HardwareReset  cmx7262.o
    0x08001988   0x000000dc   Code   RO         3998    i.CMX7262_IRQ       cmx7262.o
    0x08001a64   0x00000050   Code   RO         3999    i.CMX7262_Idle      cmx7262.o
    0x08001ab4   0x0000008c   Code   RO         4000    i.CMX7262_Init      cmx7262.o
    0x08001b40   0x0000003c   Code   RO         4001    i.CMX7262_InitHardware  cmx7262.o
    0x08001b7c   0x00000012   Code   RO         4002    i.CMX7262_Routing   cmx7262.o
    0x08001b8e   0x00000014   Code   RO         4003    i.CMX7262_RxFIFO    cmx7262.o
    0x08001ba2   0x00000002   PAD
    0x08001ba4   0x00000060   Code   RO         4006    i.CMX7262_Transcode  cmx7262.o
    0x08001c04   0x00000014   Code   RO         4007    i.CMX7262_TxFIFO    cmx7262.o
    0x08001c18   0x0000002c   Code   RO         4882    i.CheckForSerialProtocolData  uart_intermodule.o
    0x08001c44   0x00000010   Code   RO         4278    i.ClearCMX7262TimerCounter  timers.o
    0x08001c54   0x00000018   Code   RO         4279    i.ClearHighPrecisionCounter  timers.o
    0x08001c6c   0x00000018   Code   RO         3627    i.DMA1_Channel2_3_IRQHandler  stm32f0xx_it.o
    0x08001c84   0x0000002c   Code   RO         3628    i.DMA1_Channel4_5_6_7_IRQHandler  stm32f0xx_it.o
    0x08001cb0   0x00000014   Code   RO         3629    i.EXTI0_1_IRQHandler  stm32f0xx_it.o
    0x08001cc4   0x00000018   Code   RO         3630    i.EXTI4_15_IRQHandler  stm32f0xx_it.o
    0x08001cdc   0x00000324   Code   RO         1163    i.HAL_DMA_IRQHandler  stm32f0xx_hal_dma.o
    0x08002000   0x0000005c   Code   RO         1164    i.HAL_DMA_Init      stm32f0xx_hal_dma.o
    0x0800205c   0x00000072   Code   RO         1167    i.HAL_DMA_Start_IT  stm32f0xx_hal_dma.o
    0x080020ce   0x00000002   Code   RO         1299    i.HAL_GPIO_EXTI_Callback  stm32f0xx_hal_gpio.o
    0x080020d0   0x00000020   Code   RO         1300    i.HAL_GPIO_EXTI_IRQHandler  stm32f0xx_hal_gpio.o
    0x080020f0   0x000001f8   Code   RO         1301    i.HAL_GPIO_Init     stm32f0xx_hal_gpio.o
    0x080022e8   0x00000012   Code   RO         1303    i.HAL_GPIO_ReadPin  stm32f0xx_hal_gpio.o
    0x080022fa   0x0000000c   Code   RO         1305    i.HAL_GPIO_WritePin  stm32f0xx_hal_gpio.o
    0x08002306   0x00000002   PAD
    0x08002308   0x0000000c   Code   RO          922    i.HAL_GetTick       stm32f0xx_hal.o
    0x08002314   0x0000008e   Code   RO         1242    i.HAL_I2CEx_ConfigAnalogFilter  stm32f0xx_hal_i2c_ex.o
    0x080023a2   0x00000002   PAD
    0x080023a4   0x000000c4   Code   RO         1857    i.HAL_I2C_Init      stm32f0xx_hal_i2c.o
    0x08002468   0x0000005c   Code   RO         3460    i.HAL_I2C_MspInit   stm32f0xx_hal_msp.o
    0x080024c4   0x00000010   Code   RO          923    i.HAL_IncTick       stm32f0xx_hal.o
    0x080024d4   0x00000020   Code   RO          924    i.HAL_Init          stm32f0xx_hal.o
    0x080024f4   0x00000026   Code   RO          925    i.HAL_InitTick      stm32f0xx_hal.o
    0x0800251a   0x00000002   PAD
    0x0800251c   0x00000030   Code   RO         3461    i.HAL_MspInit       stm32f0xx_hal_msp.o
    0x0800254c   0x00000018   Code   RO          457    i.HAL_NVIC_EnableIRQ  stm32f0xx_hal_cortex.o
    0x08002564   0x00000012   Code   RO          461    i.HAL_NVIC_SetPriority  stm32f0xx_hal_cortex.o
    0x08002576   0x00000002   PAD
    0x08002578   0x0000015c   Code   RO          743    i.HAL_RCCEx_PeriphCLKConfig  stm32f0xx_hal_rcc_ex.o
    0x080026d4   0x000002cc   Code   RO         1390    i.HAL_RCC_ClockConfig  stm32f0xx_hal_rcc.o
    0x080029a0   0x0000002c   Code   RO         1395    i.HAL_RCC_GetHCLKFreq  stm32f0xx_hal_rcc.o
    0x080029cc   0x00000024   Code   RO         1397    i.HAL_RCC_GetPCLK1Freq  stm32f0xx_hal_rcc.o
    0x080029f0   0x000000f0   Code   RO         1398    i.HAL_RCC_GetSysClockFreq  stm32f0xx_hal_rcc.o
    0x08002ae0   0x00000658   Code   RO         1401    i.HAL_RCC_OscConfig  stm32f0xx_hal_rcc.o
    0x08003138   0x00000002   Code   RO            7    i.HAL_SPI_ErrorCallback  stm32f0xx_hal_spi.o
    0x0800313a   0x000000d8   Code   RO           10    i.HAL_SPI_IRQHandler  stm32f0xx_hal_spi.o
    0x08003212   0x00000002   PAD
    0x08003214   0x000000f0   Code   RO           11    i.HAL_SPI_Init      stm32f0xx_hal_spi.o
    0x08003304   0x000001b4   Code   RO         3463    i.HAL_SPI_MspInit   stm32f0xx_hal_msp.o
    0x080034b8   0x00000002   Code   RO           17    i.HAL_SPI_RxCpltCallback  stm32f0xx_hal_spi.o
    0x080034ba   0x00000002   PAD
    0x080034bc   0x00000150   Code   RO           22    i.HAL_SPI_TransmitReceive_IT  stm32f0xx_hal_spi.o
    0x0800360c   0x0000002c   Code   RO         4220    i.HAL_SPI_TxRxCpltCallback  spi_periphery.o
    0x08003638   0x00000024   Code   RO          463    i.HAL_SYSTICK_CLKSourceConfig  stm32f0xx_hal_cortex.o
    0x0800365c   0x00000002   Code   RO          464    i.HAL_SYSTICK_Callback  stm32f0xx_hal_cortex.o
    0x0800365e   0x00000002   PAD
    0x08003660   0x00000038   Code   RO          465    i.HAL_SYSTICK_Config  stm32f0xx_hal_cortex.o
    0x08003698   0x00000008   Code   RO          466    i.HAL_SYSTICK_IRQHandler  stm32f0xx_hal_cortex.o
    0x080036a0   0x00000062   Code   RO         1596    i.HAL_TIMEx_MasterConfigSynchronization  stm32f0xx_hal_tim_ex.o
    0x08003702   0x00000038   Code   RO         2219    i.HAL_TIM_Base_Init  stm32f0xx_hal_tim.o
    0x0800373a   0x00000002   PAD
    0x0800373c   0x000000ac   Code   RO         3465    i.HAL_TIM_Base_MspInit  stm32f0xx_hal_msp.o
    0x080037e8   0x0000001e   Code   RO         2222    i.HAL_TIM_Base_Start  stm32f0xx_hal_tim.o
    0x08003806   0x0000013e   Code   RO         2228    i.HAL_TIM_ConfigClockSource  stm32f0xx_hal_tim.o
    0x08003944   0x00000058   Code   RO         2300    i.HAL_TIM_SlaveConfigSynchronization  stm32f0xx_hal_tim.o
    0x0800399c   0x00000002   Code   RO         1503    i.HAL_UARTEx_WakeupCallback  stm32f0xx_hal_uart_ex.o
    0x0800399e   0x00000002   Code   RO         2974    i.HAL_UART_ErrorCallback  stm32f0xx_hal_uart.o
    0x080039a0   0x0000014e   Code   RO         1504    i.HAL_UART_IRQHandler  stm32f0xx_hal_uart_ex.o
    0x08003aee   0x00000082   Code   RO         2977    i.HAL_UART_Init     stm32f0xx_hal_uart.o
    0x08003b70   0x00000154   Code   RO         3467    i.HAL_UART_MspInit  stm32f0xx_hal_msp.o
    0x08003cc4   0x000000ac   Code   RO         2981    i.HAL_UART_Receive_DMA  stm32f0xx_hal_uart.o
    0x08003d70   0x00000048   Code   RO         4884    i.HAL_UART_RxCpltCallback  uart_intermodule.o
    0x08003db8   0x00000002   Code   RO         2984    i.HAL_UART_RxHalfCpltCallback  stm32f0xx_hal_uart.o
    0x08003dba   0x00000002   PAD
    0x08003dbc   0x000000b4   Code   RO         2986    i.HAL_UART_Transmit_DMA  stm32f0xx_hal_uart.o
    0x08003e70   0x0000000c   Code   RO         4885    i.HAL_UART_TxCpltCallback  uart_intermodule.o
    0x08003e7c   0x00000002   Code   RO         2989    i.HAL_UART_TxHalfCpltCallback  stm32f0xx_hal_uart.o
    0x08003e7e   0x00000002   PAD
    0x08003e80   0x0000003c   Code   RO         4886    i.InitSerialProtocol  uart_intermodule.o
    0x08003ebc   0x0000001c   Code   RO         4280    i.ReadHighPrecisionCounter  timers.o
    0x08003ed8   0x0000002c   Code   RO         4221    i.ResetCpltState_SPI_TransmitReceive  spi_periphery.o
    0x08003f04   0x00000274   Code   RO         4009    i.SDR_Load_FI       cmx7262.o
    0x08004178   0x00000010   Code   RO         3631    i.SPI1_IRQHandler   stm32f0xx_it.o
    0x08004188   0x00000010   Code   RO         3632    i.SPI2_IRQHandler   stm32f0xx_it.o
    0x08004198   0x00000002   Code   RO         4222    i.SPI_TIMEOUT_UserCallback  spi_periphery.o
    0x0800419a   0x00000002   PAD
    0x0800419c   0x00000050   Code   RO         4223    i.SPI_TransmitRecieve  spi_periphery.o
    0x080041ec   0x0000004c   Code   RO         4224    i.SPI_TransmitRecieveByte  spi_periphery.o
    0x08004238   0x0000005c   Code   RO         4887    i.SendDataToExtDev  uart_intermodule.o
    0x08004294   0x00000024   Code   RO         4281    i.StartPeriphTimers  timers.o
    0x080042b8   0x0000000c   Code   RO         3633    i.SysTick_Handler   stm32f0xx_it.o
    0x080042c4   0x00000078   Code   RO         3246    i.SystemInit        system_stm32f0xx.o
    0x0800433c   0x000000a4   Code   RO         2303    i.TIM_Base_SetConfig  stm32f0xx_hal_tim.o
    0x080043e0   0x000000f0   Code   RO         2990    i.UART_AdvFeatureConfig  stm32f0xx_hal_uart.o
    0x080044d0   0x00000078   Code   RO         2991    i.UART_CheckIdleState  stm32f0xx_hal_uart.o
    0x08004548   0x0000003c   Code   RO         2992    i.UART_EndTransmit_IT  stm32f0xx_hal_uart.o
    0x08004584   0x00000024   Code   RO         4889    i.UART_InitInterface  uart_intermodule.o
    0x080045a8   0x000000a8   Code   RO         2993    i.UART_Receive_IT   stm32f0xx_hal_uart.o
    0x08004650   0x0000020c   Code   RO         2994    i.UART_SetConfig    stm32f0xx_hal_uart.o
    0x0800485c   0x0000007a   Code   RO         2995    i.UART_Transmit_IT  stm32f0xx_hal_uart.o
    0x080048d6   0x000000fe   Code   RO         2996    i.UART_WaitOnFlagUntilTimeout  stm32f0xx_hal_uart.o
    0x080049d4   0x00000010   Code   RO         3634    i.USART1_IRQHandler  stm32f0xx_it.o
    0x080049e4   0x00000010   Code   RO         3635    i.USART2_IRQHandler  stm32f0xx_it.o
    0x080049f4   0x00000014   Code   RO         4890    i.WaitNextByteFromUART  uart_intermodule.o
    0x08004a08   0x00000014   Code   RO         4282    i.WaitTimeMCS       timers.o
    0x08004a1c   0x00000044   Code   RO         3279    i._Z11MX_DMA_Initv  main.o
    0x08004a60   0x0000014c   Code   RO         3280    i._Z12MX_GPIO_Initv  main.o
    0x08004bac   0x0000003c   Code   RO         3281    i._Z12MX_I2C1_Initv  main.o
    0x08004be8   0x0000004c   Code   RO         3282    i._Z12MX_SPI1_Initv  main.o
    0x08004c34   0x0000004c   Code   RO         3283    i._Z12MX_SPI2_Initv  main.o
    0x08004c80   0x00000080   Code   RO         3284    i._Z12MX_TIM1_Initv  main.o
    0x08004d00   0x00000070   Code   RO         3285    i._Z12MX_TIM2_Initv  main.o
    0x08004d70   0x00000050   Code   RO         3286    i._Z12MX_TIM3_Initv  main.o
    0x08004dc0   0x00000020   Code   RO         1168    i._Z13DMA_SetConfigP19__DMA_HandleTypeDefjjj  stm32f0xx_hal_dma.o
    0x08004de0   0x0000009c   Code   RO         5704    i._Z13FormRadioPackP12RadioMessagePhhh  radiologic.o
    0x08004e7c   0x00000080   Code   RO         3287    i._Z13MX_TIM15_Initv  main.o
    0x08004efc   0x00000026   Code   RO         2997    i._Z13UART_DMAErrorP19__DMA_HandleTypeDef  stm32f0xx_hal_uart.o
    0x08004f22   0x00000022   Code   RO         5708    i._Z15ApplyRSSIOffseta  radiologic.o
    0x08004f44   0x00000014   Code   RO         5532    i._Z15FrontEndSetToRxv  processstates.o
    0x08004f58   0x00000014   Code   RO         5533    i._Z15FrontEndSetToTxv  processstates.o
    0x08004f6c   0x0000008c   Code   RO         5534    i._Z15ProcessPTTStatev  processstates.o
    0x08004ff8   0x0000003c   Code   RO         5535    i._Z15RadioModuleInitP19__SPI_HandleTypeDefS0_  processstates.o
    0x08005034   0x00000030   Code   RO         5536    i._Z15isNeedCheckRSSIv  processstates.o
    0x08005064   0x00000034   Code   RO         4983    i._Z16AddDataToFIFOBufPhRtS_t  fifobuffers.o
    0x08005098   0x00000078   Code   RO          467    i._Z16NVIC_SetPriority9IRQn_Typej  stm32f0xx_hal_cortex.o
    0x08005110   0x00000040   Code   RO         4444    i._Z16ProcessAsyncDatav  spimlogic.o
    0x08005150   0x000000f4   Code   RO         5709    i._Z16ProcessRadioPackPhRtRhS_  radiologic.o
    0x08005244   0x00000100   Code   RO         5538    i._Z16ProcessRxRunningv  processstates.o
    0x08005344   0x00000024   Code   RO         5539    i._Z16ProcessRxWaitingv  processstates.o
    0x08005368   0x000000bc   Code   RO         5540    i._Z16ProcessTxRunningv  processstates.o
    0x08005424   0x0000003c   Code   RO         5541    i._Z16ProcessTxWaitingv  processstates.o
    0x08005460   0x000000c4   Code   RO         4445    i._Z17ProcessCmdSetModeP11SPIMMessage  spimlogic.o
    0x08005524   0x00000040   Code   RO         5542    i._Z17ProcessRadioStatev  processstates.o
    0x08005564   0x0000008c   Code   RO           36    i._Z17SPI_CloseRxTx_ISRP19__SPI_HandleTypeDef  stm32f0xx_hal_spi.o
    0x080055f0   0x0000001e   Code   RO         2310    i._Z17TIM_ETR_SetConfigP11TIM_TypeDefjjj  stm32f0xx_hal_tim.o
    0x0800560e   0x0000005c   Code   RO         4446    i._Z18FormAnswerToExtDevP11SPIMMessageS0_  spimlogic.o
    0x0800566a   0x0000003e   Code   RO         4984    i._Z18RemDataFromFIFOBufPhRtt  fifobuffers.o
    0x080056a8   0x00000072   Code   RO         3288    i._Z18SystemClock_Configv  main.o
    0x0800571a   0x0000001a   Code   RO         2318    i._Z18TIM_ITRx_SetConfigP11TIM_TypeDeft  stm32f0xx_hal_tim.o
    0x08005734   0x00000018   Code   RO         5544    i._Z18TransceiverStartRxv  processstates.o
    0x0800574c   0x0000000e   Code   RO         2998    i._Z18UART_DMARxHalfCpltP19__DMA_HandleTypeDef  stm32f0xx_hal_uart.o
    0x0800575a   0x0000000e   Code   RO         2999    i._Z18UART_DMATxHalfCpltP19__DMA_HandleTypeDef  stm32f0xx_hal_uart.o
    0x08005768   0x0000001c   Code   RO         5545    i._Z18VocoderStartDecodev  processstates.o
    0x08005784   0x00000010   Code   RO         5546    i._Z18VocoderStartEncodev  processstates.o
    0x08005794   0x00000048   Code   RO         4447    i._Z19FormDataMsgToExtDevP11SPIMMessage  spimlogic.o
    0x080057dc   0x00000028   Code   RO         3289    i._Z19MX_USART1_UART_Initv  main.o
    0x08005804   0x0000003c   Code   RO         3290    i._Z19MX_USART2_UART_Initv  main.o
    0x08005840   0x000000a0   Code   RO         5547    i._Z19ProcessCMX7262Statev  processstates.o
    0x080058e0   0x00000028   Code   RO         4448    i._Z19ProcessDataToExtDevv  spimlogic.o
    0x08005908   0x00000042   Code   RO         3000    i._Z19UART_DMAReceiveCpltP19__DMA_HandleTypeDef  stm32f0xx_hal_uart.o
    0x0800594a   0x00000030   Code   RO         5710    i._Z20FormAndSendRadioPackPhth  radiologic.o
    0x0800597a   0x00000002   PAD
    0x0800597c   0x00000098   Code   RO           41    i._Z20SPI_2linesRxISR_8BITP19__SPI_HandleTypeDef  stm32f0xx_hal_spi.o
    0x08005a14   0x0000006a   Code   RO           42    i._Z20SPI_2linesTxISR_8BITP19__SPI_HandleTypeDef  stm32f0xx_hal_spi.o
    0x08005a7e   0x0000003a   Code   RO         3001    i._Z20UART_DMATransmitCpltP19__DMA_HandleTypeDef  stm32f0xx_hal_uart.o
    0x08005ab8   0x00000048   Code   RO         4449    i._Z21FormAsyncReqParamBackhP11SPIMMessage  spimlogic.o
    0x08005b00   0x0000004c   Code   RO         4450    i._Z21ProcessDataFromExtDevv  spimlogic.o
    0x08005b4c   0x00000054   Code   RO           44    i._Z21SPI_2linesRxISR_16BITP19__SPI_HandleTypeDef  stm32f0xx_hal_spi.o
    0x08005ba0   0x00000050   Code   RO           45    i._Z21SPI_2linesTxISR_16BITP19__SPI_HandleTypeDef  stm32f0xx_hal_spi.o
    0x08005bf0   0x0000015c   Code   RO         4451    i._Z22FormCurrentParamAnswerP11SPIMMessagePhRh  spimlogic.o
    0x08005d4c   0x00000044   Code   RO           47    i._Z22SPI_EndRxTxTransactionP19__SPI_HandleTypeDefj  stm32f0xx_hal_spi.o
    0x08005d90   0x00000030   Code   RO           48    i._Z23SPI_2linesRxISR_8BITCRCP19__SPI_HandleTypeDef  stm32f0xx_hal_spi.o
    0x08005dc0   0x00000104   Code   RO         4452    i._Z24FormBodyOfAnswerToExtDevP11SPIMMessagePhRh  spimlogic.o
    0x08005ec4   0x00000048   Code   RO         4453    i._Z24FormRecStatusMsgToExtDevP11SPIMMessage  spimlogic.o
    0x08005f0c   0x00000020   Code   RO           50    i._Z24SPI_2linesRxISR_16BITCRCP19__SPI_HandleTypeDef  stm32f0xx_hal_spi.o
    0x08005f2c   0x000000ac   Code   RO         2320    i._Z24TIM_SlaveTimer_SetConfigP17TIM_HandleTypeDefP22TIM_SlaveConfigTypeDef  stm32f0xx_hal_tim.o
    0x08005fd8   0x00000036   Code   RO         2321    i._Z24TIM_TI1_ConfigInputStageP11TIM_TypeDefjj  stm32f0xx_hal_tim.o
    0x0800600e   0x00000036   Code   RO         2322    i._Z24TIM_TI2_ConfigInputStageP11TIM_TypeDefjj  stm32f0xx_hal_tim.o
    0x08006044   0x00000028   Code   RO         4454    i._Z25FormAndSendAnswerToExtDevP11SPIMMessage  spimlogic.o
    0x0800606c   0x00000024   Code   RO         5711    i._Z25SendRadioPackToTansceiverPht  radiologic.o
    0x08006090   0x00000034   Code   RO         4455    i._Z26FormAndSendDataMsgToExtDevv  spimlogic.o
    0x080060c4   0x00000024   Code   RO         5712    i._Z27FormAndPushToQueRecStatsMsgaha  radiologic.o
    0x080060e8   0x0000003a   Code   RO         4456    i._Z27FormBodyOfAsyncReqParamBackhPhRh  spimlogic.o
    0x08006122   0x00000002   PAD
    0x08006124   0x00000034   Code   RO         4457    i._Z28FormAndSendRecStatusToExtDevv  spimlogic.o
    0x08006158   0x000000c0   Code   RO           52    i._Z29SPI_WaitFifoStateUntilTimeoutP19__SPI_HandleTypeDefjjj  stm32f0xx_hal_spi.o
    0x08006218   0x000000ac   Code   RO           53    i._Z29SPI_WaitFlagStateUntilTimeoutP19__SPI_HandleTypeDefjjj  stm32f0xx_hal_spi.o
    0x080062c4   0x00000068   Code   RO         5713    i._Z9BERInPackPhhh  radiologic.o
    0x0800632c   0x00000006   Code   RO         5233    i._ZN11RadioModule10IsTestModeEv  radiomodule.o
    0x08006332   0x00000014   Code   RO         5234    i._ZN11RadioModule11SetTestModeEh  radiomodule.o
    0x08006346   0x00000002   PAD
    0x08006348   0x00000014   Code   RO         5235    i._ZN11RadioModule12FreqCodeToHzEt  radiomodule.o
    0x0800635c   0x00000006   Code   RO         5236    i._ZN11RadioModule12GetRSSILevelEv  radiomodule.o
    0x08006362   0x00000008   Code   RO         5237    i._ZN11RadioModule13GetARMSoftVerEv  radiomodule.o
    0x0800636a   0x00000006   Code   RO         5238    i._ZN11RadioModule13GetRxFreqChanEv  radiomodule.o
    0x08006370   0x00000006   Code   RO         5239    i._ZN11RadioModule13GetTxFreqChanEv  radiomodule.o
    0x08006376   0x00000002   PAD
    0x08006378   0x0000004c   Code   RO         5240    i._ZN11RadioModule13SetCC1120FreqEj  radiomodule.o
    0x080063c4   0x00000012   Code   RO         5241    i._ZN11RadioModule13SetRxFreqChanEt  radiomodule.o
    0x080063d6   0x00000012   Code   RO         5242    i._ZN11RadioModule13SetTxFreqChanEt  radiomodule.o
    0x080063e8   0x00000044   Code   RO         5243    i._ZN11RadioModule14ApplyRadioFreqEv  radiomodule.o
    0x0800642c   0x00000006   Code   RO         5244    i._ZN11RadioModule14GetTestPatternEv  radiomodule.o
    0x08006432   0x00000010   Code   RO         5245    i._ZN11RadioModule14SetTestPatternEh  radiomodule.o
    0x08006442   0x00000006   Code   RO         5246    i._ZN11RadioModule15GetARMPowerModeEv  radiomodule.o
    0x08006448   0x00000006   Code   RO         5247    i._ZN11RadioModule15GetAudioInLevelEv  radiomodule.o
    0x0800644e   0x00000006   Code   RO         5248    i._ZN11RadioModule15GetRadioAddressEv  radiomodule.o
    0x08006454   0x00000010   Code   RO         5249    i._ZN11RadioModule15SetARMPowerModeEh  radiomodule.o
    0x08006464   0x00000012   Code   RO         5250    i._ZN11RadioModule15SetAudioInLevelEh  radiomodule.o
    0x08006476   0x00000008   Code   RO         5251    i._ZN11RadioModule15SetRadioAddressEh  radiomodule.o
    0x0800647e   0x00000002   PAD
    0x08006480   0x0000006c   Code   RO         5252    i._ZN11RadioModule16ApplyRadioConfigEv  radiomodule.o
    0x080064ec   0x00000006   Code   RO         5253    i._ZN11RadioModule16GetAudioOutLevelEv  radiomodule.o
    0x080064f2   0x00000006   Code   RO         5254    i._ZN11RadioModule16GetRadioBaudRateEv  radiomodule.o
    0x080064f8   0x00000006   Code   RO         5255    i._ZN11RadioModule16GetRadioChanTypeEv  radiomodule.o
    0x080064fe   0x00000012   Code   RO         5256    i._ZN11RadioModule16SetAudioOutLevelEh  radiomodule.o
    0x08006510   0x0000001a   Code   RO         5257    i._ZN11RadioModule16SetRadioBaudRateEh  radiomodule.o
    0x0800652a   0x00000010   Code   RO         5258    i._ZN11RadioModule16SetRadioChanTypeEh  radiomodule.o
    0x0800653a   0x00000006   Code   RO         5259    i._ZN11RadioModule17GetRadioChanStateEv  radiomodule.o
    0x08006540   0x0000002a   Code   RO         5260    i._ZN11RadioModule17SetRadioChanStateEh  radiomodule.o
    0x0800656a   0x0000001a   Code   RO         5261    i._ZN11RadioModule17SwitchToIdleStateEv  radiomodule.o
    0x08006584   0x00000020   Code   RO         5262    i._ZN11RadioModule18ApplyAudioSettingsEv  radiomodule.o
    0x080065a4   0x00000006   Code   RO         5263    i._ZN11RadioModule19GetRadioModuleStateEv  radiomodule.o
    0x080065aa   0x00000006   Code   RO         5264    i._ZN11RadioModule19GetRadioSignalPowerEv  radiomodule.o
    0x080065b0   0x00000010   Code   RO         5265    i._ZN11RadioModule19SetRadioModuleStateEh  radiomodule.o
    0x080065c0   0x0000001a   Code   RO         5266    i._ZN11RadioModule19SetRadioSignalPowerEh  radiomodule.o
    0x080065da   0x00000008   Code   RO         5268    i._ZN11RadioModule20SetAsyncReqMaskParamEh  radiomodule.o
    0x080065e2   0x00000002   PAD
    0x080065e4   0x00000020   Code   RO         5269    i._ZN11RadioModule20SetCMX7262AudioGainsEtt  radiomodule.o
    0x08006604   0x00000040   Code   RO         5270    i._ZN11RadioModule21ApplyRadioSignalPowerEv  radiomodule.o
    0x08006644   0x00000010   Code   RO         5271    i._ZN11RadioModule22GetMaskOfChangedParamsEv  radiomodule.o
    0x08006654   0x00000006   Code   RO         5272    i._ZN11RadioModule23IsAsyncReqReceiverStatsEv  radiomodule.o
    0x0800665a   0x00000014   Code   RO         5273    i._ZN11RadioModule24SetAsyncReqReceiverStatsEh  radiomodule.o
    0x0800666e   0x0000001a   Code   RO         5274    i._ZN11RadioModule33AudioOutGainCodeToCMX7262ValueRegEh  radiomodule.o
    0x08006688   0x00000020   Code   RO         5275    i._ZN11RadioModule8isRxModeEv  radiomodule.o
    0x080066a8   0x00000016   Code   RO         5276    i._ZN11RadioModule8isTxModeEv  radiomodule.o
    0x080066be   0x0000008e   Code   RO         5277    i._ZN11RadioModuleC1Ev  radiomodule.o
    0x0800674c   0x00000024   Code   RO         4689    i._ZN11SPIMMessage11CmdReqParam10OpModeCodeEhhhhh  spimmessage.o
    0x08006770   0x0000001a   Code   RO         4690    i._ZN11SPIMMessage11CmdReqParam10isAudioReqEv  spimmessage.o
    0x0800678a   0x0000001a   Code   RO         4691    i._ZN11SPIMMessage11CmdReqParam11isOpModeReqEv  spimmessage.o
    0x080067a4   0x0000001a   Code   RO         4692    i._ZN11SPIMMessage11CmdReqParam11isRxFreqReqEv  spimmessage.o
    0x080067be   0x0000001a   Code   RO         4693    i._ZN11SPIMMessage11CmdReqParam11isTxFreqReqEv  spimmessage.o
    0x080067d8   0x0000000a   Code   RO         4694    i._ZN11SPIMMessage11CmdReqParam12MaskReqParamEv  spimmessage.o
    0x080067e2   0x0000001a   Code   RO         4695    i._ZN11SPIMMessage11CmdReqParam14isAsynReqParamEv  spimmessage.o
    0x080067fc   0x0000001a   Code   RO         4696    i._ZN11SPIMMessage11CmdReqParam14isChanStateReqEv  spimmessage.o
    0x08006816   0x00000004   Code   RO         4697    i._ZN11SPIMMessage11CmdReqParam19SetPointerToMessageEPS_  spimmessage.o
    0x0800681a   0x0000000e   Code   RO         4698    i._ZN11SPIMMessage11CmdReqParam9AudioCodeEhh  spimmessage.o
    0x08006828   0x0000001a   Code   RO         4699    i._ZN11SPIMMessage11CmdReqParam9isRSSIReqEv  spimmessage.o
    0x08006842   0x0000000a   Code   RO         4700    i._ZN11SPIMMessage11getSizeBodyEv  spimmessage.o
    0x0800684c   0x0000000e   Code   RO         4701    i._ZN11SPIMMessage14ParseAudioCodeEhRhS0_  spimmessage.o
    0x0800685a   0x00000026   Code   RO         4702    i._ZN11SPIMMessage15ParseOpModeCodeEhRhS0_S0_S0_S0_  spimmessage.o
    0x08006880   0x00000020   Code   RO         4704    i._ZN11SPIMMessage6setCRCEv  spimmessage.o
    0x080068a0   0x00000044   Code   RO         4705    i._ZN11SPIMMessage6setMsgEPhh  spimmessage.o
    0x080068e4   0x00000044   Code   RO         4707    i._ZN11SPIMMessage7setBodyEPhh  spimmessage.o
    0x08006928   0x0000001a   Code   RO         4708    i._ZN11SPIMMessage8CRC_CalcEPhh  spimmessage.o
    0x08006942   0x00000026   Code   RO         4709    i._ZN11SPIMMessage8checkCRCEv  spimmessage.o
    0x08006968   0x0000000a   Code   RO         4710    i._ZN11SPIMMessage8getIDCmdEv  spimmessage.o
    0x08006972   0x0000000c   Code   RO         4711    i._ZN11SPIMMessage8getNoMsgEv  spimmessage.o
    0x0800697e   0x00000008   Code   RO         4712    i._ZN11SPIMMessage9IDBackCmdEh  spimmessage.o
    0x08006986   0x00000052   Code   RO         4714    i._ZN11SPIMMessage9setHeaderEhhhh  spimmessage.o
    0x080069d8   0x0000003a   Code   RO         4716    i._ZN11SPIMMessageC1Ev  spimmessage.o
    0x08006a12   0x00000002   Code   RO         4717    i._ZN11SPIMMessageD1Ev  spimmessage.o
    0x08006a14   0x0000000c   Code   RO         5132    i._ZN12RadioMessage13getDstAddressEv  radiomessage.o
    0x08006a20   0x0000000c   Code   RO         5133    i._ZN12RadioMessage13getPackLengthEv  radiomessage.o
    0x08006a2c   0x0000000c   Code   RO         5134    i._ZN12RadioMessage13getSrcAddressEv  radiomessage.o
    0x08006a38   0x0000000c   Code   RO         5135    i._ZN12RadioMessage14getPayloadSizeEv  radiomessage.o
    0x08006a44   0x0000000c   Code   RO         5136    i._ZN12RadioMessage14getPayloadTypeEv  radiomessage.o
    0x08006a50   0x0000003a   Code   RO         5138    i._ZN12RadioMessage6setMsgEPhh  radiomessage.o
    0x08006a8a   0x00000032   Code   RO         5139    i._ZN12RadioMessage7getBodyEPh  radiomessage.o
    0x08006abc   0x0000003a   Code   RO         5140    i._ZN12RadioMessage7setBodyEPhh  radiomessage.o
    0x08006af6   0x0000002c   Code   RO         5142    i._ZN12RadioMessage9setHeaderEhhhhh  radiomessage.o
    0x08006b22   0x00000060   Code   RO         5143    i._ZN12RadioMessageC1EPKht  radiomessage.o
    0x08006b82   0x0000003a   Code   RO         5144    i._ZN12RadioMessageC1Ev  radiomessage.o
    0x08006bbc   0x00000002   Code   RO         5145    i._ZN12RadioMessageD1Ev  radiomessage.o
    0x08006bbe   0x00000010   Code   RO         5033    i._ZN13QueDataFrames7isEmptyEv  quedataframes.o
    0x08006bce   0x00000056   Code   RO         5034    i._ZN13QueDataFrames8PopFrameEPh  quedataframes.o
    0x08006c24   0x0000006a   Code   RO         5035    i._ZN13QueDataFrames9PushFrameEPht  quedataframes.o
    0x08006c8e   0x00000012   Code   RO         5036    i._ZN13QueDataFramesC1Ett  quedataframes.o
    0x08006ca0   0x0000003c   Code   RO         5037    i._ZN13QueDataFramesD1Ev  quedataframes.o
    0x08006cdc   0x00000016   Code   RO         4646    i._ZN13SLIPInterface11WaitForPackEv  slipinterface.o
    0x08006cf2   0x0000009a   Code   RO         4647    i._ZN13SLIPInterface14FindPackInDataEPhtS0_RtS1_  slipinterface.o
    0x08006d8c   0x000000ea   Code   RO         4648    i._ZN13SLIPInterface16CheckForSLIPDataEhPhRtRh  slipinterface.o
    0x08006e76   0x000000a2   Code   RO         4649    i._ZN13SLIPInterface8FormPackEPhtS0_Rtt  slipinterface.o
    0x08006f18   0x00000016   Code   RO         4650    i._ZN13SLIPInterfaceC1Ev  slipinterface.o
    0x08006f2e   0x00000008   Code   RO         5820    i._ZdaPv            cpprt_p.l(array_del.o)
    0x08006f36   0x00000008   Code   RO         5827    i._ZdlPv            cpprt_p.l(delete.o)
    0x08006f3e   0x00000008   Code   RO         5823    i._Znaj             cpprt_p.l(array_new.o)
    0x08006f46   0x00000002   PAD
    0x08006f48   0x00000028   Code   RO         5830    i._Znwj             cpprt_p.l(new.o)
    0x08006f70   0x00000028   Code   RO         6001    i.__0sprintf$5      mc_p.l(printf5.o)
    0x08006f98   0x0000002e   Code   RO         6227    i.__ARM_clz         mf_p.l(depilogue.o)
    0x08006fc6   0x0000001c   Code   RO         2955    i.__ARM_common_switch8  stm32f0xx_hal_tim.o
    0x08006fe2   0x0000002c   Code   RO         5834    i.__aeabi_atexit    cpprt_p.l(aeabi_atexit.o)
    0x0800700e   0x00000042   Code   RO         6162    i.__cxa_finalize    cpprt_p.l(cxa_finalize.o)
    0x08007050   0x0000000e   Code   RO         6392    i.__scatterload_copy  mc_p.l(handlers.o)
    0x0800705e   0x00000002   Code   RO         6393    i.__scatterload_null  mc_p.l(handlers.o)
    0x08007060   0x0000000e   Code   RO         6394    i.__scatterload_zeroinit  mc_p.l(handlers.o)
    0x0800706e   0x00000002   PAD
    0x08007070   0x00000024   Code   RO         5714    i.__sti___12_RadioLogic_c_a39c20e5  radiologic.o
    0x08007094   0x0000003c   Code   RO         5549    i.__sti___15_ProcessStates_c_3ab37fea  processstates.o
    0x080070d0   0x000002dc   Code   RO         6006    i._printf_core      mc_p.l(printf5.o)
    0x080073ac   0x0000000a   Code   RO         6008    i._sputc            mc_p.l(printf5.o)
    0x080073b6   0x00000002   PAD
    0x080073b8   0x00000054   Code   RO         6185    i.free              mc_p.l(malloc.o)
    0x0800740c   0x00000038   Code   RO         4225    i.isCplt_SPI_TransmitReceive  spi_periphery.o
    0x08007444   0x00000100   Code   RO         3291    i.main              main.o
    0x08007544   0x0000006c   Code   RO         6186    i.malloc            mc_p.l(malloc.o)
    0x080075b0   0x00000010   Data   RO         1415    .constdata          stm32f0xx_hal_rcc.o
    0x080075c0   0x000002ec   Data   RO         3781    .constdata          cc1120.o
    0x080078ac   0x000002ec   Data   RO         5323    .constdata          radiomodule.o
    0x08007b98   0x00000020   Data   RO         6390    Region$$Table       anon$$obj.o
    0x08007bb8   0x00000004   Data   RO         5570    .init_array         processstates.o
    0x08007bbc   0x00000004   Data   RO         5731    .init_array         radiologic.o
    0x08007bc0   0x00000000   Data   RO         6128    .init_array         mc_p.l(cpp_init.o)


    Execution Region RW_IRAM1 (Base: 0x20000000, Size: 0x00002d78, Max: 0x00004000, ABSOLUTE, COMPRESSED[0x00000080])

    Base Addr    Size         Type   Attr      Idx    E Section Name        Object

    0x20000000   0x00000004   Data   RW          947    .data               stm32f0xx_hal.o
    0x20000004   0x00000014   Data   RW         3249    .data               system_stm32f0xx.o
    0x20000018   0x00000004   Data   RW         3782    .data               cc1120.o
    0x2000001c   0x00000008   Data   RW         4010    .data               cmx7262.o
    0x20000024   0x00000002   Data   RW         4226    .data               spi_periphery.o
    0x20000026   0x00000002   PAD
    0x20000028   0x00000031   Data   RW         4901    .data               uart_intermodule.o
    0x20000059   0x00000003   PAD
    0x2000005c   0x00000018   Data   RW         5569    .data               processstates.o
    0x20000074   0x00000102   Data   RW         5730    .data               radiologic.o
    0x20000176   0x00000002   PAD
    0x20000178   0x00000004   Data   RW         6215    .data               mc_p.l(cpp_dtor.o)
    0x2000017c   0x00000004   Data   RW         6220    .data               mc_p.l(cpp_memory.o)
    0x20000180   0x00000008   Data   RW         6223    .data               mc_p.l(cpp_unwinder.o)
    0x20000188   0x00000004   Data   RW         6357    .data               mc_p.l(mvars.o)
    0x2000018c   0x00000004   Data   RW         6358    .data               mc_p.l(mvars.o)
    0x20000190   0x00000424   Zero   RW         3305    .bss                main.o
    0x200005b4   0x000001ff   Zero   RW         3780    .bss                cc1120.o
    0x200007b3   0x0000016a   Zero   RW         4900    .bss                uart_intermodule.o
    0x2000091d   0x00000003   PAD
    0x20000920   0x00001848   Zero   RW         5568    .bss                processstates.o
    0x20002168   0x00000010   Zero   RW         5729    .bss                radiologic.o
    0x20002178   0x00000600   Zero   RW         3717    HEAP                startup_stm32f071xb.o
    0x20002778   0x00000600   Zero   RW         3716    STACK               startup_stm32f071xb.o


==============================================================================

Image component sizes


      Code (inc. data)   RO Data    RW Data    ZI Data      Debug   Object Name

        62          0          0          0          0        850   ad5601.o
      3430        266        748          4        511      19635   cc1120.o
      2372        114          0          8          0      21079   cmx7262.o
       114          0          0          0          0       2964   fifobuffers.o
      1530        184          0          0       1060       8299   main.o
      1180        190          4         24       6216      18223   processstates.o
       286          0          0          0          0       4332   quedataframes.o
       694         44          4        258         16       6475   radiologic.o
       426          0          0          0          0       8432   radiomessage.o
      1048         52        748          0          0      32649   radiomodule.o
       594          0          0          0          0       6224   slipinterface.o
       302         50          0          2          0       4335   spi_periphery.o
      1494         80          0          0          0      14737   spimlogic.o
       712          0          0          0          0      17876   spimmessage.o
        28          8        188          0       3072        704   startup_stm32f071xb.o
        98         14          0          4          0       2978   stm32f0xx_hal.o
       264         30          0          0          0      10171   stm32f0xx_hal_cortex.o
      1042         12          0          0          0       3455   stm32f0xx_hal_dma.o
       568         34          0          0          0       3971   stm32f0xx_hal_gpio.o
       196          6          0          0          0       1447   stm32f0xx_hal_i2c.o
       142          0          0          0          0       1119   stm32f0xx_hal_i2c_ex.o
      1088        104          0          0          0     186656   stm32f0xx_hal_msp.o
      2660         98         16          0          0       5461   stm32f0xx_hal_rcc.o
       348         12          0          0          0       1412   stm32f0xx_hal_rcc_ex.o
      1870         52          0          0          0     240062   stm32f0xx_hal_spi.o
      1020         34          0          0          0       7339   stm32f0xx_hal_tim.o
        98          0          0          0          0       1132   stm32f0xx_hal_tim_ex.o
      2166         72          0          0          0      12232   stm32f0xx_hal_uart.o
       336          0          0          0          0       1682   stm32f0xx_hal_uart_ex.o
       188         58          0          0          0       3979   stm32f0xx_it.o
       120         18          0         20          0       1287   system_stm32f0xx.o
       136         40          0          0          0       2598   timers.o
       336         86          0         49        362       6734   uart_intermodule.o

    ----------------------------------------------------------------------
     26990       1658       1740        376      11240     660529   Object Totals
         0          0         32          0          0          0   (incl. Generated)
        42          0          0          7          3          0   (incl. Padding)

    ----------------------------------------------------------------------

      Code (inc. data)   RO Data    RW Data    ZI Data      Debug   Library Member Name

        44          0          0          0          0         76   aeabi_atexit.o
        84         12          0          0          0         96   arm_exceptions_globs.o
        66          0          0          0          0        100   arm_exceptions_mem.o
        28          0          0          0          0         68   arm_exceptions_terminate.o
         8          0          0          0          0         68   arm_newhandler_noexceptions.o
         8          0          0          0          0         68   array_del.o
         8          0          0          0          0         68   array_new.o
        66          0          0          0          0         76   cxa_finalize.o
         8          0          0          0          0         68   delete.o
        40          4          0          0          0         68   new.o
        86          0          0          0          0          0   __dczerorl2.o
         8          4          0          4          0         60   cpp_dtor.o
         2          0          0          0          0         60   cpp_final.o
        32         10          0          0          0         72   cpp_init.o
         8          4          0          4          0         60   cpp_memory.o
        32          6          0          8          0        228   cpp_unwinder.o
         0          0          0          0          0          0   entry.o
         0          0          0          0          0          0   entry10a.o
         0          0          0          0          0          0   entry11a.o
         8          4          0          0          0          0   entry2.o
         4          0          0          0          0          0   entry5.o
         0          0          0          0          0          0   entry7b.o
         4          0          0          0          0          0   entry8a.o
         0          0          0          0          0          0   entry8b.o
         8          4          0          0          0          0   entry9a.o
        30          0          0          0          0          0   handlers.o
        40          0          0          0          0         72   idiv.o
        36          8          0          0          0         68   init.o
         0          0          0          0          0          0   iusefp.o
        32          0          0          0          0         68   llshl.o
        38          0          0          0          0         68   llsshr.o
        34          0          0          0          0         68   llushr.o
       192         20          0          0          0        144   malloc.o
        64          0          0          0          0         68   memmovea.o
        36          0          0          0          0        100   memseta.o
         0          0          0          8          0          0   mvars.o
       782         48          0          0          0        228   printf5.o
        44          0          0          0          0         72   uidiv.o
        96          0          0          0          0         84   uldiv.o
        40          2          0          0          0         68   cdcmple.o
       356          4          0          0          0        140   dadd.o
       240          6          0          0          0         84   ddiv.o
       236          0          0          0          0        216   depilogue.o
        60         10          0          0          0         68   dfixui.o
        28          4          0          0          0         68   dfltui.o

    ----------------------------------------------------------------------
      2950        150          0         24          0       2920   Library Totals
        14          0          0          0          0          0   (incl. Padding)

    ----------------------------------------------------------------------

      Code (inc. data)   RO Data    RW Data    ZI Data      Debug   Library Name

       360         16          0          0          0        756   cpprt_p.l
      1616        108          0         24          0       1520   mc_p.l
       960         26          0          0          0        644   mf_p.l

    ----------------------------------------------------------------------
      2950        150          0         24          0       2920   Library Totals

    ----------------------------------------------------------------------

==============================================================================


      Code (inc. data)   RO Data    RW Data    ZI Data      Debug   

     29940       1808       1740        400      11240     648969   Grand Totals
     29940       1808       1740        128      11240     648969   ELF Image Totals (compressed)
     29940       1808       1740        128          0          0   ROM Totals

==============================================================================

    Total RO  Size (Code + RO Data)                31680 (  30.94kB)
    Total RW  Size (RW Data + ZI Data)             11640 (  11.37kB)
    Total ROM Size (Code + RO Data + RW Data)      31808 (  31.06kB)

==============================================================================

